Archive member included to satisfy reference by file (symbol)

c:/users/helon/.vscode/extensions/metalcode-eu.windows-arm-none-eabi-0.1.2/bin/../lib/gcc/arm-none-eabi/7.3.1/../../../../arm-none-eabi/lib/thumb/v7e-m/fpv4-sp/hard\libc_nano.a(lib_a-exit.o)
                              c:/users/helon/.vscode/extensions/metalcode-eu.windows-arm-none-eabi-0.1.2/bin/../lib/gcc/arm-none-eabi/7.3.1/../../../../arm-none-eabi/lib/thumb/v7e-m/fpv4-sp/hard/crt0.o (exit)
c:/users/helon/.vscode/extensions/metalcode-eu.windows-arm-none-eabi-0.1.2/bin/../lib/gcc/arm-none-eabi/7.3.1/../../../../arm-none-eabi/lib/thumb/v7e-m/fpv4-sp/hard\libc_nano.a(lib_a-impure.o)
                              c:/users/helon/.vscode/extensions/metalcode-eu.windows-arm-none-eabi-0.1.2/bin/../lib/gcc/arm-none-eabi/7.3.1/../../../../arm-none-eabi/lib/thumb/v7e-m/fpv4-sp/hard\libc_nano.a(lib_a-exit.o) (_global_impure_ptr)
c:/users/helon/.vscode/extensions/metalcode-eu.windows-arm-none-eabi-0.1.2/bin/../lib/gcc/arm-none-eabi/7.3.1/../../../../arm-none-eabi/lib/thumb/v7e-m/fpv4-sp/hard\libc_nano.a(lib_a-init.o)
                              c:/users/helon/.vscode/extensions/metalcode-eu.windows-arm-none-eabi-0.1.2/bin/../lib/gcc/arm-none-eabi/7.3.1/../../../../arm-none-eabi/lib/thumb/v7e-m/fpv4-sp/hard/crt0.o (__libc_init_array)
c:/users/helon/.vscode/extensions/metalcode-eu.windows-arm-none-eabi-0.1.2/bin/../lib/gcc/arm-none-eabi/7.3.1/../../../../arm-none-eabi/lib/thumb/v7e-m/fpv4-sp/hard\libc_nano.a(lib_a-locale.o)
                              _build/nrf52840_xxaa/nrf_log_str_formatter.c.o (__locale_ctype_ptr)
c:/users/helon/.vscode/extensions/metalcode-eu.windows-arm-none-eabi-0.1.2/bin/../lib/gcc/arm-none-eabi/7.3.1/../../../../arm-none-eabi/lib/thumb/v7e-m/fpv4-sp/hard\libc_nano.a(lib_a-mbtowc_r.o)
                              c:/users/helon/.vscode/extensions/metalcode-eu.windows-arm-none-eabi-0.1.2/bin/../lib/gcc/arm-none-eabi/7.3.1/../../../../arm-none-eabi/lib/thumb/v7e-m/fpv4-sp/hard\libc_nano.a(lib_a-locale.o) (__ascii_mbtowc)
c:/users/helon/.vscode/extensions/metalcode-eu.windows-arm-none-eabi-0.1.2/bin/../lib/gcc/arm-none-eabi/7.3.1/../../../../arm-none-eabi/lib/thumb/v7e-m/fpv4-sp/hard\libc_nano.a(lib_a-memcpy-stub.o)
                              _build/nrf52840_xxaa/nrf_memobj.c.o (memcpy)
c:/users/helon/.vscode/extensions/metalcode-eu.windows-arm-none-eabi-0.1.2/bin/../lib/gcc/arm-none-eabi/7.3.1/../../../../arm-none-eabi/lib/thumb/v7e-m/fpv4-sp/hard\libc_nano.a(lib_a-memset.o)
                              c:/users/helon/.vscode/extensions/metalcode-eu.windows-arm-none-eabi-0.1.2/bin/../lib/gcc/arm-none-eabi/7.3.1/../../../../arm-none-eabi/lib/thumb/v7e-m/fpv4-sp/hard/crt0.o (memset)
c:/users/helon/.vscode/extensions/metalcode-eu.windows-arm-none-eabi-0.1.2/bin/../lib/gcc/arm-none-eabi/7.3.1/../../../../arm-none-eabi/lib/thumb/v7e-m/fpv4-sp/hard\libc_nano.a(lib_a-strcmp.o)
                              c:/users/helon/.vscode/extensions/metalcode-eu.windows-arm-none-eabi-0.1.2/bin/../lib/gcc/arm-none-eabi/7.3.1/../../../../arm-none-eabi/lib/thumb/v7e-m/fpv4-sp/hard\libc_nano.a(lib_a-locale.o) (strcmp)
c:/users/helon/.vscode/extensions/metalcode-eu.windows-arm-none-eabi-0.1.2/bin/../lib/gcc/arm-none-eabi/7.3.1/../../../../arm-none-eabi/lib/thumb/v7e-m/fpv4-sp/hard\libc_nano.a(lib_a-strcpy.o)
                              _build/nrf52840_xxaa/SEGGER_RTT.c.o (strcpy)
c:/users/helon/.vscode/extensions/metalcode-eu.windows-arm-none-eabi-0.1.2/bin/../lib/gcc/arm-none-eabi/7.3.1/../../../../arm-none-eabi/lib/thumb/v7e-m/fpv4-sp/hard\libc_nano.a(lib_a-strlen.o)
                              _build/nrf52840_xxaa/nrf_fprintf_format.c.o (strlen)
c:/users/helon/.vscode/extensions/metalcode-eu.windows-arm-none-eabi-0.1.2/bin/../lib/gcc/arm-none-eabi/7.3.1/../../../../arm-none-eabi/lib/thumb/v7e-m/fpv4-sp/hard\libc_nano.a(lib_a-wctomb_r.o)
                              c:/users/helon/.vscode/extensions/metalcode-eu.windows-arm-none-eabi-0.1.2/bin/../lib/gcc/arm-none-eabi/7.3.1/../../../../arm-none-eabi/lib/thumb/v7e-m/fpv4-sp/hard\libc_nano.a(lib_a-locale.o) (__ascii_wctomb)
c:/users/helon/.vscode/extensions/metalcode-eu.windows-arm-none-eabi-0.1.2/bin/../lib/gcc/arm-none-eabi/7.3.1/../../../../arm-none-eabi/lib/thumb/v7e-m/fpv4-sp/hard\libc_nano.a(lib_a-ctype_.o)
                              c:/users/helon/.vscode/extensions/metalcode-eu.windows-arm-none-eabi-0.1.2/bin/../lib/gcc/arm-none-eabi/7.3.1/../../../../arm-none-eabi/lib/thumb/v7e-m/fpv4-sp/hard\libc_nano.a(lib_a-locale.o) (_ctype_)
c:/users/helon/.vscode/extensions/metalcode-eu.windows-arm-none-eabi-0.1.2/bin/../lib/gcc/arm-none-eabi/7.3.1/../../../../arm-none-eabi/lib/thumb/v7e-m/fpv4-sp/hard\libnosys.a(_exit.o)
                              c:/users/helon/.vscode/extensions/metalcode-eu.windows-arm-none-eabi-0.1.2/bin/../lib/gcc/arm-none-eabi/7.3.1/../../../../arm-none-eabi/lib/thumb/v7e-m/fpv4-sp/hard\libc_nano.a(lib_a-exit.o) (_exit)

Allocating common symbols
[...]
Memory Configuration

Name             Origin             Length             Attributes
FLASH            0x00000000         0x00100000         xr
RAM              0x20002210         0x0003ddf0         xrw
*default*        0x00000000         0xffffffff

Linker script and memory map


.text           0x00000000     0x256c
 *(.isr_vector)
 .isr_vector    0x00000000      0x200 _build/nrf52840_xxaa/gcc_startup_nrf52840.S.o
                0x00000000                __isr_vector
 *(.text*)
 .text          0x00000200       0x40 c:/users/helon/.vscode/extensions/metalcode-eu.windows-arm-none-eabi-0.1.2/bin/../lib/gcc/arm-none-eabi/7.3.1/thumb/v7e-m/fpv4-sp/hard/crtbegin.o
 .text          0x00000240       0x74 c:/users/helon/.vscode/extensions/metalcode-eu.windows-arm-none-eabi-0.1.2/bin/../lib/gcc/arm-none-eabi/7.3.1/../../../../arm-none-eabi/lib/thumb/v7e-m/fpv4-sp/hard/crt0.o
                0x00000240                _start
                0x00000240                _mainCRTStartup
 .text.errata_98
                0x000002b4       0x20 _build/nrf52840_xxaa/system_nrf52840.c.o
 .text.SystemInit
                0x000002d4      0x1b8 _build/nrf52840_xxaa/system_nrf52840.c.o
                0x000002d4                SystemInit
 .text          0x0000048c       0x3c _build/nrf52840_xxaa/gcc_startup_nrf52840.S.o
                0x0000048c                Reset_Handler
                0x000004b4                NMI_Handler
                0x000004b6                HardFault_Handler
                0x000004b8                MemoryManagement_Handler
                0x000004ba                BusFault_Handler
                0x000004bc                UsageFault_Handler
                0x000004be                SVC_Handler
                0x000004c0                DebugMon_Handler
                0x000004c2                PendSV_Handler
                0x000004c4                SysTick_Handler
                0x000004c6                SWI0_EGU0_IRQHandler
                0x000004c6                POWER_CLOCK_IRQHandler
                0x000004c6                RADIO_IRQHandler
                0x000004c6                PDM_IRQHandler
                0x000004c6                TEMP_IRQHandler
                0x000004c6                QDEC_IRQHandler
                0x000004c6                TIMER3_IRQHandler
                0x000004c6                PWM3_IRQHandler
                0x000004c6                FPU_IRQHandler
                0x000004c6                USBD_IRQHandler
                0x000004c6                SPIM0_SPIS0_TWIM0_TWIS0_SPI0_TWI0_IRQHandler
                0x000004c6                GPIOTE_IRQHandler
                0x000004c6                PWM1_IRQHandler
                0x000004c6                CRYPTOCELL_IRQHandler
                0x000004c6                RTC0_IRQHandler
                0x000004c6                SWI4_EGU4_IRQHandler
                0x000004c6                TIMER0_IRQHandler
                0x000004c6                SWI2_EGU2_IRQHandler
                0x000004c6                UARTE1_IRQHandler
                0x000004c6                TIMER1_IRQHandler
                0x000004c6                SPIM3_IRQHandler
                0x000004c6                PWM2_IRQHandler
                0x000004c6                ECB_IRQHandler
                0x000004c6                SPIM1_SPIS1_TWIM1_TWIS1_SPI1_TWI1_IRQHandler
                0x000004c6                Default_Handler
                0x000004c6                SAADC_IRQHandler
                0x000004c6                CCM_AAR_IRQHandler
                0x000004c6                WDT_IRQHandler
                0x000004c6                TIMER4_IRQHandler
                0x000004c6                SWI5_EGU5_IRQHandler
                0x000004c6                RNG_IRQHandler
                0x000004c6                RTC2_IRQHandler
                0x000004c6                PWM0_IRQHandler
                0x000004c6                SWI3_EGU3_IRQHandler
                0x000004c6                RTC1_IRQHandler
                0x000004c6                SWI1_EGU1_IRQHandler
                0x000004c6                SPIM2_SPIS2_SPI2_IRQHandler
                0x000004c6                NFCT_IRQHandler
                0x000004c6                I2S_IRQHandler
                0x000004c6                MWU_IRQHandler
                0x000004c6                TIMER2_IRQHandler
                0x000004c6                QSPI_IRQHandler
                0x000004c6                COMP_LPCOMP_IRQHandler
 .text.uarte_evt_handler
                0x000004c8       0x34 _build/nrf52840_xxaa/nrf_drv_uart.c.o
 .text.uart_evt_handler
                0x000004fc       0x34 _build/nrf52840_xxaa/nrf_drv_uart.c.o
 .text.nrf_drv_uart_init
                0x00000530       0x7c _build/nrf52840_xxaa/nrf_drv_uart.c.o
                0x00000530                nrf_drv_uart_init
 .text.nrf_uarte_event_clear
                0x000005ac       0x10 _build/nrf52840_xxaa/nrfx_uarte.c.o
 .text.rx_done_event.constprop.6
                0x000005bc       0x24 _build/nrf52840_xxaa/nrfx_uarte.c.o
 .text.nrfx_uarte_0_irq_handler
                0x000005e0       0xec _build/nrf52840_xxaa/nrfx_uarte.c.o
                0x000005e0                nrfx_uarte_0_irq_handler
 .text.nrf_gpio_cfg_default
                0x000006cc       0x20 _build/nrf52840_xxaa/nrfx_uarte.c.o
 .text.nrfx_uarte_init
                0x000006ec      0x1ec _build/nrf52840_xxaa/nrfx_uarte.c.o
                0x000006ec                nrfx_uarte_init
 .text.nrfx_uarte_uninit
                0x000008d8       0xb4 _build/nrf52840_xxaa/nrfx_uarte.c.o
                0x000008d8                nrfx_uarte_uninit
 .text.nrfx_uarte_tx
                0x0000098c       0x8c _build/nrf52840_xxaa/nrfx_uarte.c.o
                0x0000098c                nrfx_uarte_tx
 .text.nrf_uart_event_clear
                0x00000a18       0x10 _build/nrf52840_xxaa/nrfx_uart.c.o
 .text.tx_byte  0x00000a28       0x1e _build/nrf52840_xxaa/nrfx_uart.c.o
 .text.rx_byte  0x00000a46       0x2c _build/nrf52840_xxaa/nrfx_uart.c.o
 *fill*         0x00000a72        0x2 
 .text.rx_done_event.constprop.7
                0x00000a74       0x20 _build/nrf52840_xxaa/nrfx_uart.c.o
 .text.nrfx_uart_0_irq_handler
                0x00000a94      0x140 _build/nrf52840_xxaa/nrfx_uart.c.o
                0x00000a94                nrfx_uart_0_irq_handler
 .text.nrf_gpio_cfg_default
                0x00000bd4       0x20 _build/nrf52840_xxaa/nrfx_uart.c.o
 .text.nrfx_uart_init
                0x00000bf4      0x1dc _build/nrf52840_xxaa/nrfx_uart.c.o
                0x00000bf4                nrfx_uart_init
 .text.nrfx_uart_uninit
                0x00000dd0       0xb4 _build/nrf52840_xxaa/nrfx_uart.c.o
                0x00000dd0                nrfx_uart_uninit
 .text.nrfx_uart_tx
                0x00000e84       0x94 _build/nrf52840_xxaa/nrfx_uart.c.o
                0x00000e84                nrfx_uart_tx
 .text.UARTE0_UART0_IRQHandler
                0x00000f18        0xc _build/nrf52840_xxaa/nrfx_prs.c.o
                0x00000f18                UARTE0_UART0_IRQHandler
 .text.nrfx_prs_acquire
                0x00000f24       0x40 _build/nrf52840_xxaa/nrfx_prs.c.o
                0x00000f24                nrfx_prs_acquire
 .text.nrfx_prs_release
                0x00000f64       0x18 _build/nrf52840_xxaa/nrfx_prs.c.o
                0x00000f64                nrfx_prs_release
 .text.app_error_handler_bare
                0x00000f7c       0x1a _build/nrf52840_xxaa/app_error.c.o
                0x00000f7c                app_error_handler_bare
 .text.memobj_op
                0x00000f96       0x82 _build/nrf52840_xxaa/nrf_memobj.c.o
 .text.nrf_memobj_pool_init
                0x00001018        0x4 _build/nrf52840_xxaa/nrf_memobj.c.o
                0x00001018                nrf_memobj_pool_init
 .text.nrf_memobj_free
                0x0000101c       0x2c _build/nrf52840_xxaa/nrf_memobj.c.o
                0x0000101c                nrf_memobj_free
 .text.nrf_memobj_alloc
                0x00001048       0x5e _build/nrf52840_xxaa/nrf_memobj.c.o
                0x00001048                nrf_memobj_alloc
 .text.nrf_memobj_get
                0x000010a6        0x8 _build/nrf52840_xxaa/nrf_memobj.c.o
                0x000010a6                nrf_memobj_get
 .text.nrf_memobj_put
                0x000010ae       0x1e _build/nrf52840_xxaa/nrf_memobj.c.o
                0x000010ae                nrf_memobj_put
 .text.nrf_memobj_write
                0x000010cc       0x16 _build/nrf52840_xxaa/nrf_memobj.c.o
                0x000010cc                nrf_memobj_write
 .text.nrf_memobj_read
                0x000010e2       0x16 _build/nrf52840_xxaa/nrf_memobj.c.o
                0x000010e2                nrf_memobj_read
 .text.nrf_fprintf_buffer_flush
                0x000010f8       0x16 _build/nrf52840_xxaa/nrf_fprintf.c.o
                0x000010f8                nrf_fprintf_buffer_flush
 .text.nrf_fprintf
                0x0000110e       0x1e _build/nrf52840_xxaa/nrf_fprintf.c.o
                0x0000110e                nrf_fprintf
 .text.buffer_add
                0x0000112c       0x1e _build/nrf52840_xxaa/nrf_fprintf_format.c.o
 *fill*         0x0000114a        0x2 
 .text.unsigned_print
                0x0000114c       0xac _build/nrf52840_xxaa/nrf_fprintf_format.c.o
 .text.nrf_fprintf_fmt
                0x000011f8      0x28a _build/nrf52840_xxaa/nrf_fprintf_format.c.o
                0x000011f8                nrf_fprintf_fmt
 *fill*         0x00001482        0x2 
 .text.app_error_fault_handler
                0x00001484       0x70 _build/nrf52840_xxaa/app_error_weak.c.o
                0x00001484                app_error_fault_handler
 .text.app_util_critical_region_enter
                0x000014f4       0x48 _build/nrf52840_xxaa/app_util_platform.c.o
                0x000014f4                app_util_critical_region_enter
 .text.app_util_critical_region_exit
                0x0000153c       0x2c _build/nrf52840_xxaa/app_util_platform.c.o
                0x0000153c                app_util_critical_region_exit
 .text.nrf_atomic_u32_fetch_store
                0x00001568       0x14 _build/nrf52840_xxaa/nrf_atomic.c.o
                0x00001568                nrf_atomic_u32_fetch_store
 .text.nrf_atomic_u32_or
                0x0000157c       0x16 _build/nrf52840_xxaa/nrf_atomic.c.o
                0x0000157c                nrf_atomic_u32_or
 .text.nrf_atomic_u32_fetch_and
                0x00001592       0x16 _build/nrf52840_xxaa/nrf_atomic.c.o
                0x00001592                nrf_atomic_u32_fetch_and
 .text.nrf_atomic_u32_add
                0x000015a8       0x16 _build/nrf52840_xxaa/nrf_atomic.c.o
                0x000015a8                nrf_atomic_u32_add
 .text.nrf_atomic_u32_sub
                0x000015be       0x16 _build/nrf52840_xxaa/nrf_atomic.c.o
                0x000015be                nrf_atomic_u32_sub
 .text.nrf_atomic_flag_set
                0x000015d4        0x6 _build/nrf52840_xxaa/nrf_atomic.c.o
                0x000015d4                nrf_atomic_flag_set
 .text.nrf_atomic_flag_clear_fetch
                0x000015da        0x6 _build/nrf52840_xxaa/nrf_atomic.c.o
                0x000015da                nrf_atomic_flag_clear_fetch
 .text.nrf_balloc_init
                0x000015e0       0x2e _build/nrf52840_xxaa/nrf_balloc.c.o
                0x000015e0                nrf_balloc_init
 .text.nrf_balloc_alloc
                0x0000160e       0x4a _build/nrf52840_xxaa/nrf_balloc.c.o
                0x0000160e                nrf_balloc_alloc
 .text.nrf_balloc_free
                0x00001658       0x32 _build/nrf52840_xxaa/nrf_balloc.c.o
                0x00001658                nrf_balloc_free
 .text.nrf_ringbuf_init
                0x0000168a       0x1c _build/nrf52840_xxaa/nrf_ringbuf.c.o
                0x0000168a                nrf_ringbuf_init
 .text.nrf_log_backend_serial_put
                0x000016a6       0xcc _build/nrf52840_xxaa/nrf_log_backend_serial.c.o
                0x000016a6                nrf_log_backend_serial_put
 .text.nrf_log_backend_uart_flush
                0x00001772        0x2 _build/nrf52840_xxaa/nrf_log_backend_uart.c.o
 .text.nrf_log_backend_uart_put
                0x00001774       0x1c _build/nrf52840_xxaa/nrf_log_backend_uart.c.o
 .text.uart_init.constprop.0
                0x00001790       0x40 _build/nrf52840_xxaa/nrf_log_backend_uart.c.o
 .text.serial_tx
                0x000017d0       0x48 _build/nrf52840_xxaa/nrf_log_backend_uart.c.o
 .text.nrf_log_backend_uart_panic_set
                0x00001818       0x2c _build/nrf52840_xxaa/nrf_log_backend_uart.c.o
 .text.nrf_log_backend_uart_init
                0x00001844        0x4 _build/nrf52840_xxaa/nrf_log_backend_uart.c.o
                0x00001844                nrf_log_backend_uart_init
 .text.nrf_log_default_backends_init
                0x00001848       0x20 _build/nrf52840_xxaa/nrf_log_default_backends.c.o
                0x00001848                nrf_log_default_backends_init
 .text.invalid_packets_omit
                0x00001868       0x3a _build/nrf52840_xxaa/nrf_log_frontend.c.o
 *fill*         0x000018a2        0x2 
 .text.buf_prealloc
                0x000018a4      0x134 _build/nrf52840_xxaa/nrf_log_frontend.c.o
 .text.nrf_log_init
                0x000019d8       0x3c _build/nrf52840_xxaa/nrf_log_frontend.c.o
                0x000019d8                nrf_log_init
 .text.nrf_log_module_name_get
                0x00001a14       0x38 _build/nrf52840_xxaa/nrf_log_frontend.c.o
                0x00001a14                nrf_log_module_name_get
 .text.nrf_log_color_id_get
                0x00001a4c       0x2c _build/nrf52840_xxaa/nrf_log_frontend.c.o
                0x00001a4c                nrf_log_color_id_get
 .text.buffer_is_empty
                0x00001a78       0x14 _build/nrf52840_xxaa/nrf_log_frontend.c.o
                0x00001a78                buffer_is_empty
 .text.nrf_log_frontend_dequeue
                0x00001a8c      0x228 _build/nrf52840_xxaa/nrf_log_frontend.c.o
                0x00001a8c                nrf_log_frontend_dequeue
 .text.std_n    0x00001cb4       0xb0 _build/nrf52840_xxaa/nrf_log_frontend.c.o
 .text.nrf_log_frontend_std_0
                0x00001d64        0x8 _build/nrf52840_xxaa/nrf_log_frontend.c.o
                0x00001d64                nrf_log_frontend_std_0
 .text.nrf_log_backend_add
                0x00001d6c       0x54 _build/nrf52840_xxaa/nrf_log_frontend.c.o
                0x00001d6c                nrf_log_backend_add
 .text.nrf_log_panic
                0x00001dc0       0x2c _build/nrf52840_xxaa/nrf_log_frontend.c.o
                0x00001dc0                nrf_log_panic
 .text.postfix_process
                0x00001dec       0x3c _build/nrf52840_xxaa/nrf_log_str_formatter.c.o
 .text.prefix_process
                0x00001e28       0x78 _build/nrf52840_xxaa/nrf_log_str_formatter.c.o
 .text.nrf_log_std_entry_process
                0x00001ea0       0xc8 _build/nrf52840_xxaa/nrf_log_str_formatter.c.o
                0x00001ea0                nrf_log_std_entry_process
 .text.nrf_log_hexdump_entry_process
                0x00001f68       0xb0 _build/nrf52840_xxaa/nrf_log_str_formatter.c.o
                0x00001f68                nrf_log_hexdump_entry_process
 .text.log_init
                0x00002018       0x1a _build/nrf52840_xxaa/user_log.c.o
                0x00002018                log_init
 *fill*         0x00002032        0x2 
 .text.startup.main
                0x00002034       0x5c _build/nrf52840_xxaa/main.c.o
                0x00002034                main
 .text.exit     0x00002090       0x28 c:/users/helon/.vscode/extensions/metalcode-eu.windows-arm-none-eabi-0.1.2/bin/../lib/gcc/arm-none-eabi/7.3.1/../../../../arm-none-eabi/lib/thumb/v7e-m/fpv4-sp/hard\libc_nano.a(lib_a-exit.o)
                0x00002090                exit
 .text.__libc_init_array
                0x000020b8       0x48 c:/users/helon/.vscode/extensions/metalcode-eu.windows-arm-none-eabi-0.1.2/bin/../lib/gcc/arm-none-eabi/7.3.1/../../../../arm-none-eabi/lib/thumb/v7e-m/fpv4-sp/hard\libc_nano.a(lib_a-init.o)
                0x000020b8                __libc_init_array
 .text.__locale_ctype_ptr
                0x00002100       0x1c c:/users/helon/.vscode/extensions/metalcode-eu.windows-arm-none-eabi-0.1.2/bin/../lib/gcc/arm-none-eabi/7.3.1/../../../../arm-none-eabi/lib/thumb/v7e-m/fpv4-sp/hard\libc_nano.a(lib_a-locale.o)
                0x00002100                __locale_ctype_ptr
 .text.__ascii_mbtowc
                0x0000211c       0x24 c:/users/helon/.vscode/extensions/metalcode-eu.windows-arm-none-eabi-0.1.2/bin/../lib/gcc/arm-none-eabi/7.3.1/../../../../arm-none-eabi/lib/thumb/v7e-m/fpv4-sp/hard\libc_nano.a(lib_a-mbtowc_r.o)
                0x0000211c                __ascii_mbtowc
 .text.memcpy   0x00002140       0x16 c:/users/helon/.vscode/extensions/metalcode-eu.windows-arm-none-eabi-0.1.2/bin/../lib/gcc/arm-none-eabi/7.3.1/../../../../arm-none-eabi/lib/thumb/v7e-m/fpv4-sp/hard\libc_nano.a(lib_a-memcpy-stub.o)
                0x00002140                memcpy
 .text.memset   0x00002156       0x10 c:/users/helon/.vscode/extensions/metalcode-eu.windows-arm-none-eabi-0.1.2/bin/../lib/gcc/arm-none-eabi/7.3.1/../../../../arm-none-eabi/lib/thumb/v7e-m/fpv4-sp/hard\libc_nano.a(lib_a-memset.o)
                0x00002156                memset
 .text          0x00002166       0x10 c:/users/helon/.vscode/extensions/metalcode-eu.windows-arm-none-eabi-0.1.2/bin/../lib/gcc/arm-none-eabi/7.3.1/../../../../arm-none-eabi/lib/thumb/v7e-m/fpv4-sp/hard\libc_nano.a(lib_a-strlen.o)
                0x00002166                strlen
 .text.__ascii_wctomb
                0x00002176       0x1a c:/users/helon/.vscode/extensions/metalcode-eu.windows-arm-none-eabi-0.1.2/bin/../lib/gcc/arm-none-eabi/7.3.1/../../../../arm-none-eabi/lib/thumb/v7e-m/fpv4-sp/hard\libc_nano.a(lib_a-wctomb_r.o)
                0x00002176                __ascii_wctomb
 .text._exit    0x00002190        0x4 c:/users/helon/.vscode/extensions/metalcode-eu.windows-arm-none-eabi-0.1.2/bin/../lib/gcc/arm-none-eabi/7.3.1/../../../../arm-none-eabi/lib/thumb/v7e-m/fpv4-sp/hard\libnosys.a(_exit.o)
                0x00002190                _exit
 *(.init)
 .init          0x00002194        0x4 c:/users/helon/.vscode/extensions/metalcode-eu.windows-arm-none-eabi-0.1.2/bin/../lib/gcc/arm-none-eabi/7.3.1/thumb/v7e-m/fpv4-sp/hard/crti.o
                0x00002194                _init
 .init          0x00002198        0x8 c:/users/helon/.vscode/extensions/metalcode-eu.windows-arm-none-eabi-0.1.2/bin/../lib/gcc/arm-none-eabi/7.3.1/thumb/v7e-m/fpv4-sp/hard/crtn.o
 *(.fini)
 .fini          0x000021a0        0x4 c:/users/helon/.vscode/extensions/metalcode-eu.windows-arm-none-eabi-0.1.2/bin/../lib/gcc/arm-none-eabi/7.3.1/thumb/v7e-m/fpv4-sp/hard/crti.o
                0x000021a0                _fini
 .fini          0x000021a4        0x8 c:/users/helon/.vscode/extensions/metalcode-eu.windows-arm-none-eabi-0.1.2/bin/../lib/gcc/arm-none-eabi/7.3.1/thumb/v7e-m/fpv4-sp/hard/crtn.o
 *crtbegin.o(.ctors)
 *crtbegin?.o(.ctors)
 *(EXCLUDE_FILE(*crtend.o *crtend?.o) .ctors)
 *(SORT_BY_NAME(.ctors.*))
 *(.ctors)
 *crtbegin.o(.dtors)
 *crtbegin?.o(.dtors)
 *(EXCLUDE_FILE(*crtend.o *crtend?.o) .dtors)
 *(SORT_BY_NAME(.dtors.*))
 *(.dtors)
 *(.rodata*)
 .rodata.str1.1
                0x000021ac        0x6 _build/nrf52840_xxaa/nrfx_uarte.c.o
 .rodata.str1.1
                0x000021b2        0x5 _build/nrf52840_xxaa/nrfx_uart.c.o
 .rodata.str1.1
                0x000021b7        0x4 _build/nrf52840_xxaa/nrfx_prs.c.o
 .rodata._aV2C.7655
                0x000021bb       0x10 _build/nrf52840_xxaa/nrf_fprintf_format.c.o
 .rodata.app_error_fault_handler.str1.1
                0x000021cb       0x19 _build/nrf52840_xxaa/app_error_weak.c.o
 .rodata        0x000021e4       0x20 _build/nrf52840_xxaa/nrf_log_backend_uart.c.o
 .rodata.nrf_log_backend_uart_api
                0x00002204        0xc _build/nrf52840_xxaa/nrf_log_backend_uart.c.o
                0x00002204                nrf_log_backend_uart_api
 .rodata.str1.1
                0x00002210       0x11 _build/nrf52840_xxaa/nrf_log_default_backends.c.o
 *fill*         0x00002221        0x3 
 .rodata.m_log_push_ringbuf
                0x00002224        0xc _build/nrf52840_xxaa/nrf_log_frontend.c.o
 .rodata.nrf_log_frontend_dequeue.str1.1
                0x00002230       0x11 _build/nrf52840_xxaa/nrf_log_frontend.c.o
 .rodata.str1.1
                0x00002241        0x4 _build/nrf52840_xxaa/nrf_log_frontend.c.o
 *fill*         0x00002245        0x3 
 .rodata.m_colors
                0x00002248       0x24 _build/nrf52840_xxaa/nrf_log_str_formatter.c.o
 .rodata.nrf_log_hexdump_entry_process.str1.1
                0x0000226c        0xf _build/nrf52840_xxaa/nrf_log_str_formatter.c.o
                                 0x11 (size before relaxing)
 .rodata.postfix_process.str1.1
                0x0000227b        0x8 _build/nrf52840_xxaa/nrf_log_str_formatter.c.o
                                  0xb (size before relaxing)
 .rodata.prefix_process.str1.1
                0x00002283       0x2a _build/nrf52840_xxaa/nrf_log_str_formatter.c.o
 *fill*         0x000022ad        0x3 
 .rodata.severity_names
                0x000022b0       0x14 _build/nrf52840_xxaa/nrf_log_str_formatter.c.o
 .rodata.str1.1
                0x000022c4       0x4b _build/nrf52840_xxaa/nrf_log_str_formatter.c.o
                                 0x51 (size before relaxing)
 .rodata.main.str1.1
                0x0000230f      0x148 _build/nrf52840_xxaa/main.c.o
 *fill*         0x00002457        0x1 
 .rodata._global_impure_ptr
                0x00002458        0x4 c:/users/helon/.vscode/extensions/metalcode-eu.windows-arm-none-eabi-0.1.2/bin/../lib/gcc/arm-none-eabi/7.3.1/../../../../arm-none-eabi/lib/thumb/v7e-m/fpv4-sp/hard\libc_nano.a(lib_a-impure.o)
                0x00002458                _global_impure_ptr
 .rodata._setlocale_r.str1.1
                0x0000245c        0x8 c:/users/helon/.vscode/extensions/metalcode-eu.windows-arm-none-eabi-0.1.2/bin/../lib/gcc/arm-none-eabi/7.3.1/../../../../arm-none-eabi/lib/thumb/v7e-m/fpv4-sp/hard\libc_nano.a(lib_a-locale.o)
                                  0x9 (size before relaxing)
 .rodata.str1.1
                0x00002464        0x2 c:/users/helon/.vscode/extensions/metalcode-eu.windows-arm-none-eabi-0.1.2/bin/../lib/gcc/arm-none-eabi/7.3.1/../../../../arm-none-eabi/lib/thumb/v7e-m/fpv4-sp/hard\libc_nano.a(lib_a-locale.o)
 .rodata._ctype_
                0x00002466      0x101 c:/users/helon/.vscode/extensions/metalcode-eu.windows-arm-none-eabi-0.1.2/bin/../lib/gcc/arm-none-eabi/7.3.1/../../../../arm-none-eabi/lib/thumb/v7e-m/fpv4-sp/hard\libc_nano.a(lib_a-ctype_.o)
                0x00002466                _ctype_
 *(.eh_frame*)
 *fill*         0x00002567        0x1 
 .eh_frame      0x00002568        0x0 c:/users/helon/.vscode/extensions/metalcode-eu.windows-arm-none-eabi-0.1.2/bin/../lib/gcc/arm-none-eabi/7.3.1/thumb/v7e-m/fpv4-sp/hard/crtbegin.o
 .eh_frame      0x00002568        0x4 c:/users/helon/.vscode/extensions/metalcode-eu.windows-arm-none-eabi-0.1.2/bin/../lib/gcc/arm-none-eabi/7.3.1/thumb/v7e-m/fpv4-sp/hard/crtend.o

.glue_7         0x0000256c        0x0
 .glue_7        0x0000256c        0x0 linker stubs

.glue_7t        0x0000256c        0x0
 .glue_7t       0x0000256c        0x0 linker stubs

.vfp11_veneer   0x0000256c        0x0
 .vfp11_veneer  0x0000256c        0x0 linker stubs

.v4_bx          0x0000256c        0x0
 .v4_bx         0x0000256c        0x0 linker stubs

.iplt           0x0000256c        0x0
 .iplt          0x0000256c        0x0 c:/users/helon/.vscode/extensions/metalcode-eu.windows-arm-none-eabi-0.1.2/bin/../lib/gcc/arm-none-eabi/7.3.1/thumb/v7e-m/fpv4-sp/hard/crtbegin.o

.mem_section_dummy_rom

.sdh_soc_observers
                0x0000256c        0x0
                [!provide]                PROVIDE (__start_sdh_soc_observers = .)
 *(SORT_BY_NAME(.sdh_soc_observers*))
                [!provide]                PROVIDE (__stop_sdh_soc_observers = .)

.pwr_mgmt_data  0x0000256c        0x0
                [!provide]                PROVIDE (__start_pwr_mgmt_data = .)
 *(SORT_BY_NAME(.pwr_mgmt_data*))
                [!provide]                PROVIDE (__stop_pwr_mgmt_data = .)

.sdh_ble_observers
                0x0000256c        0x0
                [!provide]                PROVIDE (__start_sdh_ble_observers = .)
 *(SORT_BY_NAME(.sdh_ble_observers*))
                [!provide]                PROVIDE (__stop_sdh_ble_observers = .)

.log_const_data
                0x0000256c       0x20
                0x0000256c                PROVIDE (__start_log_const_data = .)
 *(SORT_BY_NAME(.log_const_data*))
 .log_const_data_PRS
                0x0000256c        0x8 _build/nrf52840_xxaa/nrfx_prs.c.o
                0x0000256c                m_nrf_log_PRS_logs_data_const
 .log_const_data_UART
                0x00002574        0x8 _build/nrf52840_xxaa/nrfx_uart.c.o
                0x00002574                m_nrf_log_UART_logs_data_const
 .log_const_data_UARTE
                0x0000257c        0x8 _build/nrf52840_xxaa/nrfx_uarte.c.o
                0x0000257c                m_nrf_log_UARTE_logs_data_const
 .log_const_data_app
                0x00002584        0x8 _build/nrf52840_xxaa/nrf_log_frontend.c.o
                0x00002584                m_nrf_log_app_logs_data_const
                0x0000258c                PROVIDE (__stop_log_const_data = .)

.nrf_balloc     0x0000258c       0x14
                [!provide]                PROVIDE (__start_nrf_balloc = .)
 *(.nrf_balloc)
 .nrf_balloc    0x0000258c       0x14 _build/nrf52840_xxaa/nrf_log_frontend.c.o
                0x0000258c                log_mempool
                [!provide]                PROVIDE (__stop_nrf_balloc = .)

.log_backends   0x000025a0       0x10
 .log_backends  0x000025a0       0x10 _build/nrf52840_xxaa/nrf_log_default_backends.c.o

.sdh_state_observers
                0x000025b0        0x0
                [!provide]                PROVIDE (__start_sdh_state_observers = .)
 *(SORT_BY_NAME(.sdh_state_observers*))
                [!provide]                PROVIDE (__stop_sdh_state_observers = .)

.sdh_stack_observers
                0x000025b0        0x0
                [!provide]                PROVIDE (__start_sdh_stack_observers = .)
 *(SORT_BY_NAME(.sdh_stack_observers*))
                [!provide]                PROVIDE (__stop_sdh_stack_observers = .)

.sdh_req_observers
                0x000025b0        0x0
                [!provide]                PROVIDE (__start_sdh_req_observers = .)
 *(SORT_BY_NAME(.sdh_req_observers*))
                [!provide]                PROVIDE (__stop_sdh_req_observers = .)

.nrf_queue      0x000025b0        0x0
                [!provide]                PROVIDE (__start_nrf_queue = .)
 *(.nrf_queue)
                [!provide]                PROVIDE (__stop_nrf_queue = .)

.cli_command    0x000025b0        0x0
                [!provide]                PROVIDE (__start_cli_command = .)
 *(.cli_command)
                [!provide]                PROVIDE (__stop_cli_command = .)

.crypto_data    0x000025b0        0x0
                [!provide]                PROVIDE (__start_crypto_data = .)
 *(SORT_BY_NAME(.crypto_data*))
                [!provide]                PROVIDE (__stop_crypto_data = .)

.ARM.extab
 *(.ARM.extab* .gnu.linkonce.armextab.*)
                0x000025b0                __exidx_start = .

.ARM.exidx      0x000025b0        0x8
 *(.ARM.exidx* .gnu.linkonce.armexidx.*)
 .ARM.exidx     0x000025b0        0x8 c:/users/helon/.vscode/extensions/metalcode-eu.windows-arm-none-eabi-0.1.2/bin/../lib/gcc/arm-none-eabi/7.3.1/../../../../arm-none-eabi/lib/thumb/v7e-m/fpv4-sp/hard/crt0.o
                0x000025b8                __exidx_end = .
                0x000025b8                __etext = .

.rel.dyn        0x000025b8        0x0
 .rel.iplt      0x000025b8        0x0 c:/users/helon/.vscode/extensions/metalcode-eu.windows-arm-none-eabi-0.1.2/bin/../lib/gcc/arm-none-eabi/7.3.1/thumb/v7e-m/fpv4-sp/hard/crtbegin.o

.data           0x20002210      0x1f8 load address 0x000025b8
                0x20002210                __data_start__ = .
 *(vtable)
 *(.data*)
 .data.SystemCoreClock
                0x20002210        0x4 _build/nrf52840_xxaa/system_nrf52840.c.o
                0x20002210                SystemCoreClock
 .data.m_uart   0x20002214       0x14 _build/nrf52840_xxaa/nrf_log_backend_uart.c.o
                0x20002214                m_uart
 .data.log_backend_cb_uart_log_backend
                0x20002228        0x8 _build/nrf52840_xxaa/nrf_log_default_backends.c.o
 .data._impure_ptr
                0x20002230        0x4 c:/users/helon/.vscode/extensions/metalcode-eu.windows-arm-none-eabi-0.1.2/bin/../lib/gcc/arm-none-eabi/7.3.1/../../../../arm-none-eabi/lib/thumb/v7e-m/fpv4-sp/hard\libc_nano.a(lib_a-impure.o)
                0x20002230                _impure_ptr
 .data.impure_data
                0x20002234       0x60 c:/users/helon/.vscode/extensions/metalcode-eu.windows-arm-none-eabi-0.1.2/bin/../lib/gcc/arm-none-eabi/7.3.1/../../../../arm-none-eabi/lib/thumb/v7e-m/fpv4-sp/hard\libc_nano.a(lib_a-impure.o)
 .data.__global_locale
                0x20002294      0x16c c:/users/helon/.vscode/extensions/metalcode-eu.windows-arm-none-eabi-0.1.2/bin/../lib/gcc/arm-none-eabi/7.3.1/../../../../arm-none-eabi/lib/thumb/v7e-m/fpv4-sp/hard\libc_nano.a(lib_a-locale.o)
                0x20002294                __global_locale
                0x20002400                . = ALIGN (0x4)
                0x20002400                PROVIDE (__preinit_array_start = .)
 *(.preinit_array)
                0x20002400                PROVIDE (__preinit_array_end = .)
                0x20002400                . = ALIGN (0x4)
                0x20002400                PROVIDE (__init_array_start = .)
 *(SORT_BY_NAME(.init_array.*))
 *(.init_array)
 .init_array    0x20002400        0x4 c:/users/helon/.vscode/extensions/metalcode-eu.windows-arm-none-eabi-0.1.2/bin/../lib/gcc/arm-none-eabi/7.3.1/thumb/v7e-m/fpv4-sp/hard/crtbegin.o
                0x20002404                PROVIDE (__init_array_end = .)
                0x20002404                . = ALIGN (0x4)
                [!provide]                PROVIDE (__fini_array_start = .)
 *(SORT_BY_NAME(.fini_array.*))
 *(.fini_array)
 .fini_array    0x20002404        0x4 c:/users/helon/.vscode/extensions/metalcode-eu.windows-arm-none-eabi-0.1.2/bin/../lib/gcc/arm-none-eabi/7.3.1/thumb/v7e-m/fpv4-sp/hard/crtbegin.o
                [!provide]                PROVIDE (__fini_array_end = .)
 *(.jcr*)
                0x20002408                . = ALIGN (0x4)
                0x20002408                __data_end__ = .
LOAD c:/users/helon/.vscode/extensions/metalcode-eu.windows-arm-none-eabi-0.1.2/bin/../lib/gcc/arm-none-eabi/7.3.1/thumb/v7e-m/fpv4-sp/hard/crti.o
LOAD c:/users/helon/.vscode/extensions/metalcode-eu.windows-arm-none-eabi-0.1.2/bin/../lib/gcc/arm-none-eabi/7.3.1/thumb/v7e-m/fpv4-sp/hard/crtbegin.o
LOAD c:/users/helon/.vscode/extensions/metalcode-eu.windows-arm-none-eabi-0.1.2/bin/../lib/gcc/arm-none-eabi/7.3.1/../../../../arm-none-eabi/lib/thumb/v7e-m/fpv4-sp/hard/crt0.o
LOAD _build/nrf52840_xxaa/system_nrf52840.c.o
LOAD _build/nrf52840_xxaa/gcc_startup_nrf52840.S.o
LOAD _build/nrf52840_xxaa/nrf_drv_uart.c.o
LOAD _build/nrf52840_xxaa/nrfx_uarte.c.o
LOAD _build/nrf52840_xxaa/nrfx_uart.c.o
LOAD _build/nrf52840_xxaa/nrfx_prs.c.o
LOAD _build/nrf52840_xxaa/app_error.c.o
LOAD _build/nrf52840_xxaa/nrf_memobj.c.o
LOAD _build/nrf52840_xxaa/nrf_fprintf.c.o
LOAD _build/nrf52840_xxaa/nrf_fprintf_format.c.o
LOAD _build/nrf52840_xxaa/app_error_weak.c.o
LOAD _build/nrf52840_xxaa/app_util_platform.c.o
LOAD _build/nrf52840_xxaa/nrf_atomic.c.o
LOAD _build/nrf52840_xxaa/nrf_balloc.c.o
LOAD _build/nrf52840_xxaa/nrf_ringbuf.c.o
LOAD _build/nrf52840_xxaa/nrf_log_backend_rtt.c.o
LOAD _build/nrf52840_xxaa/nrf_log_backend_serial.c.o
LOAD _build/nrf52840_xxaa/nrf_log_backend_uart.c.o
LOAD _build/nrf52840_xxaa/nrf_log_default_backends.c.o
LOAD _build/nrf52840_xxaa/nrf_log_frontend.c.o
LOAD _build/nrf52840_xxaa/nrf_log_str_formatter.c.o
LOAD _build/nrf52840_xxaa/SEGGER_RTT.c.o
LOAD _build/nrf52840_xxaa/SEGGER_RTT_printf.c.o
LOAD _build/nrf52840_xxaa/SEGGER_RTT_Syscalls_SES.c.o
LOAD _build/nrf52840_xxaa/user_log.c.o
LOAD _build/nrf52840_xxaa/main.c.o
LOAD c:/users/helon/.vscode/extensions/metalcode-eu.windows-arm-none-eabi-0.1.2/bin/../lib/gcc/arm-none-eabi/7.3.1/../../../../arm-none-eabi/lib/thumb/v7e-m/fpv4-sp/hard\libc_nano.a
LOAD c:/users/helon/.vscode/extensions/metalcode-eu.windows-arm-none-eabi-0.1.2/bin/../lib/gcc/arm-none-eabi/7.3.1/../../../../arm-none-eabi/lib/thumb/v7e-m/fpv4-sp/hard\libnosys.a
LOAD c:/users/helon/.vscode/extensions/metalcode-eu.windows-arm-none-eabi-0.1.2/bin/../lib/gcc/arm-none-eabi/7.3.1/../../../../arm-none-eabi/lib/thumb/v7e-m/fpv4-sp/hard\libm.a
START GROUP
LOAD c:/users/helon/.vscode/extensions/metalcode-eu.windows-arm-none-eabi-0.1.2/bin/../lib/gcc/arm-none-eabi/7.3.1/thumb/v7e-m/fpv4-sp/hard\libgcc.a
LOAD c:/users/helon/.vscode/extensions/metalcode-eu.windows-arm-none-eabi-0.1.2/bin/../lib/gcc/arm-none-eabi/7.3.1/../../../../arm-none-eabi/lib/thumb/v7e-m/fpv4-sp/hard\libg_nano.a
LOAD c:/users/helon/.vscode/extensions/metalcode-eu.windows-arm-none-eabi-0.1.2/bin/../lib/gcc/arm-none-eabi/7.3.1/../../../../arm-none-eabi/lib/thumb/v7e-m/fpv4-sp/hard\libc_nano.a
END GROUP
START GROUP
LOAD c:/users/helon/.vscode/extensions/metalcode-eu.windows-arm-none-eabi-0.1.2/bin/../lib/gcc/arm-none-eabi/7.3.1/thumb/v7e-m/fpv4-sp/hard\libgcc.a
LOAD c:/users/helon/.vscode/extensions/metalcode-eu.windows-arm-none-eabi-0.1.2/bin/../lib/gcc/arm-none-eabi/7.3.1/../../../../arm-none-eabi/lib/thumb/v7e-m/fpv4-sp/hard\libc_nano.a
END GROUP
LOAD c:/users/helon/.vscode/extensions/metalcode-eu.windows-arm-none-eabi-0.1.2/bin/../lib/gcc/arm-none-eabi/7.3.1/thumb/v7e-m/fpv4-sp/hard/crtend.o
LOAD c:/users/helon/.vscode/extensions/metalcode-eu.windows-arm-none-eabi-0.1.2/bin/../lib/gcc/arm-none-eabi/7.3.1/thumb/v7e-m/fpv4-sp/hard/crtn.o
START GROUP
LOAD c:/users/helon/.vscode/extensions/metalcode-eu.windows-arm-none-eabi-0.1.2/bin/../lib/gcc/arm-none-eabi/7.3.1/thumb/v7e-m/fpv4-sp/hard\libgcc.a
LOAD c:/users/helon/.vscode/extensions/metalcode-eu.windows-arm-none-eabi-0.1.2/bin/../lib/gcc/arm-none-eabi/7.3.1/../../../../arm-none-eabi/lib/thumb/v7e-m/fpv4-sp/hard\libc.a
LOAD c:/users/helon/.vscode/extensions/metalcode-eu.windows-arm-none-eabi-0.1.2/bin/../lib/gcc/arm-none-eabi/7.3.1/../../../../arm-none-eabi/lib/thumb/v7e-m/fpv4-sp/hard\libnosys.a
END GROUP

.igot.plt       0x20002408        0x0 load address 0x000027b0
 .igot.plt      0x20002408        0x0 c:/users/helon/.vscode/extensions/metalcode-eu.windows-arm-none-eabi-0.1.2/bin/../lib/gcc/arm-none-eabi/7.3.1/thumb/v7e-m/fpv4-sp/hard/crtbegin.o
                0x20002408                . = ALIGN (0x4)

.mem_section_dummy_ram

.log_dynamic_data
                0x20002408        0x0
                0x20002408                PROVIDE (__start_log_dynamic_data = .)
 *(SORT_BY_NAME(.log_dynamic_data*))
                [!provide]                PROVIDE (__stop_log_dynamic_data = .)

.fs_data        0x20002408        0x0
                [!provide]                PROVIDE (__start_fs_data = .)
 *(.fs_data)
                [!provide]                PROVIDE (__stop_fs_data = .)

.cli_sorted_cmd_ptrs
                0x20002408        0x0
                [!provide]                PROVIDE (__start_cli_sorted_cmd_ptrs = .)
 *(.cli_sorted_cmd_ptrs)
                [!provide]                PROVIDE (__stop_cli_sorted_cmd_ptrs = .)

.bss            0x20002408      0x664 load address 0x000027b0
                0x20002408                . = ALIGN (0x4)
                0x20002408                __bss_start__ = .
 *(.bss*)
 .bss           0x20002408       0x1c c:/users/helon/.vscode/extensions/metalcode-eu.windows-arm-none-eabi-0.1.2/bin/../lib/gcc/arm-none-eabi/7.3.1/thumb/v7e-m/fpv4-sp/hard/crtbegin.o
 .bss.m_contexts
                0x20002424        0x8 _build/nrf52840_xxaa/nrf_drv_uart.c.o
 .bss.m_handlers
                0x2000242c        0x8 _build/nrf52840_xxaa/nrf_drv_uart.c.o
 .bss.m_cb      0x20002434       0x24 _build/nrf52840_xxaa/nrfx_uarte.c.o
 .bss.m_cb      0x20002458       0x2c _build/nrf52840_xxaa/nrfx_uart.c.o
 .bss.m_prs_box_4
                0x20002484        0x8 _build/nrf52840_xxaa/nrfx_prs.c.o
 .bss.m_async_mode
                0x2000248c        0x1 _build/nrf52840_xxaa/nrf_log_backend_uart.c.o
 .bss.m_string_buff
                0x2000248d       0x40 _build/nrf52840_xxaa/nrf_log_backend_uart.c.o
 .bss.m_xfer_done
                0x200024cd        0x1 _build/nrf52840_xxaa/nrf_log_backend_uart.c.o
 *fill*         0x200024ce        0x2 
 .bss.log_mempool_nrf_balloc_cb
                0x200024d0        0x8 _build/nrf52840_xxaa/nrf_log_frontend.c.o
 .bss.log_mempool_nrf_balloc_pool_mem
                0x200024d8       0xc0 _build/nrf52840_xxaa/nrf_log_frontend.c.o
 .bss.log_mempool_nrf_balloc_pool_stack
                0x20002598        0x8 _build/nrf52840_xxaa/nrf_log_frontend.c.o
 .bss.m_log_data
                0x200025a0      0x424 _build/nrf52840_xxaa/nrf_log_frontend.c.o
 .bss.m_log_push_ringbuf_buf
                0x200029c4       0x80 _build/nrf52840_xxaa/nrf_log_frontend.c.o
 .bss.m_log_push_ringbuf_cb
                0x20002a44       0x18 _build/nrf52840_xxaa/nrf_log_frontend.c.o
 *(COMMON)
 COMMON         0x20002a5c        0x2 _build/nrf52840_xxaa/nrf_drv_uart.c.o
                0x20002a5c                nrf_drv_uart_use_easy_dma
 *fill*         0x20002a5e        0x2 
 COMMON         0x20002a60        0xc _build/nrf52840_xxaa/app_util_platform.c.o
                0x20002a60                nrf_nvic_state
                0x20002a6c                . = ALIGN (0x4)
                0x20002a6c                __bss_end__ = .

.heap           0x20002a70     0x2000
                0x20002a70                __HeapBase = .
                0x20002a70                __end__ = .
                [!provide]                PROVIDE (end = .)
 *(.heap*)
 .heap          0x20002a70     0x2000 _build/nrf52840_xxaa/gcc_startup_nrf52840.S.o
                0x20004a70                __HeapLimit = .

.stack_dummy    0x20002a70     0x2000
 *(.stack*)
 .stack         0x20002a70     0x2000 _build/nrf52840_xxaa/gcc_startup_nrf52840.S.o
                0x20040000                __StackTop = (ORIGIN (RAM) + LENGTH (RAM))
                0x2003e000                __StackLimit = (__StackTop - SIZEOF (.stack_dummy))
                0x20040000                PROVIDE (__stack = __StackTop)
                0x00000001                ASSERT ((__StackLimit >= __HeapLimit), region RAM overflowed with stack)
                0x000001f8                DataInitFlashUsed = (__bss_start__ - __data_start__)
                0x000025b8                CodeFlashUsed = (__etext - ORIGIN (FLASH))
                0x000027b0                TotalFlashUsed = (CodeFlashUsed + DataInitFlashUsed)
                0x00000001                ASSERT ((TotalFlashUsed <= LENGTH (FLASH)), region FLASH overflowed with .data and user data)
OUTPUT(_build/nrf52840_xxaa.out elf32-littlearm)

.ARM.attributes
                0x00000000       0x30
 .ARM.attributes
                0x00000000       0x22 c:/users/helon/.vscode/extensions/metalcode-eu.windows-arm-none-eabi-0.1.2/bin/../lib/gcc/arm-none-eabi/7.3.1/thumb/v7e-m/fpv4-sp/hard/crti.o
 .ARM.attributes
                0x00000022       0x34 c:/users/helon/.vscode/extensions/metalcode-eu.windows-arm-none-eabi-0.1.2/bin/../lib/gcc/arm-none-eabi/7.3.1/thumb/v7e-m/fpv4-sp/hard/crtbegin.o
 .ARM.attributes
                0x00000056       0x20 c:/users/helon/.vscode/extensions/metalcode-eu.windows-arm-none-eabi-0.1.2/bin/../lib/gcc/arm-none-eabi/7.3.1/../../../../arm-none-eabi/lib/thumb/v7e-m/fpv4-sp/hard/crt0.o
 .ARM.attributes
                0x00000076       0x39 _build/nrf52840_xxaa/system_nrf52840.c.o
 .ARM.attributes
                0x000000af       0x20 _build/nrf52840_xxaa/gcc_startup_nrf52840.S.o
 .ARM.attributes
                0x000000cf       0x39 _build/nrf52840_xxaa/nrf_drv_uart.c.o
 .ARM.attributes
                0x00000108       0x39 _build/nrf52840_xxaa/nrfx_uarte.c.o
 .ARM.attributes
                0x00000141       0x39 _build/nrf52840_xxaa/nrfx_uart.c.o
 .ARM.attributes
                0x0000017a       0x39 _build/nrf52840_xxaa/nrfx_prs.c.o
 .ARM.attributes
                0x000001b3       0x39 _build/nrf52840_xxaa/app_error.c.o
 .ARM.attributes
                0x000001ec       0x39 _build/nrf52840_xxaa/nrf_memobj.c.o
 .ARM.attributes
                0x00000225       0x39 _build/nrf52840_xxaa/nrf_fprintf.c.o
 .ARM.attributes
                0x0000025e       0x39 _build/nrf52840_xxaa/nrf_fprintf_format.c.o
 .ARM.attributes
                0x00000297       0x39 _build/nrf52840_xxaa/app_error_weak.c.o
 .ARM.attributes
                0x000002d0       0x39 _build/nrf52840_xxaa/app_util_platform.c.o
 .ARM.attributes
                0x00000309       0x39 _build/nrf52840_xxaa/nrf_atomic.c.o
 .ARM.attributes
                0x00000342       0x39 _build/nrf52840_xxaa/nrf_balloc.c.o
 .ARM.attributes
                0x0000037b       0x39 _build/nrf52840_xxaa/nrf_ringbuf.c.o
 .ARM.attributes
                0x000003b4       0x39 _build/nrf52840_xxaa/nrf_log_backend_serial.c.o
 .ARM.attributes
                0x000003ed       0x39 _build/nrf52840_xxaa/nrf_log_backend_uart.c.o
 .ARM.attributes
                0x00000426       0x39 _build/nrf52840_xxaa/nrf_log_default_backends.c.o
 .ARM.attributes
                0x0000045f       0x39 _build/nrf52840_xxaa/nrf_log_frontend.c.o
 .ARM.attributes
                0x00000498       0x39 _build/nrf52840_xxaa/nrf_log_str_formatter.c.o
 .ARM.attributes
                0x000004d1       0x39 _build/nrf52840_xxaa/user_log.c.o
 .ARM.attributes
                0x0000050a       0x39 _build/nrf52840_xxaa/main.c.o
 .ARM.attributes
                0x00000543       0x34 c:/users/helon/.vscode/extensions/metalcode-eu.windows-arm-none-eabi-0.1.2/bin/../lib/gcc/arm-none-eabi/7.3.1/../../../../arm-none-eabi/lib/thumb/v7e-m/fpv4-sp/hard\libc_nano.a(lib_a-exit.o)
 .ARM.attributes
                0x00000577       0x34 c:/users/helon/.vscode/extensions/metalcode-eu.windows-arm-none-eabi-0.1.2/bin/../lib/gcc/arm-none-eabi/7.3.1/../../../../arm-none-eabi/lib/thumb/v7e-m/fpv4-sp/hard\libc_nano.a(lib_a-impure.o)
 .ARM.attributes
                0x000005ab       0x34 c:/users/helon/.vscode/extensions/metalcode-eu.windows-arm-none-eabi-0.1.2/bin/../lib/gcc/arm-none-eabi/7.3.1/../../../../arm-none-eabi/lib/thumb/v7e-m/fpv4-sp/hard\libc_nano.a(lib_a-init.o)
 .ARM.attributes
                0x000005df       0x34 c:/users/helon/.vscode/extensions/metalcode-eu.windows-arm-none-eabi-0.1.2/bin/../lib/gcc/arm-none-eabi/7.3.1/../../../../arm-none-eabi/lib/thumb/v7e-m/fpv4-sp/hard\libc_nano.a(lib_a-locale.o)
 .ARM.attributes
                0x00000613       0x34 c:/users/helon/.vscode/extensions/metalcode-eu.windows-arm-none-eabi-0.1.2/bin/../lib/gcc/arm-none-eabi/7.3.1/../../../../arm-none-eabi/lib/thumb/v7e-m/fpv4-sp/hard\libc_nano.a(lib_a-mbtowc_r.o)
 .ARM.attributes
                0x00000647       0x34 c:/users/helon/.vscode/extensions/metalcode-eu.windows-arm-none-eabi-0.1.2/bin/../lib/gcc/arm-none-eabi/7.3.1/../../../../arm-none-eabi/lib/thumb/v7e-m/fpv4-sp/hard\libc_nano.a(lib_a-memcpy-stub.o)
 .ARM.attributes
                0x0000067b       0x34 c:/users/helon/.vscode/extensions/metalcode-eu.windows-arm-none-eabi-0.1.2/bin/../lib/gcc/arm-none-eabi/7.3.1/../../../../arm-none-eabi/lib/thumb/v7e-m/fpv4-sp/hard\libc_nano.a(lib_a-memset.o)
 .ARM.attributes
                0x000006af       0x1b c:/users/helon/.vscode/extensions/metalcode-eu.windows-arm-none-eabi-0.1.2/bin/../lib/gcc/arm-none-eabi/7.3.1/../../../../arm-none-eabi/lib/thumb/v7e-m/fpv4-sp/hard\libc_nano.a(lib_a-strlen.o)
 .ARM.attributes
                0x000006ca       0x34 c:/users/helon/.vscode/extensions/metalcode-eu.windows-arm-none-eabi-0.1.2/bin/../lib/gcc/arm-none-eabi/7.3.1/../../../../arm-none-eabi/lib/thumb/v7e-m/fpv4-sp/hard\libc_nano.a(lib_a-wctomb_r.o)
 .ARM.attributes
                0x000006fe       0x34 c:/users/helon/.vscode/extensions/metalcode-eu.windows-arm-none-eabi-0.1.2/bin/../lib/gcc/arm-none-eabi/7.3.1/../../../../arm-none-eabi/lib/thumb/v7e-m/fpv4-sp/hard\libc_nano.a(lib_a-ctype_.o)
 .ARM.attributes
                0x00000732       0x34 c:/users/helon/.vscode/extensions/metalcode-eu.windows-arm-none-eabi-0.1.2/bin/../lib/gcc/arm-none-eabi/7.3.1/../../../../arm-none-eabi/lib/thumb/v7e-m/fpv4-sp/hard\libnosys.a(_exit.o)
 .ARM.attributes
                0x00000766       0x34 c:/users/helon/.vscode/extensions/metalcode-eu.windows-arm-none-eabi-0.1.2/bin/../lib/gcc/arm-none-eabi/7.3.1/thumb/v7e-m/fpv4-sp/hard/crtend.o
 .ARM.attributes
                0x0000079a       0x22 c:/users/helon/.vscode/extensions/metalcode-eu.windows-arm-none-eabi-0.1.2/bin/../lib/gcc/arm-none-eabi/7.3.1/thumb/v7e-m/fpv4-sp/hard/crtn.o

.comment        0x00000000       0x7f
 .comment       0x00000000       0x7f _build/nrf52840_xxaa/system_nrf52840.c.o
                                 0x80 (size before relaxing)
 .comment       0x0000007f       0x80 _build/nrf52840_xxaa/nrf_drv_uart.c.o
 .comment       0x0000007f       0x80 _build/nrf52840_xxaa/nrfx_uarte.c.o
 .comment       0x0000007f       0x80 _build/nrf52840_xxaa/nrfx_uart.c.o
 .comment       0x0000007f       0x80 _build/nrf52840_xxaa/nrfx_prs.c.o
 .comment       0x0000007f       0x80 _build/nrf52840_xxaa/app_error.c.o
 .comment       0x0000007f       0x80 _build/nrf52840_xxaa/nrf_memobj.c.o
 .comment       0x0000007f       0x80 _build/nrf52840_xxaa/nrf_fprintf.c.o
 .comment       0x0000007f       0x80 _build/nrf52840_xxaa/nrf_fprintf_format.c.o
 .comment       0x0000007f       0x80 _build/nrf52840_xxaa/app_error_weak.c.o
 .comment       0x0000007f       0x80 _build/nrf52840_xxaa/app_util_platform.c.o
 .comment       0x0000007f       0x80 _build/nrf52840_xxaa/nrf_atomic.c.o
 .comment       0x0000007f       0x80 _build/nrf52840_xxaa/nrf_balloc.c.o
 .comment       0x0000007f       0x80 _build/nrf52840_xxaa/nrf_ringbuf.c.o
 .comment       0x0000007f       0x80 _build/nrf52840_xxaa/nrf_log_backend_serial.c.o
 .comment       0x0000007f       0x80 _build/nrf52840_xxaa/nrf_log_backend_uart.c.o
 .comment       0x0000007f       0x80 _build/nrf52840_xxaa/nrf_log_default_backends.c.o
 .comment       0x0000007f       0x80 _build/nrf52840_xxaa/nrf_log_frontend.c.o
 .comment       0x0000007f       0x80 _build/nrf52840_xxaa/nrf_log_str_formatter.c.o
 .comment       0x0000007f       0x80 _build/nrf52840_xxaa/user_log.c.o
 .comment       0x0000007f       0x80 _build/nrf52840_xxaa/main.c.o

.debug_info     0x00000000    0x1b5df
 .debug_info    0x00000000     0x13cf _build/nrf52840_xxaa/system_nrf52840.c.o
 .debug_info    0x000013cf       0x26 _build/nrf52840_xxaa/gcc_startup_nrf52840.S.o
 .debug_info    0x000013f5     0x196d _build/nrf52840_xxaa/nrf_drv_uart.c.o
 .debug_info    0x00002d62     0x3359 _build/nrf52840_xxaa/nrfx_uarte.c.o
 .debug_info    0x000060bb     0x3445 _build/nrf52840_xxaa/nrfx_uart.c.o
 .debug_info    0x00009500     0x10ca _build/nrf52840_xxaa/nrfx_prs.c.o
 .debug_info    0x0000a5ca      0xaeb _build/nrf52840_xxaa/app_error.c.o
 .debug_info    0x0000b0b5     0x11ae _build/nrf52840_xxaa/nrf_memobj.c.o
 .debug_info    0x0000c263      0xaa8 _build/nrf52840_xxaa/nrf_fprintf.c.o
 .debug_info    0x0000cd0b      0xeca _build/nrf52840_xxaa/nrf_fprintf_format.c.o
 .debug_info    0x0000dbd5      0xf19 _build/nrf52840_xxaa/app_error_weak.c.o
 .debug_info    0x0000eaee     0x11c1 _build/nrf52840_xxaa/app_util_platform.c.o
 .debug_info    0x0000fcaf     0x10c6 _build/nrf52840_xxaa/nrf_atomic.c.o
 .debug_info    0x00010d75      0xd7f _build/nrf52840_xxaa/nrf_balloc.c.o
 .debug_info    0x00011af4      0xe42 _build/nrf52840_xxaa/nrf_ringbuf.c.o
 .debug_info    0x00012936     0x10f9 _build/nrf52840_xxaa/nrf_log_backend_serial.c.o
 .debug_info    0x00013a2f     0x1a82 _build/nrf52840_xxaa/nrf_log_backend_uart.c.o
 .debug_info    0x000154b1      0xccc _build/nrf52840_xxaa/nrf_log_default_backends.c.o
 .debug_info    0x0001617d     0x2883 _build/nrf52840_xxaa/nrf_log_frontend.c.o
 .debug_info    0x00018a00     0x1273 _build/nrf52840_xxaa/nrf_log_str_formatter.c.o
 .debug_info    0x00019c73      0xca5 _build/nrf52840_xxaa/user_log.c.o
 .debug_info    0x0001a918      0xcc7 _build/nrf52840_xxaa/main.c.o

.debug_abbrev   0x00000000     0x4063
 .debug_abbrev  0x00000000      0x21f _build/nrf52840_xxaa/system_nrf52840.c.o
 .debug_abbrev  0x0000021f       0x14 _build/nrf52840_xxaa/gcc_startup_nrf52840.S.o
 .debug_abbrev  0x00000233      0x298 _build/nrf52840_xxaa/nrf_drv_uart.c.o
 .debug_abbrev  0x000004cb      0x4fc _build/nrf52840_xxaa/nrfx_uarte.c.o
 .debug_abbrev  0x000009c7      0x55c _build/nrf52840_xxaa/nrfx_uart.c.o
 .debug_abbrev  0x00000f23      0x31d _build/nrf52840_xxaa/nrfx_prs.c.o
 .debug_abbrev  0x00001240      0x235 _build/nrf52840_xxaa/app_error.c.o
 .debug_abbrev  0x00001475      0x2c1 _build/nrf52840_xxaa/nrf_memobj.c.o
 .debug_abbrev  0x00001736      0x239 _build/nrf52840_xxaa/nrf_fprintf.c.o
 .debug_abbrev  0x0000196f      0x347 _build/nrf52840_xxaa/nrf_fprintf_format.c.o
 .debug_abbrev  0x00001cb6      0x298 _build/nrf52840_xxaa/app_error_weak.c.o
 .debug_abbrev  0x00001f4e      0x381 _build/nrf52840_xxaa/app_util_platform.c.o
 .debug_abbrev  0x000022cf      0x2bb _build/nrf52840_xxaa/nrf_atomic.c.o
 .debug_abbrev  0x0000258a      0x302 _build/nrf52840_xxaa/nrf_balloc.c.o
 .debug_abbrev  0x0000288c      0x25a _build/nrf52840_xxaa/nrf_ringbuf.c.o
 .debug_abbrev  0x00002ae6      0x28c _build/nrf52840_xxaa/nrf_log_backend_serial.c.o
 .debug_abbrev  0x00002d72      0x3dd _build/nrf52840_xxaa/nrf_log_backend_uart.c.o
 .debug_abbrev  0x0000314f      0x256 _build/nrf52840_xxaa/nrf_log_default_backends.c.o
 .debug_abbrev  0x000033a5      0x58f _build/nrf52840_xxaa/nrf_log_frontend.c.o
 .debug_abbrev  0x00003934      0x2e5 _build/nrf52840_xxaa/nrf_log_str_formatter.c.o
 .debug_abbrev  0x00003c19      0x22a _build/nrf52840_xxaa/user_log.c.o
 .debug_abbrev  0x00003e43      0x220 _build/nrf52840_xxaa/main.c.o

.debug_aranges  0x00000000      0x628
 .debug_aranges
                0x00000000       0x30 _build/nrf52840_xxaa/system_nrf52840.c.o
 .debug_aranges
                0x00000030       0x20 _build/nrf52840_xxaa/gcc_startup_nrf52840.S.o
 .debug_aranges
                0x00000050       0x30 _build/nrf52840_xxaa/nrf_drv_uart.c.o
 .debug_aranges
                0x00000080       0x80 _build/nrf52840_xxaa/nrfx_uarte.c.o
 .debug_aranges
                0x00000100       0xa8 _build/nrf52840_xxaa/nrfx_uart.c.o
 .debug_aranges
                0x000001a8       0x30 _build/nrf52840_xxaa/nrfx_prs.c.o
 .debug_aranges
                0x000001d8       0x28 _build/nrf52840_xxaa/app_error.c.o
 .debug_aranges
                0x00000200       0x58 _build/nrf52840_xxaa/nrf_memobj.c.o
 .debug_aranges
                0x00000258       0x28 _build/nrf52840_xxaa/nrf_fprintf.c.o
 .debug_aranges
                0x00000280       0x30 _build/nrf52840_xxaa/nrf_fprintf_format.c.o
 .debug_aranges
                0x000002b0       0x20 _build/nrf52840_xxaa/app_error_weak.c.o
 .debug_aranges
                0x000002d0       0x48 _build/nrf52840_xxaa/app_util_platform.c.o
 .debug_aranges
                0x00000318       0xb0 _build/nrf52840_xxaa/nrf_atomic.c.o
 .debug_aranges
                0x000003c8       0x30 _build/nrf52840_xxaa/nrf_balloc.c.o
 .debug_aranges
                0x000003f8       0x50 _build/nrf52840_xxaa/nrf_ringbuf.c.o
 .debug_aranges
                0x00000448       0x20 _build/nrf52840_xxaa/nrf_log_backend_serial.c.o
 .debug_aranges
                0x00000468       0x50 _build/nrf52840_xxaa/nrf_log_backend_uart.c.o
 .debug_aranges
                0x000004b8       0x20 _build/nrf52840_xxaa/nrf_log_default_backends.c.o
 .debug_aranges
                0x000004d8       0xd0 _build/nrf52840_xxaa/nrf_log_frontend.c.o
 .debug_aranges
                0x000005a8       0x40 _build/nrf52840_xxaa/nrf_log_str_formatter.c.o
 .debug_aranges
                0x000005e8       0x20 _build/nrf52840_xxaa/user_log.c.o
 .debug_aranges
                0x00000608       0x20 _build/nrf52840_xxaa/main.c.o

.debug_ranges   0x00000000      0xa38
 .debug_ranges  0x00000000       0x20 _build/nrf52840_xxaa/system_nrf52840.c.o
 .debug_ranges  0x00000020       0x20 _build/nrf52840_xxaa/nrf_drv_uart.c.o
 .debug_ranges  0x00000040      0x148 _build/nrf52840_xxaa/nrfx_uarte.c.o
 .debug_ranges  0x00000188      0x1d0 _build/nrf52840_xxaa/nrfx_uart.c.o
 .debug_ranges  0x00000358       0x50 _build/nrf52840_xxaa/nrfx_prs.c.o
 .debug_ranges  0x000003a8       0x18 _build/nrf52840_xxaa/app_error.c.o
 .debug_ranges  0x000003c0       0x48 _build/nrf52840_xxaa/nrf_memobj.c.o
 .debug_ranges  0x00000408       0x18 _build/nrf52840_xxaa/nrf_fprintf.c.o
 .debug_ranges  0x00000420       0x50 _build/nrf52840_xxaa/nrf_fprintf_format.c.o
 .debug_ranges  0x00000470       0x10 _build/nrf52840_xxaa/app_error_weak.c.o
 .debug_ranges  0x00000480       0x50 _build/nrf52840_xxaa/app_util_platform.c.o
 .debug_ranges  0x000004d0       0xb8 _build/nrf52840_xxaa/nrf_atomic.c.o
 .debug_ranges  0x00000588       0x38 _build/nrf52840_xxaa/nrf_balloc.c.o
 .debug_ranges  0x000005c0       0x40 _build/nrf52840_xxaa/nrf_ringbuf.c.o
 .debug_ranges  0x00000600       0x28 _build/nrf52840_xxaa/nrf_log_backend_serial.c.o
 .debug_ranges  0x00000628       0x78 _build/nrf52840_xxaa/nrf_log_backend_uart.c.o
 .debug_ranges  0x000006a0       0x10 _build/nrf52840_xxaa/nrf_log_default_backends.c.o
 .debug_ranges  0x000006b0      0x308 _build/nrf52840_xxaa/nrf_log_frontend.c.o
 .debug_ranges  0x000009b8       0x60 _build/nrf52840_xxaa/nrf_log_str_formatter.c.o
 .debug_ranges  0x00000a18       0x10 _build/nrf52840_xxaa/user_log.c.o
 .debug_ranges  0x00000a28       0x10 _build/nrf52840_xxaa/main.c.o

.debug_macro    0x00000000    0x1ca6f
 .debug_macro   0x00000000       0xf1 _build/nrf52840_xxaa/system_nrf52840.c.o
 .debug_macro   0x000000f1      0xa84 _build/nrf52840_xxaa/system_nrf52840.c.o
 .debug_macro   0x00000b75       0x22 _build/nrf52840_xxaa/system_nrf52840.c.o
 .debug_macro   0x00000b97       0x56 _build/nrf52840_xxaa/system_nrf52840.c.o
 .debug_macro   0x00000bed       0x51 _build/nrf52840_xxaa/system_nrf52840.c.o
 .debug_macro   0x00000c3e       0xef _build/nrf52840_xxaa/system_nrf52840.c.o
 .debug_macro   0x00000d2d       0x6a _build/nrf52840_xxaa/system_nrf52840.c.o
 .debug_macro   0x00000d97      0x1df _build/nrf52840_xxaa/system_nrf52840.c.o
 .debug_macro   0x00000f76       0x22 _build/nrf52840_xxaa/system_nrf52840.c.o
 .debug_macro   0x00000f98       0x22 _build/nrf52840_xxaa/system_nrf52840.c.o
 .debug_macro   0x00000fba       0x2d _build/nrf52840_xxaa/system_nrf52840.c.o
 .debug_macro   0x00000fe7       0x3b _build/nrf52840_xxaa/system_nrf52840.c.o
 .debug_macro   0x00001022       0x50 _build/nrf52840_xxaa/system_nrf52840.c.o
 .debug_macro   0x00001072      0xe66 _build/nrf52840_xxaa/system_nrf52840.c.o
 .debug_macro   0x00001ed8      0x402 _build/nrf52840_xxaa/system_nrf52840.c.o
 .debug_macro   0x000022da     0xfe8b _build/nrf52840_xxaa/system_nrf52840.c.o
 .debug_macro   0x00012165      0xa4c _build/nrf52840_xxaa/system_nrf52840.c.o
 .debug_macro   0x00012bb1       0xb2 _build/nrf52840_xxaa/system_nrf52840.c.o
 .debug_macro   0x00012c63       0x22 _build/nrf52840_xxaa/system_nrf52840.c.o
 .debug_macro   0x00012c85      0x38c _build/nrf52840_xxaa/nrf_drv_uart.c.o
 .debug_macro   0x00013011     0x1f80 _build/nrf52840_xxaa/nrf_drv_uart.c.o
 .debug_macro   0x00014f91      0x16d _build/nrf52840_xxaa/nrf_drv_uart.c.o
 .debug_macro   0x000150fe      0x419 _build/nrf52840_xxaa/nrf_drv_uart.c.o
 .debug_macro   0x00015517       0x3d _build/nrf52840_xxaa/nrf_drv_uart.c.o
 .debug_macro   0x00015554      0xe5f _build/nrf52840_xxaa/nrf_drv_uart.c.o
 .debug_macro   0x000163b3      0x13b _build/nrf52840_xxaa/nrf_drv_uart.c.o
 .debug_macro   0x000164ee       0x16 _build/nrf52840_xxaa/nrf_drv_uart.c.o
 .debug_macro   0x00016504      0x16d _build/nrf52840_xxaa/nrf_drv_uart.c.o
 .debug_macro   0x00016671      0x7ae _build/nrf52840_xxaa/nrf_drv_uart.c.o
 .debug_macro   0x00016e1f       0x3f _build/nrf52840_xxaa/nrf_drv_uart.c.o
 .debug_macro   0x00016e5e       0x16 _build/nrf52840_xxaa/nrf_drv_uart.c.o
 .debug_macro   0x00016e74       0x9a _build/nrf52840_xxaa/nrf_drv_uart.c.o
 .debug_macro   0x00016f0e       0x46 _build/nrf52840_xxaa/nrf_drv_uart.c.o
 .debug_macro   0x00016f54       0xa3 _build/nrf52840_xxaa/nrf_drv_uart.c.o
 .debug_macro   0x00016ff7       0x3a _build/nrf52840_xxaa/nrf_drv_uart.c.o
 .debug_macro   0x00017031       0x5e _build/nrf52840_xxaa/nrf_drv_uart.c.o
 .debug_macro   0x0001708f       0x18 _build/nrf52840_xxaa/nrf_drv_uart.c.o
 .debug_macro   0x000170a7       0x35 _build/nrf52840_xxaa/nrf_drv_uart.c.o
 .debug_macro   0x000170dc       0x34 _build/nrf52840_xxaa/nrf_drv_uart.c.o
 .debug_macro   0x00017110       0x16 _build/nrf52840_xxaa/nrf_drv_uart.c.o
 .debug_macro   0x00017126       0x35 _build/nrf52840_xxaa/nrf_drv_uart.c.o
 .debug_macro   0x0001715b      0x353 _build/nrf52840_xxaa/nrf_drv_uart.c.o
 .debug_macro   0x000174ae       0x10 _build/nrf52840_xxaa/nrf_drv_uart.c.o
 .debug_macro   0x000174be       0x58 _build/nrf52840_xxaa/nrf_drv_uart.c.o
 .debug_macro   0x00017516       0x1f _build/nrf52840_xxaa/nrf_drv_uart.c.o
 .debug_macro   0x00017535       0x43 _build/nrf52840_xxaa/nrf_drv_uart.c.o
 .debug_macro   0x00017578       0x20 _build/nrf52840_xxaa/nrf_drv_uart.c.o
 .debug_macro   0x00017598      0x18e _build/nrf52840_xxaa/nrf_drv_uart.c.o
 .debug_macro   0x00017726       0x10 _build/nrf52840_xxaa/nrf_drv_uart.c.o
 .debug_macro   0x00017736       0xb6 _build/nrf52840_xxaa/nrf_drv_uart.c.o
 .debug_macro   0x000177ec       0x16 _build/nrf52840_xxaa/nrf_drv_uart.c.o
 .debug_macro   0x00017802      0x129 _build/nrf52840_xxaa/nrf_drv_uart.c.o
 .debug_macro   0x0001792b       0xa7 _build/nrf52840_xxaa/nrf_drv_uart.c.o
 .debug_macro   0x000179d2       0x49 _build/nrf52840_xxaa/nrf_drv_uart.c.o
 .debug_macro   0x00017a1b       0x8c _build/nrf52840_xxaa/nrf_drv_uart.c.o
 .debug_macro   0x00017aa7       0x19 _build/nrf52840_xxaa/nrf_drv_uart.c.o
 .debug_macro   0x00017ac0       0x16 _build/nrf52840_xxaa/nrf_drv_uart.c.o
 .debug_macro   0x00017ad6       0x7b _build/nrf52840_xxaa/nrf_drv_uart.c.o
 .debug_macro   0x00017b51       0x22 _build/nrf52840_xxaa/nrf_drv_uart.c.o
 .debug_macro   0x00017b73       0x40 _build/nrf52840_xxaa/nrf_drv_uart.c.o
 .debug_macro   0x00017bb3       0x20 _build/nrf52840_xxaa/nrf_drv_uart.c.o
 .debug_macro   0x00017bd3       0x10 _build/nrf52840_xxaa/nrf_drv_uart.c.o
 .debug_macro   0x00017be3       0x10 _build/nrf52840_xxaa/nrf_drv_uart.c.o
 .debug_macro   0x00017bf3       0x10 _build/nrf52840_xxaa/nrf_drv_uart.c.o
 .debug_macro   0x00017c03       0x10 _build/nrf52840_xxaa/nrf_drv_uart.c.o
 .debug_macro   0x00017c13       0x10 _build/nrf52840_xxaa/nrf_drv_uart.c.o
 .debug_macro   0x00017c23       0x3f _build/nrf52840_xxaa/nrf_drv_uart.c.o
 .debug_macro   0x00017c62      0x422 _build/nrf52840_xxaa/nrfx_uarte.c.o
 .debug_macro   0x00018084       0x28 _build/nrf52840_xxaa/nrfx_uarte.c.o
 .debug_macro   0x000180ac       0x1c _build/nrf52840_xxaa/nrfx_uarte.c.o
 .debug_macro   0x000180c8       0x1c _build/nrf52840_xxaa/nrfx_uarte.c.o
 .debug_macro   0x000180e4       0x16 _build/nrf52840_xxaa/nrfx_uarte.c.o
 .debug_macro   0x000180fa       0x22 _build/nrf52840_xxaa/nrfx_uarte.c.o
 .debug_macro   0x0001811c       0x54 _build/nrf52840_xxaa/nrfx_uarte.c.o
 .debug_macro   0x00018170       0x37 _build/nrf52840_xxaa/nrfx_uarte.c.o
 .debug_macro   0x000181a7       0x10 _build/nrf52840_xxaa/nrfx_uarte.c.o
 .debug_macro   0x000181b7       0x55 _build/nrf52840_xxaa/nrfx_uarte.c.o
 .debug_macro   0x0001820c      0x17f _build/nrf52840_xxaa/nrfx_uarte.c.o
 .debug_macro   0x0001838b       0x9a _build/nrf52840_xxaa/nrfx_uarte.c.o
 .debug_macro   0x00018425       0x42 _build/nrf52840_xxaa/nrfx_uarte.c.o
 .debug_macro   0x00018467      0x410 _build/nrf52840_xxaa/nrfx_uart.c.o
 .debug_macro   0x00018877      0x3f5 _build/nrf52840_xxaa/nrfx_prs.c.o
 .debug_macro   0x00018c6c      0x21f _build/nrf52840_xxaa/app_error.c.o
 .debug_macro   0x00018e8b       0x35 _build/nrf52840_xxaa/app_error.c.o
 .debug_macro   0x00018ec0       0x97 _build/nrf52840_xxaa/app_error.c.o
 .debug_macro   0x00018f57       0xf6 _build/nrf52840_xxaa/app_error.c.o
 .debug_macro   0x0001904d      0x337 _build/nrf52840_xxaa/nrf_memobj.c.o
 .debug_macro   0x00019384       0x16 _build/nrf52840_xxaa/nrf_memobj.c.o
 .debug_macro   0x0001939a      0x10e _build/nrf52840_xxaa/nrf_memobj.c.o
 .debug_macro   0x000194a8       0x86 _build/nrf52840_xxaa/nrf_memobj.c.o
 .debug_macro   0x0001952e       0x22 _build/nrf52840_xxaa/nrf_memobj.c.o
 .debug_macro   0x00019550       0x2e _build/nrf52840_xxaa/nrf_memobj.c.o
 .debug_macro   0x0001957e       0x1c _build/nrf52840_xxaa/nrf_memobj.c.o
 .debug_macro   0x0001959a       0x31 _build/nrf52840_xxaa/nrf_memobj.c.o
 .debug_macro   0x000195cb       0x98 _build/nrf52840_xxaa/nrf_memobj.c.o
 .debug_macro   0x00019663       0x10 _build/nrf52840_xxaa/nrf_memobj.c.o
 .debug_macro   0x00019673      0x22f _build/nrf52840_xxaa/nrf_fprintf.c.o
 .debug_macro   0x000198a2       0x10 _build/nrf52840_xxaa/nrf_fprintf.c.o
 .debug_macro   0x000198b2       0x4e _build/nrf52840_xxaa/nrf_fprintf.c.o
 .debug_macro   0x00019900       0x58 _build/nrf52840_xxaa/nrf_fprintf.c.o
 .debug_macro   0x00019958      0x241 _build/nrf52840_xxaa/nrf_fprintf_format.c.o
 .debug_macro   0x00019b99      0x3ad _build/nrf52840_xxaa/app_error_weak.c.o
 .debug_macro   0x00019f46       0x16 _build/nrf52840_xxaa/app_error_weak.c.o
 .debug_macro   0x00019f5c      0x185 _build/nrf52840_xxaa/app_error_weak.c.o
 .debug_macro   0x0001a0e1       0x2e _build/nrf52840_xxaa/app_error_weak.c.o
 .debug_macro   0x0001a10f       0x1d _build/nrf52840_xxaa/app_error_weak.c.o
 .debug_macro   0x0001a12c       0x1c _build/nrf52840_xxaa/app_error_weak.c.o
 .debug_macro   0x0001a148       0x1c _build/nrf52840_xxaa/app_error_weak.c.o
 .debug_macro   0x0001a164      0x11b _build/nrf52840_xxaa/app_error_weak.c.o
 .debug_macro   0x0001a27f      0x263 _build/nrf52840_xxaa/app_util_platform.c.o
 .debug_macro   0x0001a4e2      0x223 _build/nrf52840_xxaa/nrf_atomic.c.o
 .debug_macro   0x0001a705       0x42 _build/nrf52840_xxaa/nrf_atomic.c.o
 .debug_macro   0x0001a747      0x350 _build/nrf52840_xxaa/nrf_balloc.c.o
 .debug_macro   0x0001aa97      0x2e6 _build/nrf52840_xxaa/nrf_ringbuf.c.o
 .debug_macro   0x0001ad7d      0x39b _build/nrf52840_xxaa/nrf_log_backend_serial.c.o
 .debug_macro   0x0001b118      0x477 _build/nrf52840_xxaa/nrf_log_backend_uart.c.o
 .debug_macro   0x0001b58f       0x5a _build/nrf52840_xxaa/nrf_log_backend_uart.c.o
 .debug_macro   0x0001b5e9       0x82 _build/nrf52840_xxaa/nrf_log_backend_uart.c.o
 .debug_macro   0x0001b66b      0x38c _build/nrf52840_xxaa/nrf_log_default_backends.c.o
 .debug_macro   0x0001b9f7       0x10 _build/nrf52840_xxaa/nrf_log_default_backends.c.o
 .debug_macro   0x0001ba07      0x40d _build/nrf52840_xxaa/nrf_log_frontend.c.o
 .debug_macro   0x0001be14       0x9e _build/nrf52840_xxaa/nrf_log_frontend.c.o
 .debug_macro   0x0001beb2      0x3d7 _build/nrf52840_xxaa/nrf_log_str_formatter.c.o
 .debug_macro   0x0001c289       0x9c _build/nrf52840_xxaa/nrf_log_str_formatter.c.o
 .debug_macro   0x0001c325      0x39a _build/nrf52840_xxaa/user_log.c.o
 .debug_macro   0x0001c6bf       0x10 _build/nrf52840_xxaa/user_log.c.o
 .debug_macro   0x0001c6cf      0x3a0 _build/nrf52840_xxaa/main.c.o

.debug_line     0x00000000     0xcb5d
 .debug_line    0x00000000      0x46a _build/nrf52840_xxaa/system_nrf52840.c.o
 .debug_line    0x0000046a       0xab _build/nrf52840_xxaa/gcc_startup_nrf52840.S.o
 .debug_line    0x00000515      0x98c _build/nrf52840_xxaa/nrf_drv_uart.c.o
 .debug_line    0x00000ea1     0x101f _build/nrf52840_xxaa/nrfx_uarte.c.o
 .debug_line    0x00001ec0     0x110f _build/nrf52840_xxaa/nrfx_uart.c.o
 .debug_line    0x00002fcf      0xb0d _build/nrf52840_xxaa/nrfx_prs.c.o
 .debug_line    0x00003adc      0x5c4 _build/nrf52840_xxaa/app_error.c.o
 .debug_line    0x000040a0      0x987 _build/nrf52840_xxaa/nrf_memobj.c.o
 .debug_line    0x00004a27      0x633 _build/nrf52840_xxaa/nrf_fprintf.c.o
 .debug_line    0x0000505a      0x770 _build/nrf52840_xxaa/nrf_fprintf_format.c.o
 .debug_line    0x000057ca      0x9b1 _build/nrf52840_xxaa/app_error_weak.c.o
 .debug_line    0x0000617b      0x6cd _build/nrf52840_xxaa/app_util_platform.c.o
 .debug_line    0x00006848      0x77d _build/nrf52840_xxaa/nrf_atomic.c.o
 .debug_line    0x00006fc5      0x8d0 _build/nrf52840_xxaa/nrf_balloc.c.o
 .debug_line    0x00007895      0x801 _build/nrf52840_xxaa/nrf_ringbuf.c.o
 .debug_line    0x00008096      0x9ac _build/nrf52840_xxaa/nrf_log_backend_serial.c.o
 .debug_line    0x00008a42      0xd13 _build/nrf52840_xxaa/nrf_log_backend_uart.c.o
 .debug_line    0x00009755      0x91a _build/nrf52840_xxaa/nrf_log_default_backends.c.o
 .debug_line    0x0000a06f      0xe07 _build/nrf52840_xxaa/nrf_log_frontend.c.o
 .debug_line    0x0000ae76      0x9f5 _build/nrf52840_xxaa/nrf_log_str_formatter.c.o
 .debug_line    0x0000b86b      0x973 _build/nrf52840_xxaa/user_log.c.o
 .debug_line    0x0000c1de      0x97f _build/nrf52840_xxaa/main.c.o

.debug_str      0x00000000    0x92f86
 .debug_str     0x00000000    0x6d3ad _build/nrf52840_xxaa/system_nrf52840.c.o
                              0x6e0f6 (size before relaxing)
 .debug_str     0x0006d3ad       0x6a _build/nrf52840_xxaa/gcc_startup_nrf52840.S.o
                                 0xc2 (size before relaxing)
 .debug_str     0x0006d417    0x1c5e2 _build/nrf52840_xxaa/nrf_drv_uart.c.o
                              0x8b778 (size before relaxing)
 .debug_str     0x000899f9     0x42a0 _build/nrf52840_xxaa/nrfx_uarte.c.o
                              0x8ef94 (size before relaxing)
 .debug_str     0x0008dc99      0x61e _build/nrf52840_xxaa/nrfx_uart.c.o
                              0x8eb96 (size before relaxing)
 .debug_str     0x0008e2b7      0x2d8 _build/nrf52840_xxaa/nrfx_prs.c.o
                              0x8d9a5 (size before relaxing)
 .debug_str     0x0008e58f      0x12d _build/nrf52840_xxaa/app_error.c.o
                              0x72445 (size before relaxing)
 .debug_str     0x0008e6bc     0x11b3 _build/nrf52840_xxaa/nrf_memobj.c.o
                              0x853ce (size before relaxing)
 .debug_str     0x0008f86f      0x329 _build/nrf52840_xxaa/nrf_fprintf.c.o
                              0x820a7 (size before relaxing)
 .debug_str     0x0008fb98      0x153 _build/nrf52840_xxaa/nrf_fprintf_format.c.o
                              0x8219c (size before relaxing)
 .debug_str     0x0008fceb     0x109b _build/nrf52840_xxaa/app_error_weak.c.o
                              0x88050 (size before relaxing)
 .debug_str     0x00090d86      0x270 _build/nrf52840_xxaa/app_util_platform.c.o
                              0x7399e (size before relaxing)
 .debug_str     0x00090ff6      0x725 _build/nrf52840_xxaa/nrf_atomic.c.o
                              0x8244e (size before relaxing)
 .debug_str     0x0009171b      0x145 _build/nrf52840_xxaa/nrf_balloc.c.o
                              0x87010 (size before relaxing)
 .debug_str     0x00091860      0x2bd _build/nrf52840_xxaa/nrf_ringbuf.c.o
                              0x83ac0 (size before relaxing)
 .debug_str     0x00091b1d      0x1fe _build/nrf52840_xxaa/nrf_log_backend_serial.c.o
                              0x87257 (size before relaxing)
 .debug_str     0x00091d1b      0x1d1 _build/nrf52840_xxaa/nrf_log_backend_uart.c.o
                              0x8ef4a (size before relaxing)
 .debug_str     0x00091eec      0x13e _build/nrf52840_xxaa/nrf_log_default_backends.c.o
                              0x8700e (size before relaxing)
 .debug_str     0x0009202a      0x89f _build/nrf52840_xxaa/nrf_log_frontend.c.o
                              0x884c5 (size before relaxing)
 .debug_str     0x000928c9      0x67f _build/nrf52840_xxaa/nrf_log_str_formatter.c.o
                              0x87754 (size before relaxing)
 .debug_str     0x00092f48       0x22 _build/nrf52840_xxaa/user_log.c.o
                              0x8765b (size before relaxing)
 .debug_str     0x00092f6a       0x1c _build/nrf52840_xxaa/main.c.o
                              0x87607 (size before relaxing)

.debug_frame    0x00000000      0xfdc
 .debug_frame   0x00000000       0x48 _build/nrf52840_xxaa/system_nrf52840.c.o
 .debug_frame   0x00000048       0x68 _build/nrf52840_xxaa/nrf_drv_uart.c.o
 .debug_frame   0x000000b0      0x158 _build/nrf52840_xxaa/nrfx_uarte.c.o
 .debug_frame   0x00000208      0x1dc _build/nrf52840_xxaa/nrfx_uart.c.o
 .debug_frame   0x000003e4       0x50 _build/nrf52840_xxaa/nrfx_prs.c.o
 .debug_frame   0x00000434       0x44 _build/nrf52840_xxaa/app_error.c.o
 .debug_frame   0x00000478       0xf0 _build/nrf52840_xxaa/nrf_memobj.c.o
 .debug_frame   0x00000568       0x54 _build/nrf52840_xxaa/nrf_fprintf.c.o
 .debug_frame   0x000005bc       0x98 _build/nrf52840_xxaa/nrf_fprintf_format.c.o
 .debug_frame   0x00000654       0x28 _build/nrf52840_xxaa/app_error_weak.c.o
 .debug_frame   0x0000067c       0x84 _build/nrf52840_xxaa/app_util_platform.c.o
 .debug_frame   0x00000700      0x14c _build/nrf52840_xxaa/nrf_atomic.c.o
 .debug_frame   0x0000084c       0x60 _build/nrf52840_xxaa/nrf_balloc.c.o
 .debug_frame   0x000008ac       0xdc _build/nrf52840_xxaa/nrf_ringbuf.c.o
 .debug_frame   0x00000988       0x38 _build/nrf52840_xxaa/nrf_log_backend_serial.c.o
 .debug_frame   0x000009c0       0xb4 _build/nrf52840_xxaa/nrf_log_backend_uart.c.o
 .debug_frame   0x00000a74       0x28 _build/nrf52840_xxaa/nrf_log_default_backends.c.o
 .debug_frame   0x00000a9c      0x278 _build/nrf52840_xxaa/nrf_log_frontend.c.o
 .debug_frame   0x00000d14       0xc8 _build/nrf52840_xxaa/nrf_log_str_formatter.c.o
 .debug_frame   0x00000ddc       0x2c _build/nrf52840_xxaa/user_log.c.o
 .debug_frame   0x00000e08       0x2c _build/nrf52840_xxaa/main.c.o
 .debug_frame   0x00000e34       0x28 c:/users/helon/.vscode/extensions/metalcode-eu.windows-arm-none-eabi-0.1.2/bin/../lib/gcc/arm-none-eabi/7.3.1/../../../../arm-none-eabi/lib/thumb/v7e-m/fpv4-sp/hard\libc_nano.a(lib_a-exit.o)
 .debug_frame   0x00000e5c       0x2c c:/users/helon/.vscode/extensions/metalcode-eu.windows-arm-none-eabi-0.1.2/bin/../lib/gcc/arm-none-eabi/7.3.1/../../../../arm-none-eabi/lib/thumb/v7e-m/fpv4-sp/hard\libc_nano.a(lib_a-init.o)
 .debug_frame   0x00000e88       0x68 c:/users/helon/.vscode/extensions/metalcode-eu.windows-arm-none-eabi-0.1.2/bin/../lib/gcc/arm-none-eabi/7.3.1/../../../../arm-none-eabi/lib/thumb/v7e-m/fpv4-sp/hard\libc_nano.a(lib_a-locale.o)
 .debug_frame   0x00000ef0       0x48 c:/users/helon/.vscode/extensions/metalcode-eu.windows-arm-none-eabi-0.1.2/bin/../lib/gcc/arm-none-eabi/7.3.1/../../../../arm-none-eabi/lib/thumb/v7e-m/fpv4-sp/hard\libc_nano.a(lib_a-mbtowc_r.o)
 .debug_frame   0x00000f38       0x28 c:/users/helon/.vscode/extensions/metalcode-eu.windows-arm-none-eabi-0.1.2/bin/../lib/gcc/arm-none-eabi/7.3.1/../../../../arm-none-eabi/lib/thumb/v7e-m/fpv4-sp/hard\libc_nano.a(lib_a-memcpy-stub.o)
 .debug_frame   0x00000f60       0x20 c:/users/helon/.vscode/extensions/metalcode-eu.windows-arm-none-eabi-0.1.2/bin/../lib/gcc/arm-none-eabi/7.3.1/../../../../arm-none-eabi/lib/thumb/v7e-m/fpv4-sp/hard\libc_nano.a(lib_a-memset.o)
 .debug_frame   0x00000f80       0x3c c:/users/helon/.vscode/extensions/metalcode-eu.windows-arm-none-eabi-0.1.2/bin/../lib/gcc/arm-none-eabi/7.3.1/../../../../arm-none-eabi/lib/thumb/v7e-m/fpv4-sp/hard\libc_nano.a(lib_a-wctomb_r.o)
 .debug_frame   0x00000fbc       0x20 c:/users/helon/.vscode/extensions/metalcode-eu.windows-arm-none-eabi-0.1.2/bin/../lib/gcc/arm-none-eabi/7.3.1/../../../../arm-none-eabi/lib/thumb/v7e-m/fpv4-sp/hard\libnosys.a(_exit.o)

.debug_loc      0x00000000     0x59b3
 .debug_loc     0x00000000      0x18d _build/nrf52840_xxaa/nrf_drv_uart.c.o
 .debug_loc     0x0000018d     0x101b _build/nrf52840_xxaa/nrfx_uarte.c.o
 .debug_loc     0x000011a8     0x1173 _build/nrf52840_xxaa/nrfx_uart.c.o
 .debug_loc     0x0000231b       0x8f _build/nrf52840_xxaa/nrfx_prs.c.o
 .debug_loc     0x000023aa       0xb5 _build/nrf52840_xxaa/app_error.c.o
 .debug_loc     0x0000245f      0x755 _build/nrf52840_xxaa/nrf_memobj.c.o
 .debug_loc     0x00002bb4       0x3f _build/nrf52840_xxaa/nrf_fprintf.c.o
 .debug_loc     0x00002bf3      0x84f _build/nrf52840_xxaa/nrf_fprintf_format.c.o
 .debug_loc     0x00003442       0x63 _build/nrf52840_xxaa/app_error_weak.c.o
 .debug_loc     0x000034a5       0xe2 _build/nrf52840_xxaa/app_util_platform.c.o
 .debug_loc     0x00003587      0x2c0 _build/nrf52840_xxaa/nrf_atomic.c.o
 .debug_loc     0x00003847      0x150 _build/nrf52840_xxaa/nrf_balloc.c.o
 .debug_loc     0x00003997      0x625 _build/nrf52840_xxaa/nrf_ringbuf.c.o
 .debug_loc     0x00003fbc      0x145 _build/nrf52840_xxaa/nrf_log_backend_serial.c.o
 .debug_loc     0x00004101      0x1f7 _build/nrf52840_xxaa/nrf_log_backend_uart.c.o
 .debug_loc     0x000042f8       0x15 _build/nrf52840_xxaa/nrf_log_default_backends.c.o
 .debug_loc     0x0000430d     0x1377 _build/nrf52840_xxaa/nrf_log_frontend.c.o
 .debug_loc     0x00005684      0x31c _build/nrf52840_xxaa/nrf_log_str_formatter.c.o
 .debug_loc     0x000059a0       0x13 _build/nrf52840_xxaa/user_log.c.o
