Archive member included to satisfy reference by file (symbol)

F:/SEGGER Embedded Studio for ARM 4.10/lib/libc_v7em_fpv4_sp_d16_hard_t_le_eabi.a(libc2.o)
                              Output/Basic tutorial---adc Release/Obj/nrf_log_str_formatter.o (isprint)
F:/SEGGER Embedded Studio for ARM 4.10/lib/libc_v7em_fpv4_sp_d16_hard_t_le_eabi.a(libc2_asm.o)
                              Output/Basic tutorial---adc Release/Obj/nrf_log_frontend.o (memcpy)
F:/SEGGER Embedded Studio for ARM 4.10/lib/libc_v7em_fpv4_sp_d16_hard_t_le_eabi.a(libc.o)
                              F:/SEGGER Embedded Studio for ARM 4.10/lib/libc_v7em_fpv4_sp_d16_hard_t_le_eabi.a(libc2.o) (__heap_lock)
F:/SEGGER Embedded Studio for ARM 4.10/lib/libc_v7em_fpv4_sp_d16_hard_t_le_eabi.a(libc_asm.o)
                              F:/SEGGER Embedded Studio for ARM 4.10/lib/libc_v7em_fpv4_sp_d16_hard_t_le_eabi.a(libc2.o) (__aeabi_uldivmod)
F:/SEGGER Embedded Studio for ARM 4.10/lib/libdebugio_v7em_fpv4_sp_d16_hard_t_le_eabi.a(libdebugio.o)
                              Output/Basic tutorial---adc Release/Obj/thumb_crt0.o (debug_fopen)
F:/SEGGER Embedded Studio for ARM 4.10/lib/libdebugio_mempoll_v7em_fpv4_sp_d16_hard_t_le_eabi.a(mempoll_debug_operations.o)
                              F:/SEGGER Embedded Studio for ARM 4.10/lib/libdebugio_v7em_fpv4_sp_d16_hard_t_le_eabi.a(libdebugio.o) (__do_debug_operation)
F:/SEGGER Embedded Studio for ARM 4.10/lib/libdebugio_mempoll_v7em_fpv4_sp_d16_hard_t_le_eabi.a(do_nv_debug_operation.o)
                              F:/SEGGER Embedded Studio for ARM 4.10/lib/libdebugio_v7em_fpv4_sp_d16_hard_t_le_eabi.a(libdebugio.o) (__do_nvdebug_operation)
F:/SEGGER Embedded Studio for ARM 4.10/lib/libm_v7em_fpv4_sp_d16_hard_t_le_eabi.a(libm_asm.o)
                              F:/SEGGER Embedded Studio for ARM 4.10/lib/libc_v7em_fpv4_sp_d16_hard_t_le_eabi.a(libc2.o) (__aeabi_i2d)
F:/SEGGER Embedded Studio for ARM 4.10/lib/libm_v7em_fpv4_sp_d16_hard_t_le_eabi.a(libm2.o)
                              F:/SEGGER Embedded Studio for ARM 4.10/lib/libvfprintf_v7em_fpv4_sp_d16_hard_t_le_eabi.o (frexp)
F:/SEGGER Embedded Studio for ARM 4.10/lib/libm_v7em_fpv4_sp_d16_hard_t_le_eabi.a(libm2_asm.o)
                              F:/SEGGER Embedded Studio for ARM 4.10/lib/libm_v7em_fpv4_sp_d16_hard_t_le_eabi.a(libm2.o) (fabs)

Discarded input sections

 .text          0x0000000000000000        0x0 Output/Basic tutorial---adc Release/Obj/ses_startup_nrf_common.o
 .data          0x0000000000000000        0x0 Output/Basic tutorial---adc Release/Obj/ses_startup_nrf_common.o
 .bss           0x0000000000000000        0x0 Output/Basic tutorial---adc Release/Obj/ses_startup_nrf_common.o
 .text          0x0000000000000000        0x0 Output/Basic tutorial---adc Release/Obj/ses_startup_nrf52840.o
 .data          0x0000000000000000        0x0 Output/Basic tutorial---adc Release/Obj/ses_startup_nrf52840.o
 .bss           0x0000000000000000        0x0 Output/Basic tutorial---adc Release/Obj/ses_startup_nrf52840.o
 .group         0x0000000000000000        0xc Output/Basic tutorial---adc Release/Obj/system_nrf52840.o
 .group         0x0000000000000000        0xc Output/Basic tutorial---adc Release/Obj/system_nrf52840.o
 .group         0x0000000000000000        0xc Output/Basic tutorial---adc Release/Obj/system_nrf52840.o
 .group         0x0000000000000000        0xc Output/Basic tutorial---adc Release/Obj/system_nrf52840.o
 .group         0x0000000000000000        0xc Output/Basic tutorial---adc Release/Obj/system_nrf52840.o
 .group         0x0000000000000000        0xc Output/Basic tutorial---adc Release/Obj/system_nrf52840.o
 .group         0x0000000000000000        0xc Output/Basic tutorial---adc Release/Obj/system_nrf52840.o
 .group         0x0000000000000000        0xc Output/Basic tutorial---adc Release/Obj/system_nrf52840.o
 .group         0x0000000000000000        0xc Output/Basic tutorial---adc Release/Obj/system_nrf52840.o
 .group         0x0000000000000000        0xc Output/Basic tutorial---adc Release/Obj/system_nrf52840.o
 .group         0x0000000000000000        0xc Output/Basic tutorial---adc Release/Obj/system_nrf52840.o
 .group         0x0000000000000000        0xc Output/Basic tutorial---adc Release/Obj/system_nrf52840.o
 .group         0x0000000000000000        0xc Output/Basic tutorial---adc Release/Obj/system_nrf52840.o
 .text          0x0000000000000000        0x0 Output/Basic tutorial---adc Release/Obj/system_nrf52840.o
 .data          0x0000000000000000        0x0 Output/Basic tutorial---adc Release/Obj/system_nrf52840.o
 .bss           0x0000000000000000        0x0 Output/Basic tutorial---adc Release/Obj/system_nrf52840.o
 .text.SystemCoreClockUpdate
                0x0000000000000000       0x10 Output/Basic tutorial---adc Release/Obj/system_nrf52840.o
 .group         0x0000000000000000        0xc Output/Basic tutorial---adc Release/Obj/main.o
[...]
Memory Configuration

Name             Origin             Length             Attributes
UNPLACED_SECTIONS 0x0000000100000000 0x0000000000000000 xw
RAM              0x0000000020000000 0x0000000000040000 xw
FLASH            0x0000000000000000 0x0000000000100000 xw
*default*        0x0000000000000000 0xffffffffffffffff

Linker script and memory map

                0x0000000000000000                __vfprintf = __vfprintf_long
                0x0000000000000000                __vfscanf = __vfscanf_int
                0x0000000020000000                __RAM_segment_start__ = 0x20000000
                0x0000000020040000                __RAM_segment_end__ = 0x20040000
                0x0000000000040000                __RAM_segment_size__ = 0x40000
                0x0000000000000000                __FLASH_segment_start__ = 0x0
                0x0000000000100000                __FLASH_segment_end__ = 0x100000
                0x0000000000100000                __FLASH_segment_size__ = 0x100000
                0x0000000000002000                __HEAPSIZE__ = 0x2000
                0x0000000000000000                __STACKSIZE_PROCESS__ = 0x0
                0x0000000000002000                __STACKSIZE__ = 0x2000
                0x0000000020000000                __reserved_ram_load_start__ = 0x20000000

.reserved_ram   0x0000000020000000     0x2210
                0x0000000020000000                __reserved_ram_start__ = .
 *(.reserved_ram .reserved_ram.*)
                0x0000000020002210                . = MAX (((__reserved_ram_start__ + 0x20002210) - 0x20000000), .)
 *fill*         0x0000000020000000     0x2210 
                0x0000000020002210                __reserved_ram_end__ = (__reserved_ram_start__ + SIZEOF (.reserved_ram))
                0x0000000000002210                __reserved_ram_size__ = SIZEOF (.reserved_ram)
                0x0000000020002210                __reserved_ram_load_end__ = __reserved_ram_end__
                0x0000000000000001                . = ASSERT (((__reserved_ram_start__ == __reserved_ram_end__) || ((__reserved_ram_end__ >= __RAM_segment_start__) && (__reserved_ram_end__ <= __RAM_segment_end__))), error: .reserved_ram is too large to fit in RAM memory segment)
                0x0000000020002210                __vectors_ram_load_start__ = 0x20002210

.vectors_ram    0x0000000020002210        0x0
                0x0000000020002210                __vectors_ram_start__ = .
                0x0000000020002210                __app_ram_start__ = __vectors_ram_start__
 *(.vectors_ram .vectors_ram.*)
                0x0000000020002210                __vectors_ram_end__ = (__vectors_ram_start__ + SIZEOF (.vectors_ram))
                0x0000000000000000                __vectors_ram_size__ = SIZEOF (.vectors_ram)
                0x0000000020002210                __vectors_ram_load_end__ = __vectors_ram_end__
                0x0000000000000001                . = ASSERT (((__vectors_ram_start__ == __vectors_ram_end__) || ((__vectors_ram_end__ >= __RAM_segment_start__) && (__vectors_ram_end__ <= __RAM_segment_end__))), error: .vectors_ram is too large to fit in RAM memory segment)
                0x0000000000000001                . = ASSERT ((__reserved_ram_end__ <= __vectors_ram_start__), error: section .reserved_ram overlaps absolute placed section .vectors_ram)
                0x0000000020002210                __nrf_sections_run_load_start__ = ALIGN (__vectors_ram_end__, 0x4)

.nrf_sections_run
                0x0000000020002210        0x0
                0x0000000020002210                __nrf_sections_run_start__ = .
                0x0000000020002210                __start_nrf_sections_run = __nrf_sections_run_start__
 *(.nrf_sections_run .nrf_sections_run.*)
                0x0000000020002210                __nrf_sections_run_end__ = (__nrf_sections_run_start__ + SIZEOF (.nrf_sections_run))
                0x0000000000000000                __nrf_sections_run_size__ = SIZEOF (.nrf_sections_run)
                0x0000000020002210                __nrf_sections_run_load_end__ = __nrf_sections_run_end__
                0x0000000000000001                . = ASSERT (((__nrf_sections_run_start__ == __nrf_sections_run_end__) || ((__nrf_sections_run_end__ >= __RAM_segment_start__) && (__nrf_sections_run_end__ <= __RAM_segment_end__))), error: .nrf_sections_run is too large to fit in RAM memory segment)
                0x0000000000000000                __reserved_flash_load_start__ = 0x0

.reserved_flash
                0x0000000000000000    0x26000
                0x0000000000000000                __reserved_flash_start__ = .
 *(.reserved_flash .reserved_flash.*)
                0x0000000000026000                . = MAX (((__reserved_flash_start__ + 0x26000) - 0x0), .)
 *fill*         0x0000000000000000    0x26000 
                0x0000000000026000                __reserved_flash_end__ = (__reserved_flash_start__ + SIZEOF (.reserved_flash))
                0x0000000000026000                __reserved_flash_size__ = SIZEOF (.reserved_flash)
                0x0000000000026000                __reserved_flash_load_end__ = __reserved_flash_end__
                0x0000000000000001                . = ASSERT (((__reserved_flash_start__ == __reserved_flash_end__) || ((__reserved_flash_end__ >= __FLASH_segment_start__) && (__reserved_flash_end__ <= __FLASH_segment_end__))), error: .reserved_flash is too large to fit in FLASH memory segment)
                0x0000000000026000                __vectors_load_start__ = 0x26000

.vectors        0x0000000000026000      0x200
                0x0000000000026000                __vectors_start__ = .
 *(.vectors .vectors.*)
 .vectors       0x0000000000026000      0x200 Output/Basic tutorial---adc Release/Obj/ses_startup_nrf52840.o
                0x0000000000026000                _vectors
                0x0000000000026200                __vectors_end__ = (__vectors_start__ + SIZEOF (.vectors))
                0x0000000000000200                __vectors_size__ = SIZEOF (.vectors)
                0x0000000000026200                __vectors_load_end__ = __vectors_end__
                0x0000000000000001                . = ASSERT (((__vectors_start__ == __vectors_end__) || ((__vectors_end__ >= __FLASH_segment_start__) && (__vectors_end__ <= __FLASH_segment_end__))), error: .vectors is too large to fit in FLASH memory segment)
                0x0000000000000001                . = ASSERT ((__reserved_flash_end__ <= __vectors_start__), error: section .reserved_flash overlaps absolute placed section .vectors)
                0x0000000000026200                __init_load_start__ = ALIGN (__vectors_end__, 0x4)

.init           0x0000000000026200      0x1d8
                0x0000000000026200                __init_start__ = .
 *(.init .init.*)
 .init          0x0000000000026200       0x60 Output/Basic tutorial---adc Release/Obj/ses_startup_nrf_common.o
                0x0000000000026200                Reset_Handler
                0x0000000000026228                InitializeUserMemorySections
 .init          0x0000000000026260       0x18 Output/Basic tutorial---adc Release/Obj/ses_startup_nrf52840.o
                0x0000000000026260                NMI_Handler
                0x0000000000026262                HardFault_Handler
                0x0000000000026264                MemoryManagement_Handler
                0x0000000000026266                BusFault_Handler
                0x0000000000026268                UsageFault_Handler
                0x000000000002626a                SVC_Handler
                0x000000000002626c                DebugMon_Handler
                0x000000000002626e                PendSV_Handler
                0x0000000000026270                SysTick_Handler
                0x0000000000026272                RADIO_IRQHandler
                0x0000000000026272                PDM_IRQHandler
                0x0000000000026272                TEMP_IRQHandler
                0x0000000000026272                RTC0_IRQHandler
                0x0000000000026272                PWM1_IRQHandler
                0x0000000000026272                TIMER3_IRQHandler
                0x0000000000026272                PWM3_IRQHandler
                0x0000000000026272                FPU_IRQHandler
                0x0000000000026272                USBD_IRQHandler
                0x0000000000026272                SPIM0_SPIS0_TWIM0_TWIS0_SPI0_TWI0_IRQHandler
                0x0000000000026272                SWI2_EGU2_IRQHandler
                0x0000000000026272                TIMER4_IRQHandler
                0x0000000000026272                CRYPTOCELL_IRQHandler
                0x0000000000026272                QDEC_IRQHandler
                0x0000000000026272                SWI4_EGU4_IRQHandler
                0x0000000000026272                TIMER0_IRQHandler
                0x0000000000026272                UARTE1_IRQHandler
                0x0000000000026272                Dummy_Handler
                0x0000000000026272                TIMER1_IRQHandler
                0x0000000000026272                SPIM3_IRQHandler
                0x0000000000026272                PWM2_IRQHandler
                0x0000000000026272                ECB_IRQHandler
                0x0000000000026272                SPIM1_SPIS1_TWIM1_TWIS1_SPI1_TWI1_IRQHandler
                0x0000000000026272                SAADC_IRQHandler
                0x0000000000026272                CCM_AAR_IRQHandler
                0x0000000000026272                WDT_IRQHandler
                0x0000000000026272                QSPI_IRQHandler
                0x0000000000026272                SWI5_EGU5_IRQHandler
                0x0000000000026272                RNG_IRQHandler
                0x0000000000026272                RTC2_IRQHandler
                0x0000000000026272                PWM0_IRQHandler
                0x0000000000026272                SWI3_EGU3_IRQHandler
                0x0000000000026272                SWI1_EGU1_IRQHandler
                0x0000000000026272                SPIM2_SPIS2_SPI2_IRQHandler
                0x0000000000026272                NFCT_IRQHandler
                0x0000000000026272                I2S_IRQHandler
                0x0000000000026272                MWU_IRQHandler
                0x0000000000026272                TIMER2_IRQHandler
                0x0000000000026272                COMP_LPCOMP_IRQHandler
                0x0000000000026274                nRFInitialize
 .init          0x0000000000026278      0x160 Output/Basic tutorial---adc Release/Obj/thumb_crt0.o
                0x0000000000026278                _start
                0x000000000002632e                exit
                0x00000000000263d8                __init_end__ = (__init_start__ + SIZEOF (.init))
                0x00000000000001d8                __init_size__ = SIZEOF (.init)
                0x00000000000263d8                __init_load_end__ = __init_end__
                0x0000000000000001                . = ASSERT (((__init_start__ == __init_end__) || ((__init_end__ >= __FLASH_segment_start__) && (__init_end__ <= __FLASH_segment_end__))), error: .init is too large to fit in FLASH memory segment)
                0x00000000000263d8                __init_rodata_load_start__ = ALIGN (__init_end__, 0x4)

.init_rodata    0x00000000000263d8        0x0
                0x00000000000263d8                __init_rodata_start__ = .
 *(.init_rodata .init_rodata.*)
                0x00000000000263d8                __init_rodata_end__ = (__init_rodata_start__ + SIZEOF (.init_rodata))
                0x0000000000000000                __init_rodata_size__ = SIZEOF (.init_rodata)
                0x00000000000263d8                __init_rodata_load_end__ = __init_rodata_end__
                0x0000000000000001                . = ASSERT (((__init_rodata_start__ == __init_rodata_end__) || ((__init_rodata_end__ >= __FLASH_segment_start__) && (__init_rodata_end__ <= __FLASH_segment_end__))), error: .init_rodata is too large to fit in FLASH memory segment)
                0x00000000000263d8                __text_load_start__ = ALIGN (__init_rodata_end__, 0x4)

.text           0x00000000000263d8     0x2ea2
                0x00000000000263d8                __text_start__ = .
 *(.text .text.* .glue_7t .glue_7 .gnu.linkonce.t.* .gcc_except_table .ARM.extab* .gnu.linkonce.armextab.*)
 .glue_7        0x00000000000263d8        0x0 linker stubs
 .glue_7t       0x00000000000263d8        0x0 linker stubs
 .text.errata_98
                0x00000000000263d8       0x20 Output/Basic tutorial---adc Release/Obj/system_nrf52840.o
 .text.SystemInit
                0x00000000000263f8      0x1b8 Output/Basic tutorial---adc Release/Obj/system_nrf52840.o
                0x00000000000263f8                SystemInit
 .text.startup.main
                0x00000000000265b0        0xa Output/Basic tutorial---adc Release/Obj/main.o
                0x00000000000265b0                main
 *fill*         0x00000000000265ba        0x2 
 .text.user_multi_click_handler
                0x00000000000265bc       0x30 Output/Basic tutorial---adc Release/Obj/user_application.o
                0x00000000000265bc                user_multi_click_handler
 .text.user_long_pressed_handler
                0x00000000000265ec       0x28 Output/Basic tutorial---adc Release/Obj/user_application.o
                0x00000000000265ec                user_long_pressed_handler
 .text.user_application_init
                0x0000000000026614       0x7c Output/Basic tutorial---adc Release/Obj/user_application.o
                0x0000000000026614                user_application_init
 .text.log_init
                0x0000000000026690       0x1a Output/Basic tutorial---adc Release/Obj/user_log.o
                0x0000000000026690                log_init
 *fill*         0x00000000000266aa        0x2 
 .text.user_long_press_handler
                0x00000000000266ac       0x18 Output/Basic tutorial---adc Release/Obj/user_multi_click.o
 .text.user_short_press_handler
                0x00000000000266c4       0x10 Output/Basic tutorial---adc Release/Obj/user_multi_click.o
 .text.user_button_handler
                0x00000000000266d4       0x9c Output/Basic tutorial---adc Release/Obj/user_multi_click.o
 .text.user_button_timer_init
                0x0000000000026770       0x74 Output/Basic tutorial---adc Release/Obj/user_multi_click.o
                0x0000000000026770                user_button_timer_init
 .text.user_multi_click_init
                0x00000000000267e4       0xa4 Output/Basic tutorial---adc Release/Obj/user_multi_click.o
                0x00000000000267e4                user_multi_click_init
 .text.nrf_log_backend_serial_put
                0x0000000000026888       0xcc Output/Basic tutorial---adc Release/Obj/nrf_log_backend_serial.o
                0x0000000000026888                nrf_log_backend_serial_put
 .text.nrf_log_backend_uart_flush
                0x0000000000026954        0x2 Output/Basic tutorial---adc Release/Obj/nrf_log_backend_uart.o
 *fill*         0x0000000000026956        0x2 
 .text.nrf_log_backend_uart_put
                0x0000000000026958       0x1c Output/Basic tutorial---adc Release/Obj/nrf_log_backend_uart.o
 .text.uart_init.constprop.0
                0x0000000000026974       0x40 Output/Basic tutorial---adc Release/Obj/nrf_log_backend_uart.o
 .text.serial_tx
                0x00000000000269b4       0x48 Output/Basic tutorial---adc Release/Obj/nrf_log_backend_uart.o
 .text.nrf_log_backend_uart_panic_set
                0x00000000000269fc       0x2c Output/Basic tutorial---adc Release/Obj/nrf_log_backend_uart.o
 .text.nrf_log_backend_uart_init
                0x0000000000026a28        0x4 Output/Basic tutorial---adc Release/Obj/nrf_log_backend_uart.o
                0x0000000000026a28                nrf_log_backend_uart_init
 .text.nrf_log_default_backends_init
                0x0000000000026a2c       0x20 Output/Basic tutorial---adc Release/Obj/nrf_log_default_backends.o
                0x0000000000026a2c                nrf_log_default_backends_init
 .text.invalid_packets_omit
                0x0000000000026a4c       0x3a Output/Basic tutorial---adc Release/Obj/nrf_log_frontend.o
 *fill*         0x0000000000026a86        0x2 
 .text.buf_prealloc
                0x0000000000026a88      0x12c Output/Basic tutorial---adc Release/Obj/nrf_log_frontend.o
 .text.nrf_log_init
                0x0000000000026bb4       0x3c Output/Basic tutorial---adc Release/Obj/nrf_log_frontend.o
                0x0000000000026bb4                nrf_log_init
 .text.nrf_log_module_name_get
                0x0000000000026bf0       0x38 Output/Basic tutorial---adc Release/Obj/nrf_log_frontend.o
                0x0000000000026bf0                nrf_log_module_name_get
 .text.nrf_log_color_id_get
                0x0000000000026c28       0x2c Output/Basic tutorial---adc Release/Obj/nrf_log_frontend.o
                0x0000000000026c28                nrf_log_color_id_get
 .text.buffer_is_empty
                0x0000000000026c54       0x14 Output/Basic tutorial---adc Release/Obj/nrf_log_frontend.o
                0x0000000000026c54                buffer_is_empty
 .text.nrf_log_frontend_dequeue
                0x0000000000026c68      0x220 Output/Basic tutorial---adc Release/Obj/nrf_log_frontend.o
                0x0000000000026c68                nrf_log_frontend_dequeue
 .text.std_n    0x0000000000026e88       0xb0 Output/Basic tutorial---adc Release/Obj/nrf_log_frontend.o
 .text.nrf_log_frontend_std_0
                0x0000000000026f38        0x8 Output/Basic tutorial---adc Release/Obj/nrf_log_frontend.o
                0x0000000000026f38                nrf_log_frontend_std_0
 .text.nrf_log_frontend_std_1
                0x0000000000026f40       0x14 Output/Basic tutorial---adc Release/Obj/nrf_log_frontend.o
                0x0000000000026f40                nrf_log_frontend_std_1
 .text.nrf_log_backend_add
                0x0000000000026f54       0x44 Output/Basic tutorial---adc Release/Obj/nrf_log_frontend.o
                0x0000000000026f54                nrf_log_backend_add
 .text.nrf_log_panic
                0x0000000000026f98       0x2c Output/Basic tutorial---adc Release/Obj/nrf_log_frontend.o
                0x0000000000026f98                nrf_log_panic
 .text.postfix_process
                0x0000000000026fc4       0x3c Output/Basic tutorial---adc Release/Obj/nrf_log_str_formatter.o
 .text.prefix_process
                0x0000000000027000       0x78 Output/Basic tutorial---adc Release/Obj/nrf_log_str_formatter.o
 .text.nrf_log_std_entry_process
                0x0000000000027078       0xc8 Output/Basic tutorial---adc Release/Obj/nrf_log_str_formatter.o
                0x0000000000027078                nrf_log_std_entry_process
 .text.nrf_log_hexdump_entry_process
                0x0000000000027140       0xac Output/Basic tutorial---adc Release/Obj/nrf_log_str_formatter.o
                0x0000000000027140                nrf_log_hexdump_entry_process
 .text.app_error_handler_bare
                0x00000000000271ec       0x1a Output/Basic tutorial---adc Release/Obj/app_error.o
                0x00000000000271ec                app_error_handler_bare
 .text.memobj_op
                0x0000000000027206       0x82 Output/Basic tutorial---adc Release/Obj/nrf_memobj.o
 .text.nrf_memobj_pool_init
                0x0000000000027288        0x4 Output/Basic tutorial---adc Release/Obj/nrf_memobj.o
                0x0000000000027288                nrf_memobj_pool_init
 .text.nrf_memobj_free
                0x000000000002728c       0x2c Output/Basic tutorial---adc Release/Obj/nrf_memobj.o
                0x000000000002728c                nrf_memobj_free
 .text.nrf_memobj_alloc
                0x00000000000272b8       0x5e Output/Basic tutorial---adc Release/Obj/nrf_memobj.o
                0x00000000000272b8                nrf_memobj_alloc
 .text.nrf_memobj_get
                0x0000000000027316        0x8 Output/Basic tutorial---adc Release/Obj/nrf_memobj.o
                0x0000000000027316                nrf_memobj_get
 .text.nrf_memobj_put
                0x000000000002731e       0x1e Output/Basic tutorial---adc Release/Obj/nrf_memobj.o
                0x000000000002731e                nrf_memobj_put
 .text.nrf_memobj_write
                0x000000000002733c       0x16 Output/Basic tutorial---adc Release/Obj/nrf_memobj.o
                0x000000000002733c                nrf_memobj_write
 .text.nrf_memobj_read
                0x0000000000027352       0x16 Output/Basic tutorial---adc Release/Obj/nrf_memobj.o
                0x0000000000027352                nrf_memobj_read
 .text.nrf_fprintf_buffer_flush
                0x0000000000027368       0x16 Output/Basic tutorial---adc Release/Obj/nrf_fprintf.o
                0x0000000000027368                nrf_fprintf_buffer_flush
 .text.nrf_fprintf
                0x000000000002737e       0x1e Output/Basic tutorial---adc Release/Obj/nrf_fprintf.o
                0x000000000002737e                nrf_fprintf
 .text.buffer_add
                0x000000000002739c       0x1e Output/Basic tutorial---adc Release/Obj/nrf_fprintf_format.o
 *fill*         0x00000000000273ba        0x2 
 .text.unsigned_print
                0x00000000000273bc       0xac Output/Basic tutorial---adc Release/Obj/nrf_fprintf_format.o
 .text.nrf_fprintf_fmt
                0x0000000000027468      0x28a Output/Basic tutorial---adc Release/Obj/nrf_fprintf_format.o
                0x0000000000027468                nrf_fprintf_fmt
 *fill*         0x00000000000276f2        0x2 
 .text.app_error_fault_handler
                0x00000000000276f4       0x70 Output/Basic tutorial---adc Release/Obj/app_error_weak.o
                0x00000000000276f4                app_error_fault_handler
 .text.app_util_disable_irq
                0x0000000000027764       0x10 Output/Basic tutorial---adc Release/Obj/app_util_platform.o
                0x0000000000027764                app_util_disable_irq
 .text.app_util_enable_irq
                0x0000000000027774       0x14 Output/Basic tutorial---adc Release/Obj/app_util_platform.o
                0x0000000000027774                app_util_enable_irq
 .text.app_util_critical_region_enter
                0x0000000000027788        0x4 Output/Basic tutorial---adc Release/Obj/app_util_platform.o
                0x0000000000027788                app_util_critical_region_enter
 .text.app_util_critical_region_exit
                0x000000000002778c        0x4 Output/Basic tutorial---adc Release/Obj/app_util_platform.o
                0x000000000002778c                app_util_critical_region_exit
 .text.nrf_atomic_u32_fetch_store
                0x0000000000027790       0x14 Output/Basic tutorial---adc Release/Obj/nrf_atomic.o
                0x0000000000027790                nrf_atomic_u32_fetch_store
 .text.nrf_atomic_u32_or
                0x00000000000277a4       0x16 Output/Basic tutorial---adc Release/Obj/nrf_atomic.o
                0x00000000000277a4                nrf_atomic_u32_or
 .text.nrf_atomic_u32_fetch_and
                0x00000000000277ba       0x16 Output/Basic tutorial---adc Release/Obj/nrf_atomic.o
                0x00000000000277ba                nrf_atomic_u32_fetch_and
 .text.nrf_atomic_u32_add
                0x00000000000277d0       0x16 Output/Basic tutorial---adc Release/Obj/nrf_atomic.o
                0x00000000000277d0                nrf_atomic_u32_add
 .text.nrf_atomic_u32_sub
                0x00000000000277e6       0x16 Output/Basic tutorial---adc Release/Obj/nrf_atomic.o
                0x00000000000277e6                nrf_atomic_u32_sub
 .text.nrf_atomic_flag_set
                0x00000000000277fc        0x6 Output/Basic tutorial---adc Release/Obj/nrf_atomic.o
                0x00000000000277fc                nrf_atomic_flag_set
 .text.nrf_atomic_flag_clear_fetch
                0x0000000000027802        0x6 Output/Basic tutorial---adc Release/Obj/nrf_atomic.o
                0x0000000000027802                nrf_atomic_flag_clear_fetch
 .text.nrf_balloc_init
                0x0000000000027808       0x2e Output/Basic tutorial---adc Release/Obj/nrf_balloc.o
                0x0000000000027808                nrf_balloc_init
 .text.nrf_balloc_alloc
                0x0000000000027836       0x40 Output/Basic tutorial---adc Release/Obj/nrf_balloc.o
                0x0000000000027836                nrf_balloc_alloc
 .text.nrf_balloc_free
                0x0000000000027876       0x2a Output/Basic tutorial---adc Release/Obj/nrf_balloc.o
                0x0000000000027876                nrf_balloc_free
 .text.nrf_ringbuf_init
                0x00000000000278a0       0x12 Output/Basic tutorial---adc Release/Obj/nrf_ringbuf.o
                0x00000000000278a0                nrf_ringbuf_init
 *fill*         0x00000000000278b2        0x2 
 .text.user_op_alloc
                0x00000000000278b4       0x2c Output/Basic tutorial---adc Release/Obj/app_timer.o
 .text.timer_stop_op_schedule
                0x00000000000278e0       0x48 Output/Basic tutorial---adc Release/Obj/app_timer.o
 .text.nrfx_coredep_delay_us.constprop.3
                0x0000000000027928       0x10 Output/Basic tutorial---adc Release/Obj/app_timer.o
 .text.rtc1_stop
                0x0000000000027938       0x44 Output/Basic tutorial---adc Release/Obj/app_timer.o
 .text.RTC1_IRQHandler
                0x000000000002797c       0x9c Output/Basic tutorial---adc Release/Obj/app_timer.o
                0x000000000002797c                RTC1_IRQHandler
 .text.SWI0_EGU0_IRQHandler
                0x0000000000027a18      0x2ac Output/Basic tutorial---adc Release/Obj/app_timer.o
                0x0000000000027a18                SWI0_EGU0_IRQHandler
 .text.app_timer_init
                0x0000000000027cc4       0x60 Output/Basic tutorial---adc Release/Obj/app_timer.o
                0x0000000000027cc4                app_timer_init
 .text.app_timer_create
                0x0000000000027d24       0x24 Output/Basic tutorial---adc Release/Obj/app_timer.o
                0x0000000000027d24                app_timer_create
 .text.app_timer_start
                0x0000000000027d48       0x84 Output/Basic tutorial---adc Release/Obj/app_timer.o
                0x0000000000027d48                app_timer_start
 .text.app_timer_stop
                0x0000000000027dcc       0x20 Output/Basic tutorial---adc Release/Obj/app_timer.o
                0x0000000000027dcc                app_timer_stop
 .text.detection_delay_timeout_handler
                0x0000000000027dec      0x104 Output/Basic tutorial---adc Release/Obj/app_button.o
 .text.gpiote_event_handler
                0x0000000000027ef0       0xa8 Output/Basic tutorial---adc Release/Obj/app_button.o
 .text.app_button_init
                0x0000000000027f98       0xa8 Output/Basic tutorial---adc Release/Obj/app_button.o
                0x0000000000027f98                app_button_init
 .text.app_button_enable
                0x0000000000028040       0x2c Output/Basic tutorial---adc Release/Obj/app_button.o
                0x0000000000028040                app_button_enable
 .text.uarte_evt_handler
                0x000000000002806c       0x34 Output/Basic tutorial---adc Release/Obj/nrf_drv_uart.o
 .text.uart_evt_handler
                0x00000000000280a0       0x34 Output/Basic tutorial---adc Release/Obj/nrf_drv_uart.o
 .text.nrf_drv_uart_init
                0x00000000000280d4       0x7c Output/Basic tutorial---adc Release/Obj/nrf_drv_uart.o
                0x00000000000280d4                nrf_drv_uart_init
 .text.nrf_uarte_event_clear
                0x0000000000028150       0x10 Output/Basic tutorial---adc Release/Obj/nrfx_uarte.o
 .text.rx_done_event.constprop.6
                0x0000000000028160       0x24 Output/Basic tutorial---adc Release/Obj/nrfx_uarte.o
 .text.nrfx_uarte_0_irq_handler
                0x0000000000028184       0xec Output/Basic tutorial---adc Release/Obj/nrfx_uarte.o
                0x0000000000028184                nrfx_uarte_0_irq_handler
 .text.nrf_gpio_cfg_default
                0x0000000000028270       0x20 Output/Basic tutorial---adc Release/Obj/nrfx_uarte.o
 .text.nrfx_uarte_init
                0x0000000000028290      0x1c4 Output/Basic tutorial---adc Release/Obj/nrfx_uarte.o
                0x0000000000028290                nrfx_uarte_init
 .text.nrfx_uarte_uninit
                0x0000000000028454       0xac Output/Basic tutorial---adc Release/Obj/nrfx_uarte.o
                0x0000000000028454                nrfx_uarte_uninit
 .text.nrfx_uarte_tx
                0x0000000000028500       0x88 Output/Basic tutorial---adc Release/Obj/nrfx_uarte.o
                0x0000000000028500                nrfx_uarte_tx
 .text.nrf_uart_event_clear
                0x0000000000028588       0x10 Output/Basic tutorial---adc Release/Obj/nrfx_uart.o
 .text.tx_byte  0x0000000000028598       0x1e Output/Basic tutorial---adc Release/Obj/nrfx_uart.o
 .text.rx_byte  0x00000000000285b6       0x2c Output/Basic tutorial---adc Release/Obj/nrfx_uart.o
 *fill*         0x00000000000285e2        0x2 
 .text.rx_done_event.constprop.7
                0x00000000000285e4       0x20 Output/Basic tutorial---adc Release/Obj/nrfx_uart.o
 .text.nrfx_uart_0_irq_handler
                0x0000000000028604      0x13c Output/Basic tutorial---adc Release/Obj/nrfx_uart.o
                0x0000000000028604                nrfx_uart_0_irq_handler
 .text.nrf_gpio_cfg_default
                0x0000000000028740       0x20 Output/Basic tutorial---adc Release/Obj/nrfx_uart.o
 .text.nrfx_uart_init
                0x0000000000028760      0x1b4 Output/Basic tutorial---adc Release/Obj/nrfx_uart.o
                0x0000000000028760                nrfx_uart_init
 .text.nrfx_uart_uninit
                0x0000000000028914       0xac Output/Basic tutorial---adc Release/Obj/nrfx_uart.o
                0x0000000000028914                nrfx_uart_uninit
 .text.nrfx_uart_tx
                0x00000000000289c0       0x94 Output/Basic tutorial---adc Release/Obj/nrfx_uart.o
                0x00000000000289c0                nrfx_uart_tx
 .text.UARTE0_UART0_IRQHandler
                0x0000000000028a54        0xc Output/Basic tutorial---adc Release/Obj/nrfx_prs.o
                0x0000000000028a54                UARTE0_UART0_IRQHandler
 .text.nrfx_prs_acquire
                0x0000000000028a60       0x34 Output/Basic tutorial---adc Release/Obj/nrfx_prs.o
                0x0000000000028a60                nrfx_prs_acquire
 .text.nrfx_prs_release
                0x0000000000028a94       0x18 Output/Basic tutorial---adc Release/Obj/nrfx_prs.o
                0x0000000000028a94                nrfx_prs_release
 .text.clock_clk_started_notify
                0x0000000000028aac       0x28 Output/Basic tutorial---adc Release/Obj/nrf_drv_clock.o
 .text.clock_irq_handler
                0x0000000000028ad4       0x1c Output/Basic tutorial---adc Release/Obj/nrf_drv_clock.o
 .text.nrf_drv_clock_init
                0x0000000000028af0       0x30 Output/Basic tutorial---adc Release/Obj/nrf_drv_clock.o
                0x0000000000028af0                nrf_drv_clock_init
 .text.nrf_drv_clock_lfclk_request
                0x0000000000028b20       0x54 Output/Basic tutorial---adc Release/Obj/nrf_drv_clock.o
                0x0000000000028b20                nrf_drv_clock_lfclk_request
 .text.nrf_gpiote_event_clear
                0x0000000000028b74       0x18 Output/Basic tutorial---adc Release/Obj/nrfx_gpiote.o
 .text.nrf_gpio_pin_port_decode
                0x0000000000028b8c       0x18 Output/Basic tutorial---adc Release/Obj/nrfx_gpiote.o
 .text.nrf_gpio_cfg_sense_set
                0x0000000000028ba4       0x32 Output/Basic tutorial---adc Release/Obj/nrfx_gpiote.o
 *fill*         0x0000000000028bd6        0x2 
 .text.channel_free
                0x0000000000028bd8       0x1c Output/Basic tutorial---adc Release/Obj/nrfx_gpiote.o
 .text.nrfx_gpiote_init
                0x0000000000028bf4       0x70 Output/Basic tutorial---adc Release/Obj/nrfx_gpiote.o
                0x0000000000028bf4                nrfx_gpiote_init
 .text.nrfx_gpiote_is_init
                0x0000000000028c64       0x14 Output/Basic tutorial---adc Release/Obj/nrfx_gpiote.o
                0x0000000000028c64                nrfx_gpiote_is_init
 .text.nrfx_gpiote_in_init
                0x0000000000028c78      0x10c Output/Basic tutorial---adc Release/Obj/nrfx_gpiote.o
                0x0000000000028c78                nrfx_gpiote_in_init
 .text.nrfx_gpiote_in_event_enable
                0x0000000000028d84       0x94 Output/Basic tutorial---adc Release/Obj/nrfx_gpiote.o
                0x0000000000028d84                nrfx_gpiote_in_event_enable
 .text.nrfx_gpiote_in_is_set
                0x0000000000028e18       0x20 Output/Basic tutorial---adc Release/Obj/nrfx_gpiote.o
                0x0000000000028e18                nrfx_gpiote_in_is_set
 .text.GPIOTE_IRQHandler
                0x0000000000028e38      0x1a4 Output/Basic tutorial---adc Release/Obj/nrfx_gpiote.o
                0x0000000000028e38                GPIOTE_IRQHandler
 .text.nrf_clock_event_clear
                0x0000000000028fdc       0x14 Output/Basic tutorial---adc Release/Obj/nrfx_clock.o
 .text.nrfx_clock_init
                0x0000000000028ff0       0x1c Output/Basic tutorial---adc Release/Obj/nrfx_clock.o
                0x0000000000028ff0                nrfx_clock_init
 .text.nrfx_clock_enable
                0x000000000002900c       0x28 Output/Basic tutorial---adc Release/Obj/nrfx_clock.o
                0x000000000002900c                nrfx_clock_enable
 .text.nrfx_clock_lfclk_start
                0x0000000000029034       0x1a Output/Basic tutorial---adc Release/Obj/nrfx_clock.o
                0x0000000000029034                nrfx_clock_lfclk_start
 *fill*         0x000000000002904e        0x2 
 .text.POWER_CLOCK_IRQHandler
                0x0000000000029050       0x58 Output/Basic tutorial---adc Release/Obj/nrfx_clock.o
                0x0000000000029050                POWER_CLOCK_IRQHandler
 .text.libc.__RAL_ascii_isctype
                0x00000000000290a8       0x1c F:/SEGGER Embedded Studio for ARM 4.10/lib/libc_v7em_fpv4_sp_d16_hard_t_le_eabi.a(libc2.o)
 .text.libc.__RAL_ascii_toupper
                0x00000000000290c4        0xc F:/SEGGER Embedded Studio for ARM 4.10/lib/libc_v7em_fpv4_sp_d16_hard_t_le_eabi.a(libc2.o)
 .text.libc.__RAL_ascii_tolower
                0x00000000000290d0        0xc F:/SEGGER Embedded Studio for ARM 4.10/lib/libc_v7em_fpv4_sp_d16_hard_t_le_eabi.a(libc2.o)
 .text.libc.__RAL_ascii_iswctype
                0x00000000000290dc       0x1c F:/SEGGER Embedded Studio for ARM 4.10/lib/libc_v7em_fpv4_sp_d16_hard_t_le_eabi.a(libc2.o)
 .text.libc.__RAL_ascii_towupper
                0x00000000000290f8        0xc F:/SEGGER Embedded Studio for ARM 4.10/lib/libc_v7em_fpv4_sp_d16_hard_t_le_eabi.a(libc2.o)
 .text.libc.__RAL_ascii_towlower
                0x0000000000029104        0xc F:/SEGGER Embedded Studio for ARM 4.10/lib/libc_v7em_fpv4_sp_d16_hard_t_le_eabi.a(libc2.o)
 .text.libc.__RAL_ascii_wctomb
                0x0000000000029110        0xe F:/SEGGER Embedded Studio for ARM 4.10/lib/libc_v7em_fpv4_sp_d16_hard_t_le_eabi.a(libc2.o)
                0x0000000000029110                __RAL_ascii_wctomb
 .text.libc.__RAL_ascii_mbtowc
                0x000000000002911e       0x24 F:/SEGGER Embedded Studio for ARM 4.10/lib/libc_v7em_fpv4_sp_d16_hard_t_le_eabi.a(libc2.o)
                0x000000000002911e                __RAL_ascii_mbtowc
 *fill*         0x0000000000029142        0x2 
 .text.libc.__RAL_isctype
                0x0000000000029144       0x14 F:/SEGGER Embedded Studio for ARM 4.10/lib/libc_v7em_fpv4_sp_d16_hard_t_le_eabi.a(libc2.o)
                0x0000000000029144                __RAL_isctype
 .text.libc.isprint
                0x0000000000029158        0xa F:/SEGGER Embedded Studio for ARM 4.10/lib/libc_v7em_fpv4_sp_d16_hard_t_le_eabi.a(libc2.o)
                0x0000000000029158                isprint
 .text.libc.memcpy
                0x0000000000029162       0x52 F:/SEGGER Embedded Studio for ARM 4.10/lib/libc_v7em_fpv4_sp_d16_hard_t_le_eabi.a(libc2_asm.o)
                0x0000000000029162                __aeabi_memcpy
                0x0000000000029162                memcpy
                0x000000000002916e                __aeabi_memcpy8
                0x000000000002916e                __aeabi_memcpy4
 .text.libc.memset
                0x00000000000291b4       0x66 F:/SEGGER Embedded Studio for ARM 4.10/lib/libc_v7em_fpv4_sp_d16_hard_t_le_eabi.a(libc2_asm.o)
                0x00000000000291b4                memset
 .text.libc.strlen
                0x000000000002921a       0x60 F:/SEGGER Embedded Studio for ARM 4.10/lib/libc_v7em_fpv4_sp_d16_hard_t_le_eabi.a(libc2_asm.o)
                0x000000000002921a                strlen
                0x000000000002927a                __text_end__ = (__text_start__ + SIZEOF (.text))
                0x0000000000002ea2                __text_size__ = SIZEOF (.text)
                0x000000000002927a                __text_load_end__ = __text_end__

.vfp11_veneer   0x0000000100000000        0x0
 .vfp11_veneer  0x0000000100000000        0x0 linker stubs

.v4_bx          0x0000000100000000        0x0
 .v4_bx         0x0000000100000000        0x0 linker stubs

.iplt           0x0000000100000000        0x0
 .iplt          0x0000000100000000        0x0 Output/Basic tutorial---adc Release/Obj/ses_startup_nrf_common.o
                0x0000000000000001                . = ASSERT (((__text_start__ == __text_end__) || ((__text_end__ >= __FLASH_segment_start__) && (__text_end__ <= __FLASH_segment_end__))), error: .text is too large to fit in FLASH memory segment)
                0x000000000002927c                __sdh_soc_observers_load_start__ = ALIGN (__text_end__, 0x4)

.sdh_soc_observers
                0x000000000002927c        0x0
                0x000000000002927c                __sdh_soc_observers_start__ = .
                0x000000000002927c                __start_sdh_soc_observers = __sdh_soc_observers_start__
 *(SORT_BY_NAME(.sdh_soc_observers*))
                0x000000000002927c                __sdh_soc_observers_end__ = (__sdh_soc_observers_start__ + SIZEOF (.sdh_soc_observers))
                0x0000000000000000                __sdh_soc_observers_size__ = SIZEOF (.sdh_soc_observers)
                0x000000000002927c                __stop_sdh_soc_observers = __sdh_soc_observers_end__
                0x000000000002927c                __sdh_soc_observers_load_end__ = __sdh_soc_observers_end__
                0x0000000000000001                . = ASSERT (((__sdh_soc_observers_start__ == __sdh_soc_observers_end__) || ((__sdh_soc_observers_end__ >= __FLASH_segment_start__) && (__sdh_soc_observers_end__ <= __FLASH_segment_end__))), error: .sdh_soc_observers is too large to fit in FLASH memory segment)
                0x000000000002927c                __pwr_mgmt_data_load_start__ = ALIGN (__sdh_soc_observers_end__, 0x4)

.pwr_mgmt_data  0x000000000002927c        0x0
                0x000000000002927c                __pwr_mgmt_data_start__ = .
                0x000000000002927c                __start_pwr_mgmt_data = __pwr_mgmt_data_start__
 *(SORT_BY_NAME(.pwr_mgmt_data*))
                0x000000000002927c                __pwr_mgmt_data_end__ = (__pwr_mgmt_data_start__ + SIZEOF (.pwr_mgmt_data))
                0x0000000000000000                __pwr_mgmt_data_size__ = SIZEOF (.pwr_mgmt_data)
                0x000000000002927c                __stop_pwr_mgmt_data = __pwr_mgmt_data_end__
                0x000000000002927c                __pwr_mgmt_data_load_end__ = __pwr_mgmt_data_end__
                0x0000000000000001                . = ASSERT (((__pwr_mgmt_data_start__ == __pwr_mgmt_data_end__) || ((__pwr_mgmt_data_end__ >= __FLASH_segment_start__) && (__pwr_mgmt_data_end__ <= __FLASH_segment_end__))), error: .pwr_mgmt_data is too large to fit in FLASH memory segment)
                0x000000000002927c                __sdh_ble_observers_load_start__ = ALIGN (__pwr_mgmt_data_end__, 0x4)

.sdh_ble_observers
                0x000000000002927c        0x0
                0x000000000002927c                __sdh_ble_observers_start__ = .
                0x000000000002927c                __start_sdh_ble_observers = __sdh_ble_observers_start__
 *(SORT_BY_NAME(.sdh_ble_observers*))
                0x000000000002927c                __sdh_ble_observers_end__ = (__sdh_ble_observers_start__ + SIZEOF (.sdh_ble_observers))
                0x0000000000000000                __sdh_ble_observers_size__ = SIZEOF (.sdh_ble_observers)
                0x000000000002927c                __stop_sdh_ble_observers = __sdh_ble_observers_end__
                0x000000000002927c                __sdh_ble_observers_load_end__ = __sdh_ble_observers_end__
                0x0000000000000001                . = ASSERT (((__sdh_ble_observers_start__ == __sdh_ble_observers_end__) || ((__sdh_ble_observers_end__ >= __FLASH_segment_start__) && (__sdh_ble_observers_end__ <= __FLASH_segment_end__))), error: .sdh_ble_observers is too large to fit in FLASH memory segment)
                0x000000000002927c                __sdh_stack_observers_load_start__ = ALIGN (__sdh_ble_observers_end__, 0x4)

.sdh_stack_observers
                0x000000000002927c        0x0
                0x000000000002927c                __sdh_stack_observers_start__ = .
                0x000000000002927c                __start_sdh_stack_observers = __sdh_stack_observers_start__
 *(SORT_BY_NAME(.sdh_stack_observers*))
                0x000000000002927c                __sdh_stack_observers_end__ = (__sdh_stack_observers_start__ + SIZEOF (.sdh_stack_observers))
                0x0000000000000000                __sdh_stack_observers_size__ = SIZEOF (.sdh_stack_observers)
                0x000000000002927c                __stop_sdh_stack_observers = __sdh_stack_observers_end__
                0x000000000002927c                __sdh_stack_observers_load_end__ = __sdh_stack_observers_end__
                0x0000000000000001                . = ASSERT (((__sdh_stack_observers_start__ == __sdh_stack_observers_end__) || ((__sdh_stack_observers_end__ >= __FLASH_segment_start__) && (__sdh_stack_observers_end__ <= __FLASH_segment_end__))), error: .sdh_stack_observers is too large to fit in FLASH memory segment)
                0x000000000002927c                __sdh_req_observers_load_start__ = ALIGN (__sdh_stack_observers_end__, 0x4)

.sdh_req_observers
                0x000000000002927c        0x0
                0x000000000002927c                __sdh_req_observers_start__ = .
                0x000000000002927c                __start_sdh_req_observers = __sdh_req_observers_start__
 *(SORT_BY_NAME(.sdh_req_observers*))
                0x000000000002927c                __sdh_req_observers_end__ = (__sdh_req_observers_start__ + SIZEOF (.sdh_req_observers))
                0x0000000000000000                __sdh_req_observers_size__ = SIZEOF (.sdh_req_observers)
                0x000000000002927c                __stop_sdh_req_observers = __sdh_req_observers_end__
                0x000000000002927c                __sdh_req_observers_load_end__ = __sdh_req_observers_end__
                0x0000000000000001                . = ASSERT (((__sdh_req_observers_start__ == __sdh_req_observers_end__) || ((__sdh_req_observers_end__ >= __FLASH_segment_start__) && (__sdh_req_observers_end__ <= __FLASH_segment_end__))), error: .sdh_req_observers is too large to fit in FLASH memory segment)
                0x000000000002927c                __sdh_state_observers_load_start__ = ALIGN (__sdh_req_observers_end__, 0x4)

.sdh_state_observers
                0x000000000002927c        0x0
                0x000000000002927c                __sdh_state_observers_start__ = .
                0x000000000002927c                __start_sdh_state_observers = __sdh_state_observers_start__
 *(SORT_BY_NAME(.sdh_state_observers*))
                0x000000000002927c                __sdh_state_observers_end__ = (__sdh_state_observers_start__ + SIZEOF (.sdh_state_observers))
                0x0000000000000000                __sdh_state_observers_size__ = SIZEOF (.sdh_state_observers)
                0x000000000002927c                __stop_sdh_state_observers = __sdh_state_observers_end__
                0x000000000002927c                __sdh_state_observers_load_end__ = __sdh_state_observers_end__
                0x0000000000000001                . = ASSERT (((__sdh_state_observers_start__ == __sdh_state_observers_end__) || ((__sdh_state_observers_end__ >= __FLASH_segment_start__) && (__sdh_state_observers_end__ <= __FLASH_segment_end__))), error: .sdh_state_observers is too large to fit in FLASH memory segment)
                0x000000000002927c                __nrf_queue_load_start__ = ALIGN (__sdh_state_observers_end__, 0x4)

.nrf_queue      0x000000000002927c        0x0
                0x000000000002927c                __nrf_queue_start__ = .
                0x000000000002927c                __start_nrf_queue = __nrf_queue_start__
 *(.nrf_queue*)
                0x000000000002927c                __nrf_queue_end__ = (__nrf_queue_start__ + SIZEOF (.nrf_queue))
                0x0000000000000000                __nrf_queue_size__ = SIZEOF (.nrf_queue)
                0x000000000002927c                __stop_nrf_queue = __nrf_queue_end__
                0x000000000002927c                __nrf_queue_load_end__ = __nrf_queue_end__
                0x0000000000000001                . = ASSERT (((__nrf_queue_start__ == __nrf_queue_end__) || ((__nrf_queue_end__ >= __FLASH_segment_start__) && (__nrf_queue_end__ <= __FLASH_segment_end__))), error: .nrf_queue is too large to fit in FLASH memory segment)
                0x000000000002927c                __nrf_balloc_load_start__ = ALIGN (__nrf_queue_end__, 0x4)

.nrf_balloc     0x000000000002927c       0x14
                0x000000000002927c                __nrf_balloc_start__ = .
                0x000000000002927c                __start_nrf_balloc = __nrf_balloc_start__
 *(.nrf_balloc*)
 .nrf_balloc    0x000000000002927c       0x14 Output/Basic tutorial---adc Release/Obj/nrf_log_frontend.o
                0x000000000002927c                log_mempool
                0x0000000000029290                __nrf_balloc_end__ = (__nrf_balloc_start__ + SIZEOF (.nrf_balloc))
                0x0000000000000014                __nrf_balloc_size__ = SIZEOF (.nrf_balloc)
                0x0000000000029290                __stop_nrf_balloc = __nrf_balloc_end__
                0x0000000000029290                __nrf_balloc_load_end__ = __nrf_balloc_end__
                0x0000000000000001                . = ASSERT (((__nrf_balloc_start__ == __nrf_balloc_end__) || ((__nrf_balloc_end__ >= __FLASH_segment_start__) && (__nrf_balloc_end__ <= __FLASH_segment_end__))), error: .nrf_balloc is too large to fit in FLASH memory segment)
                0x0000000000029290                __cli_command_load_start__ = ALIGN (__nrf_balloc_end__, 0x4)

.cli_command    0x0000000000029290        0x0
                0x0000000000029290                __cli_command_start__ = .
                0x0000000000029290                __start_cli_command = __cli_command_start__
 *(.cli_command*)
                0x0000000000029290                __cli_command_end__ = (__cli_command_start__ + SIZEOF (.cli_command))
                0x0000000000000000                __cli_command_size__ = SIZEOF (.cli_command)
                0x0000000000029290                __stop_cli_command = __cli_command_end__
                0x0000000000029290                __cli_command_load_end__ = __cli_command_end__
                0x0000000000000001                . = ASSERT (((__cli_command_start__ == __cli_command_end__) || ((__cli_command_end__ >= __FLASH_segment_start__) && (__cli_command_end__ <= __FLASH_segment_end__))), error: .cli_command is too large to fit in FLASH memory segment)
                0x0000000000029290                __crypto_data_load_start__ = ALIGN (__cli_command_end__, 0x4)

.crypto_data    0x0000000000029290        0x0
                0x0000000000029290                __crypto_data_start__ = .
                0x0000000000029290                __start_crypto_data = __crypto_data_start__
 *(SORT_BY_NAME(.crypto_data*))
                0x0000000000029290                __crypto_data_end__ = (__crypto_data_start__ + SIZEOF (.crypto_data))
                0x0000000000000000                __crypto_data_size__ = SIZEOF (.crypto_data)
                0x0000000000029290                __stop_crypto_data = __crypto_data_end__
                0x0000000000029290                __crypto_data_load_end__ = __crypto_data_end__
                0x0000000000000001                . = ASSERT (((__crypto_data_start__ == __crypto_data_end__) || ((__crypto_data_end__ >= __FLASH_segment_start__) && (__crypto_data_end__ <= __FLASH_segment_end__))), error: .crypto_data is too large to fit in FLASH memory segment)
                0x0000000000029290                __log_const_data_load_start__ = ALIGN (__crypto_data_end__, 0x4)

.log_const_data
                0x0000000000029290       0x38
                0x0000000000029290                __log_const_data_start__ = .
                0x0000000000029290                __start_log_const_data = __log_const_data_start__
 *(SORT_BY_NAME(.log_const_data*))
 .log_const_data_CLOCK
                0x0000000000029290        0x8 Output/Basic tutorial---adc Release/Obj/nrfx_clock.o
                0x0000000000029290                m_nrf_log_CLOCK_logs_data_const
 .log_const_data_GPIOTE
                0x0000000000029298        0x8 Output/Basic tutorial---adc Release/Obj/nrfx_gpiote.o
                0x0000000000029298                m_nrf_log_GPIOTE_logs_data_const
 .log_const_data_PRS
                0x00000000000292a0        0x8 Output/Basic tutorial---adc Release/Obj/nrfx_prs.o
                0x00000000000292a0                m_nrf_log_PRS_logs_data_const
 .log_const_data_UART
                0x00000000000292a8        0x8 Output/Basic tutorial---adc Release/Obj/nrfx_uart.o
                0x00000000000292a8                m_nrf_log_UART_logs_data_const
 .log_const_data_UARTE
                0x00000000000292b0        0x8 Output/Basic tutorial---adc Release/Obj/nrfx_uarte.o
                0x00000000000292b0                m_nrf_log_UARTE_logs_data_const
 .log_const_data_app
                0x00000000000292b8        0x8 Output/Basic tutorial---adc Release/Obj/nrf_log_frontend.o
                0x00000000000292b8                m_nrf_log_app_logs_data_const
 .log_const_data_clock
                0x00000000000292c0        0x8 Output/Basic tutorial---adc Release/Obj/nrf_drv_clock.o
                0x00000000000292c0                m_nrf_log_clock_logs_data_const
                0x00000000000292c8                __log_const_data_end__ = (__log_const_data_start__ + SIZEOF (.log_const_data))
                0x0000000000000038                __log_const_data_size__ = SIZEOF (.log_const_data)
                0x00000000000292c8                __stop_log_const_data = __log_const_data_end__
                0x00000000000292c8                __log_const_data_load_end__ = __log_const_data_end__
                0x0000000000000001                . = ASSERT (((__log_const_data_start__ == __log_const_data_end__) || ((__log_const_data_end__ >= __FLASH_segment_start__) && (__log_const_data_end__ <= __FLASH_segment_end__))), error: .log_const_data is too large to fit in FLASH memory segment)
                0x00000000000292c8                __log_backends_load_start__ = ALIGN (__log_const_data_end__, 0x4)

.log_backends   0x00000000000292c8       0x10
                0x00000000000292c8                __log_backends_start__ = .
                0x00000000000292c8                __start_log_backends = __log_backends_start__
 *(SORT_BY_NAME(.log_backends*))
 .log_backends  0x00000000000292c8       0x10 Output/Basic tutorial---adc Release/Obj/nrf_log_default_backends.o
                0x00000000000292d8                __log_backends_end__ = (__log_backends_start__ + SIZEOF (.log_backends))
                0x0000000000000010                __log_backends_size__ = SIZEOF (.log_backends)
                0x00000000000292d8                __stop_log_backends = __log_backends_end__
                0x00000000000292d8                __log_backends_load_end__ = __log_backends_end__
                0x0000000000000001                . = ASSERT (((__log_backends_start__ == __log_backends_end__) || ((__log_backends_end__ >= __FLASH_segment_start__) && (__log_backends_end__ <= __FLASH_segment_end__))), error: .log_backends is too large to fit in FLASH memory segment)
                0x00000000000292d8                __nrf_sections_load_start__ = ALIGN (__log_backends_end__, 0x4)

.nrf_sections   0x00000000000292d8        0x0
                0x00000000000292d8                __nrf_sections_start__ = .
                0x00000000000292d8                __start_nrf_sections = __nrf_sections_start__
 *(.nrf_sections .nrf_sections.*)
                0x00000000000292d8                __nrf_sections_end__ = (__nrf_sections_start__ + SIZEOF (.nrf_sections))
                0x0000000000000000                __nrf_sections_size__ = SIZEOF (.nrf_sections)
                0x00000000000292d8                __nrf_sections_load_end__ = __nrf_sections_end__
                0x0000000000000001                . = ASSERT (((__nrf_sections_start__ == __nrf_sections_end__) || ((__nrf_sections_end__ >= __FLASH_segment_start__) && (__nrf_sections_end__ <= __FLASH_segment_end__))), error: .nrf_sections is too large to fit in FLASH memory segment)
                0x00000000000292d8                __cli_sorted_cmd_ptrs_load_start__ = ALIGN (__nrf_sections_end__, 0x4)

.cli_sorted_cmd_ptrs
                0x0000000020002210        0x0 load address 0x00000000000292d8
                0x0000000020002210                __cli_sorted_cmd_ptrs_start__ = .
 *(.cli_sorted_cmd_ptrs*)
                0x0000000020002210                __cli_sorted_cmd_ptrs_end__ = (__cli_sorted_cmd_ptrs_start__ + SIZEOF (.cli_sorted_cmd_ptrs))
                0x0000000000000000                __cli_sorted_cmd_ptrs_size__ = SIZEOF (.cli_sorted_cmd_ptrs)
                0x00000000000292d8                __cli_sorted_cmd_ptrs_load_end__ = (__cli_sorted_cmd_ptrs_load_start__ + SIZEOF (.cli_sorted_cmd_ptrs))
                0x0000000000000001                . = ASSERT (((__cli_sorted_cmd_ptrs_load_start__ == __cli_sorted_cmd_ptrs_load_end__) || ((__cli_sorted_cmd_ptrs_load_end__ >= __FLASH_segment_start__) && (__cli_sorted_cmd_ptrs_load_end__ <= __FLASH_segment_end__))), error: .cli_sorted_cmd_ptrs is too large to fit in FLASH memory segment)

.cli_sorted_cmd_ptrs_run
                0x0000000020002210        0x0
                0x0000000020002210                __cli_sorted_cmd_ptrs_run_start__ = .
                0x0000000020002210                __start_cli_sorted_cmd_ptrs = __cli_sorted_cmd_ptrs_run_start__
                0x0000000020002210                . = MAX ((__cli_sorted_cmd_ptrs_run_start__ + SIZEOF (.cli_sorted_cmd_ptrs)), .)
                0x0000000020002210                __cli_sorted_cmd_ptrs_run_end__ = (__cli_sorted_cmd_ptrs_run_start__ + SIZEOF (.cli_sorted_cmd_ptrs_run))
                0x0000000000000000                __cli_sorted_cmd_ptrs_run_size__ = SIZEOF (.cli_sorted_cmd_ptrs_run)
                0x0000000020002210                __stop_cli_sorted_cmd_ptrs = __cli_sorted_cmd_ptrs_run_end__
                0x0000000020002210                __cli_sorted_cmd_ptrs_run_load_end__ = __cli_sorted_cmd_ptrs_run_end__
                0x0000000000000001                . = ASSERT (((__cli_sorted_cmd_ptrs_run_start__ == __cli_sorted_cmd_ptrs_run_end__) || ((__cli_sorted_cmd_ptrs_run_end__ >= __RAM_segment_start__) && (__cli_sorted_cmd_ptrs_run_end__ <= __RAM_segment_end__))), error: .cli_sorted_cmd_ptrs_run is too large to fit in RAM memory segment)
                0x00000000000292d8                __fs_data_load_start__ = ALIGN ((__cli_sorted_cmd_ptrs_load_start__ + SIZEOF (.cli_sorted_cmd_ptrs)), 0x4)

.fs_data        0x0000000020002210        0x0 load address 0x00000000000292d8
                0x0000000020002210                __fs_data_start__ = .
 *(.fs_data*)
                0x0000000020002210                __fs_data_end__ = (__fs_data_start__ + SIZEOF (.fs_data))
                0x0000000000000000                __fs_data_size__ = SIZEOF (.fs_data)
                0x00000000000292d8                __fs_data_load_end__ = (__fs_data_load_start__ + SIZEOF (.fs_data))
                0x0000000000000001                . = ASSERT (((__fs_data_load_start__ == __fs_data_load_end__) || ((__fs_data_load_end__ >= __FLASH_segment_start__) && (__fs_data_load_end__ <= __FLASH_segment_end__))), error: .fs_data is too large to fit in FLASH memory segment)

.fs_data_run    0x0000000020002210        0x0
                0x0000000020002210                __fs_data_run_start__ = .
                0x0000000020002210                __start_fs_data = __fs_data_run_start__
                0x0000000020002210                . = MAX ((__fs_data_run_start__ + SIZEOF (.fs_data)), .)
                0x0000000020002210                __fs_data_run_end__ = (__fs_data_run_start__ + SIZEOF (.fs_data_run))
                0x0000000000000000                __fs_data_run_size__ = SIZEOF (.fs_data_run)
                0x0000000020002210                __stop_fs_data = __fs_data_run_end__
                0x0000000020002210                __fs_data_run_load_end__ = __fs_data_run_end__
                0x0000000000000001                . = ASSERT (((__fs_data_run_start__ == __fs_data_run_end__) || ((__fs_data_run_end__ >= __RAM_segment_start__) && (__fs_data_run_end__ <= __RAM_segment_end__))), error: .fs_data_run is too large to fit in RAM memory segment)
                0x00000000000292d8                __log_dynamic_data_load_start__ = ALIGN ((__fs_data_load_start__ + SIZEOF (.fs_data)), 0x4)

.log_dynamic_data
                0x0000000020002210        0x0 load address 0x00000000000292d8
                0x0000000020002210                __log_dynamic_data_start__ = .
 *(SORT_BY_NAME(.log_dynamic_data*))
                0x0000000020002210                __log_dynamic_data_end__ = (__log_dynamic_data_start__ + SIZEOF (.log_dynamic_data))
                0x0000000000000000                __log_dynamic_data_size__ = SIZEOF (.log_dynamic_data)
                0x00000000000292d8                __log_dynamic_data_load_end__ = (__log_dynamic_data_load_start__ + SIZEOF (.log_dynamic_data))
                0x0000000000000001                . = ASSERT (((__log_dynamic_data_load_start__ == __log_dynamic_data_load_end__) || ((__log_dynamic_data_load_end__ >= __FLASH_segment_start__) && (__log_dynamic_data_load_end__ <= __FLASH_segment_end__))), error: .log_dynamic_data is too large to fit in FLASH memory segment)

.log_dynamic_data_run
                0x0000000020002210        0x0
                0x0000000020002210                __log_dynamic_data_run_start__ = .
                0x0000000020002210                __start_log_dynamic_data = __log_dynamic_data_run_start__
                0x0000000020002210                . = MAX ((__log_dynamic_data_run_start__ + SIZEOF (.log_dynamic_data)), .)
                0x0000000020002210                __log_dynamic_data_run_end__ = (__log_dynamic_data_run_start__ + SIZEOF (.log_dynamic_data_run))
                0x0000000000000000                __log_dynamic_data_run_size__ = SIZEOF (.log_dynamic_data_run)
                0x0000000020002210                __stop_log_dynamic_data = __log_dynamic_data_run_end__
                0x0000000020002210                __log_dynamic_data_run_load_end__ = __log_dynamic_data_run_end__
                0x0000000000000001                . = ASSERT (((__log_dynamic_data_run_start__ == __log_dynamic_data_run_end__) || ((__log_dynamic_data_run_end__ >= __RAM_segment_start__) && (__log_dynamic_data_run_end__ <= __RAM_segment_end__))), error: .log_dynamic_data_run is too large to fit in RAM memory segment)
                0x00000000000292d8                __log_filter_data_load_start__ = ALIGN ((__log_dynamic_data_load_start__ + SIZEOF (.log_dynamic_data)), 0x4)

.log_filter_data
                0x0000000020002210        0x0 load address 0x00000000000292d8
                0x0000000020002210                __log_filter_data_start__ = .
 *(SORT_BY_NAME(.log_filter_data*))
                0x0000000020002210                __log_filter_data_end__ = (__log_filter_data_start__ + SIZEOF (.log_filter_data))
                0x0000000000000000                __log_filter_data_size__ = SIZEOF (.log_filter_data)
                0x00000000000292d8                __log_filter_data_load_end__ = (__log_filter_data_load_start__ + SIZEOF (.log_filter_data))
                0x0000000000000001                . = ASSERT (((__log_filter_data_load_start__ == __log_filter_data_load_end__) || ((__log_filter_data_load_end__ >= __FLASH_segment_start__) && (__log_filter_data_load_end__ <= __FLASH_segment_end__))), error: .log_filter_data is too large to fit in FLASH memory segment)

.log_filter_data_run
                0x0000000020002210        0x0
                0x0000000020002210                __log_filter_data_run_start__ = .
                0x0000000020002210                __start_log_filter_data = __log_filter_data_run_start__
                0x0000000020002210                . = MAX ((__log_filter_data_run_start__ + SIZEOF (.log_filter_data)), .)
                0x0000000020002210                __log_filter_data_run_end__ = (__log_filter_data_run_start__ + SIZEOF (.log_filter_data_run))
                0x0000000000000000                __log_filter_data_run_size__ = SIZEOF (.log_filter_data_run)
                0x0000000020002210                __stop_log_filter_data = __log_filter_data_run_end__
                0x0000000020002210                __log_filter_data_run_load_end__ = __log_filter_data_run_end__
                0x0000000000000001                . = ASSERT (((__log_filter_data_run_start__ == __log_filter_data_run_end__) || ((__log_filter_data_run_end__ >= __RAM_segment_start__) && (__log_filter_data_run_end__ <= __RAM_segment_end__))), error: .log_filter_data_run is too large to fit in RAM memory segment)
                0x0000000020002210                __nrf_sections_run_end_load_start__ = ALIGN (__log_filter_data_run_end__, 0x4)

.nrf_sections_run_end
                0x0000000020002210        0x0
                0x0000000020002210                __nrf_sections_run_end_start__ = .
                0x0000000020002210                __end_nrf_sections_run = __nrf_sections_run_end_start__
 *(.nrf_sections_run_end .nrf_sections_run_end.*)
                0x0000000020002210                __nrf_sections_run_end_end__ = (__nrf_sections_run_end_start__ + SIZEOF (.nrf_sections_run_end))
                0x0000000000000000                __nrf_sections_run_end_size__ = SIZEOF (.nrf_sections_run_end)
                0x0000000020002210                __nrf_sections_run_end_load_end__ = __nrf_sections_run_end_end__
                0x0000000000000001                . = ASSERT (((__nrf_sections_run_end_start__ == __nrf_sections_run_end_end__) || ((__nrf_sections_run_end_end__ >= __RAM_segment_start__) && (__nrf_sections_run_end_end__ <= __RAM_segment_end__))), error: .nrf_sections_run_end is too large to fit in RAM memory segment)
                0x00000000000292d8                __dtors_load_start__ = ALIGN ((__log_filter_data_load_start__ + SIZEOF (.log_filter_data)), 0x4)

.dtors          0x00000000000292d8        0x0
                0x00000000000292d8                __dtors_start__ = .
 *(SORT_BY_NAME(.dtors.*))
 *(.dtors)
 *(.fini_array)
 *(SORT_BY_NAME(.fini_array.*))
                0x00000000000292d8                __dtors_end__ = (__dtors_start__ + SIZEOF (.dtors))
                0x0000000000000000                __dtors_size__ = SIZEOF (.dtors)
                0x00000000000292d8                __dtors_load_end__ = __dtors_end__
                0x0000000000000001                . = ASSERT (((__dtors_start__ == __dtors_end__) || ((__dtors_end__ >= __FLASH_segment_start__) && (__dtors_end__ <= __FLASH_segment_end__))), error: .dtors is too large to fit in FLASH memory segment)
                0x00000000000292d8                __ctors_load_start__ = ALIGN (__dtors_end__, 0x4)

.ctors          0x00000000000292d8        0x0
                0x00000000000292d8                __ctors_start__ = .
 *(SORT_BY_NAME(.ctors.*))
 *(.ctors)
 *(.init_array)
 *(SORT_BY_NAME(.init_array.*))
                0x00000000000292d8                __ctors_end__ = (__ctors_start__ + SIZEOF (.ctors))
                0x0000000000000000                __ctors_size__ = SIZEOF (.ctors)
                0x00000000000292d8                __ctors_load_end__ = __ctors_end__
                0x0000000000000001                . = ASSERT (((__ctors_start__ == __ctors_end__) || ((__ctors_end__ >= __FLASH_segment_start__) && (__ctors_end__ <= __FLASH_segment_end__))), error: .ctors is too large to fit in FLASH memory segment)
                0x00000000000292d8                __rodata_load_start__ = ALIGN (__ctors_end__, 0x4)

.rodata         0x00000000000292d8      0x648
                0x00000000000292d8                __rodata_start__ = .
 *(.rodata .rodata.* .gnu.linkonce.r.*)
 .rodata.user_application_init.str1.1
                0x00000000000292d8      0x19a Output/Basic tutorial---adc Release/Obj/user_application.o
 .rodata.user_long_pressed_handler.str1.1
                0x0000000000029472       0x15 Output/Basic tutorial---adc Release/Obj/user_application.o
 .rodata.user_multi_click_handler.str1.1
                0x0000000000029487       0x14 Output/Basic tutorial---adc Release/Obj/user_application.o
 *fill*         0x000000000002949b        0x1 
 .rodata.g_long_press_timer_id
                0x000000000002949c        0x4 Output/Basic tutorial---adc Release/Obj/user_multi_click.o
 .rodata.g_short_press_timer_id
                0x00000000000294a0        0x4 Output/Basic tutorial---adc Release/Obj/user_multi_click.o
 .rodata.user_button_handler.str1.1
                0x00000000000294a4       0x25 Output/Basic tutorial---adc Release/Obj/user_multi_click.o
 .rodata.user_button_timer_init.str1.1
                0x00000000000294c9       0x2e Output/Basic tutorial---adc Release/Obj/user_multi_click.o
 .rodata.user_multi_click_init.str1.1
                0x00000000000294f7       0x5e Output/Basic tutorial---adc Release/Obj/user_multi_click.o
 *fill*         0x0000000000029555        0x3 
 .rodata        0x0000000000029558       0x20 Output/Basic tutorial---adc Release/Obj/nrf_log_backend_uart.o
 .rodata.nrf_log_backend_uart_api
                0x0000000000029578        0xc Output/Basic tutorial---adc Release/Obj/nrf_log_backend_uart.o
                0x0000000000029578                nrf_log_backend_uart_api
 .rodata.str1.1
                0x0000000000029584       0x11 Output/Basic tutorial---adc Release/Obj/nrf_log_default_backends.o
 *fill*         0x0000000000029595        0x3 
 .rodata.m_log_push_ringbuf
                0x0000000000029598        0xc Output/Basic tutorial---adc Release/Obj/nrf_log_frontend.o
 .rodata.nrf_log_frontend_dequeue.str1.1
                0x00000000000295a4       0x11 Output/Basic tutorial---adc Release/Obj/nrf_log_frontend.o
 .rodata.str1.1
                0x00000000000295b5        0x4 Output/Basic tutorial---adc Release/Obj/nrf_log_frontend.o
 *fill*         0x00000000000295b9        0x3 
 .rodata.m_colors
                0x00000000000295bc       0x24 Output/Basic tutorial---adc Release/Obj/nrf_log_str_formatter.o
 .rodata.nrf_log_hexdump_entry_process.str1.1
                0x00000000000295e0        0xf Output/Basic tutorial---adc Release/Obj/nrf_log_str_formatter.o
                                         0x11 (size before relaxing)
 .rodata.postfix_process.str1.1
                0x00000000000295ef        0x8 Output/Basic tutorial---adc Release/Obj/nrf_log_str_formatter.o
                                          0xb (size before relaxing)
 .rodata.prefix_process.str1.1
                0x00000000000295f7       0x2a Output/Basic tutorial---adc Release/Obj/nrf_log_str_formatter.o
 *fill*         0x0000000000029621        0x3 
 .rodata.severity_names
                0x0000000000029624       0x14 Output/Basic tutorial---adc Release/Obj/nrf_log_str_formatter.o
 .rodata.str1.1
                0x0000000000029638       0x4b Output/Basic tutorial---adc Release/Obj/nrf_log_str_formatter.o
                                         0x51 (size before relaxing)
 .rodata._aV2C.7683
                0x0000000000029683       0x10 Output/Basic tutorial---adc Release/Obj/nrf_fprintf_format.o
 .rodata.app_error_fault_handler.str1.1
                0x0000000000029693       0x19 Output/Basic tutorial---adc Release/Obj/app_error_weak.o
 *fill*         0x00000000000296ac        0x4 
 .rodata.delay_bytecode.8423
                0x00000000000296b0        0x6 Output/Basic tutorial---adc Release/Obj/app_timer.o
 *fill*         0x00000000000296b6        0x2 
 .rodata.m_detection_delay_timer_id
                0x00000000000296b8        0x4 Output/Basic tutorial---adc Release/Obj/app_button.o
 .rodata.str1.1
                0x00000000000296bc        0x6 Output/Basic tutorial---adc Release/Obj/nrfx_uarte.o
 .rodata.str1.1
                0x00000000000296c2        0x5 Output/Basic tutorial---adc Release/Obj/nrfx_uart.o
 .rodata.str1.1
                0x00000000000296c7        0x4 Output/Basic tutorial---adc Release/Obj/nrfx_prs.o
 .rodata.str1.1
                0x00000000000296cb        0x6 Output/Basic tutorial---adc Release/Obj/nrf_drv_clock.o
 .rodata.str1.1
                0x00000000000296d1        0x7 Output/Basic tutorial---adc Release/Obj/nrfx_gpiote.o
 .rodata.str1.1
                0x00000000000296d8        0x6 Output/Basic tutorial---adc Release/Obj/nrfx_clock.o
 *fill*         0x00000000000296de        0x2 
 .rodata.libc.__RAL_ascii_ctype_map
                0x00000000000296e0       0x80 F:/SEGGER Embedded Studio for ARM 4.10/lib/libc_v7em_fpv4_sp_d16_hard_t_le_eabi.a(libc2.o)
                0x00000000000296e0                __RAL_ascii_ctype_map
 .rodata.libc.__RAL_ascii_ctype_mask
                0x0000000000029760        0xd F:/SEGGER Embedded Studio for ARM 4.10/lib/libc_v7em_fpv4_sp_d16_hard_t_le_eabi.a(libc2.o)
 *fill*         0x000000000002976d        0x3 
 .rodata.libc.__RAL_c_locale
                0x0000000000029770        0xc F:/SEGGER Embedded Studio for ARM 4.10/lib/libc_v7em_fpv4_sp_d16_hard_t_le_eabi.a(libc2.o)
                0x0000000000029770                __RAL_c_locale
 .rodata.libc.__RAL_c_locale_abbrev_day_names
                0x000000000002977c       0x1d F:/SEGGER Embedded Studio for ARM 4.10/lib/libc_v7em_fpv4_sp_d16_hard_t_le_eabi.a(libc2.o)
                0x000000000002977c                __RAL_c_locale_abbrev_day_names
 *fill*         0x0000000000029799        0x3 
 .rodata.libc.__RAL_c_locale_abbrev_month_names
                0x000000000002979c       0x31 F:/SEGGER Embedded Studio for ARM 4.10/lib/libc_v7em_fpv4_sp_d16_hard_t_le_eabi.a(libc2.o)
                0x000000000002979c                __RAL_c_locale_abbrev_month_names
 *fill*         0x00000000000297cd        0x3 
 .rodata.libc.__RAL_c_locale_am_pm_indicator
                0x00000000000297d0        0x7 F:/SEGGER Embedded Studio for ARM 4.10/lib/libc_v7em_fpv4_sp_d16_hard_t_le_eabi.a(libc2.o)
                0x00000000000297d0                __RAL_c_locale_am_pm_indicator
 *fill*         0x00000000000297d7        0x1 
 .rodata.libc.__RAL_c_locale_data
                0x00000000000297d8       0x58 F:/SEGGER Embedded Studio for ARM 4.10/lib/libc_v7em_fpv4_sp_d16_hard_t_le_eabi.a(libc2.o)
                0x00000000000297d8                __RAL_c_locale_data
 .rodata.libc.__RAL_c_locale_date_format
                0x0000000000029830        0x9 F:/SEGGER Embedded Studio for ARM 4.10/lib/libc_v7em_fpv4_sp_d16_hard_t_le_eabi.a(libc2.o)
                0x0000000000029830                __RAL_c_locale_date_format
 *fill*         0x0000000000029839        0x3 
 .rodata.libc.__RAL_c_locale_date_time_format
                0x000000000002983c        0xf F:/SEGGER Embedded Studio for ARM 4.10/lib/libc_v7em_fpv4_sp_d16_hard_t_le_eabi.a(libc2.o)
                0x000000000002983c                __RAL_c_locale_date_time_format
 *fill*         0x000000000002984b        0x1 
 .rodata.libc.__RAL_c_locale_day_names
                0x000000000002984c       0x3a F:/SEGGER Embedded Studio for ARM 4.10/lib/libc_v7em_fpv4_sp_d16_hard_t_le_eabi.a(libc2.o)
                0x000000000002984c                __RAL_c_locale_day_names
 *fill*         0x0000000000029886        0x2 
 .rodata.libc.__RAL_c_locale_month_names
                0x0000000000029888       0x57 F:/SEGGER Embedded Studio for ARM 4.10/lib/libc_v7em_fpv4_sp_d16_hard_t_le_eabi.a(libc2.o)
                0x0000000000029888                __RAL_c_locale_month_names
 *fill*         0x00000000000298df        0x1 
 .rodata.libc.__RAL_c_locale_time_format
                0x00000000000298e0        0x9 F:/SEGGER Embedded Studio for ARM 4.10/lib/libc_v7em_fpv4_sp_d16_hard_t_le_eabi.a(libc2.o)
                0x00000000000298e0                __RAL_c_locale_time_format
 *fill*         0x00000000000298e9        0x3 
 .rodata.libc.__RAL_codeset_ascii
                0x00000000000298ec       0x20 F:/SEGGER Embedded Studio for ARM 4.10/lib/libc_v7em_fpv4_sp_d16_hard_t_le_eabi.a(libc2.o)
                0x00000000000298ec                __RAL_codeset_ascii
 .rodata.libc.__RAL_data_empty_string
                0x000000000002990c        0x1 F:/SEGGER Embedded Studio for ARM 4.10/lib/libc_v7em_fpv4_sp_d16_hard_t_le_eabi.a(libc2.o)
                0x000000000002990c                __RAL_data_empty_string
 *fill*         0x000000000002990d        0x3 
 .rodata.libc.__RAL_data_utf8_period
                0x0000000000029910        0x2 F:/SEGGER Embedded Studio for ARM 4.10/lib/libc_v7em_fpv4_sp_d16_hard_t_le_eabi.a(libc2.o)
                0x0000000000029910                __RAL_data_utf8_period
 *fill*         0x0000000000029912        0x2 
 .rodata.libc.__RAL_find_locale.str1.4
                0x0000000000029914        0xc F:/SEGGER Embedded Studio for ARM 4.10/lib/libc_v7em_fpv4_sp_d16_hard_t_le_eabi.a(libc2.o)
                                          0xa (size before relaxing)
                0x0000000000029920                __rodata_end__ = (__rodata_start__ + SIZEOF (.rodata))
                0x0000000000000648                __rodata_size__ = SIZEOF (.rodata)
                0x0000000000029920                __rodata_load_end__ = __rodata_end__

.rel.dyn        0x0000000000029920        0x0
 .rel.iplt      0x0000000000029920        0x0 Output/Basic tutorial---adc Release/Obj/ses_startup_nrf_common.o
                0x0000000000000001                . = ASSERT (((__rodata_start__ == __rodata_end__) || ((__rodata_end__ >= __FLASH_segment_start__) && (__rodata_end__ <= __FLASH_segment_end__))), error: .rodata is too large to fit in FLASH memory segment)
                0x0000000000029920                __ARM.exidx_load_start__ = ALIGN (__rodata_end__, 0x4)

.ARM.exidx      0x0000000000029920        0x0
                0x0000000000029920                __ARM.exidx_start__ = .
                0x0000000000029920                __exidx_start = __ARM.exidx_start__
 *(.ARM.exidx .ARM.exidx.*)
                0x0000000000029920                __ARM.exidx_end__ = (__ARM.exidx_start__ + SIZEOF (.ARM.exidx))
                0x0000000000000000                __ARM.exidx_size__ = SIZEOF (.ARM.exidx)
                0x0000000000029920                __exidx_end = __ARM.exidx_end__
                0x0000000000029920                __ARM.exidx_load_end__ = __ARM.exidx_end__
                0x0000000000000001                . = ASSERT (((__ARM.exidx_start__ == __ARM.exidx_end__) || ((__ARM.exidx_end__ >= __FLASH_segment_start__) && (__ARM.exidx_end__ <= __FLASH_segment_end__))), error: .ARM.exidx is too large to fit in FLASH memory segment)
                0x0000000000029920                __fast_load_start__ = ALIGN (__ARM.exidx_end__, 0x4)

.fast           0x0000000020002210        0x0 load address 0x0000000000029920
                0x0000000020002210                __fast_start__ = .
 *(.fast .fast.*)
                0x0000000020002210                __fast_end__ = (__fast_start__ + SIZEOF (.fast))
                0x0000000000000000                __fast_size__ = SIZEOF (.fast)
                0x0000000000029920                __fast_load_end__ = (__fast_load_start__ + SIZEOF (.fast))
                0x0000000000000001                . = ASSERT (((__fast_load_start__ == __fast_load_end__) || ((__fast_load_end__ >= __FLASH_segment_start__) && (__fast_load_end__ <= __FLASH_segment_end__))), error: .fast is too large to fit in FLASH memory segment)

.fast_run       0x0000000020002210        0x0
                0x0000000020002210                __fast_run_start__ = .
                0x0000000020002210                . = MAX ((__fast_run_start__ + SIZEOF (.fast)), .)
                0x0000000020002210                __fast_run_end__ = (__fast_run_start__ + SIZEOF (.fast_run))
                0x0000000000000000                __fast_run_size__ = SIZEOF (.fast_run)
                0x0000000020002210                __fast_run_load_end__ = __fast_run_end__
                0x0000000000000001                . = ASSERT (((__fast_run_start__ == __fast_run_end__) || ((__fast_run_end__ >= __RAM_segment_start__) && (__fast_run_end__ <= __RAM_segment_end__))), error: .fast_run is too large to fit in RAM memory segment)
                0x0000000000029920                __data_load_start__ = ALIGN ((__fast_load_start__ + SIZEOF (.fast)), 0x4)

.data           0x0000000020002210       0x48 load address 0x0000000000029920
                0x0000000020002210                __data_start__ = .
 *(.data .data.* .gnu.linkonce.d.*)
 .data.SystemCoreClock
                0x0000000020002210        0x4 Output/Basic tutorial---adc Release/Obj/system_nrf52840.o
                0x0000000020002210                SystemCoreClock
 .data.gs_m_user_multi_click
                0x0000000020002214       0x14 Output/Basic tutorial---adc Release/Obj/user_multi_click.o
 .data.m_uart   0x0000000020002228       0x14 Output/Basic tutorial---adc Release/Obj/nrf_log_backend_uart.o
                0x0000000020002228                m_uart
 .data.log_backend_cb_uart_log_backend
                0x000000002000223c        0x8 Output/Basic tutorial---adc Release/Obj/nrf_log_default_backends.o
 .data.libc.__RAL_global_locale
                0x0000000020002244       0x14 F:/SEGGER Embedded Studio for ARM 4.10/lib/libc_v7em_fpv4_sp_d16_hard_t_le_eabi.a(libc2.o)
                0x0000000020002244                __RAL_global_locale
                0x0000000020002258                __data_end__ = (__data_start__ + SIZEOF (.data))
                0x0000000000000048                __data_size__ = SIZEOF (.data)
                0x0000000000029968                __data_load_end__ = (__data_load_start__ + SIZEOF (.data))

.igot.plt       0x0000000100000000        0x0
 .igot.plt      0x0000000100000000        0x0 Output/Basic tutorial---adc Release/Obj/ses_startup_nrf_common.o
                0x0000000000000001                . = ASSERT (((__data_load_start__ == __data_load_end__) || ((__data_load_end__ >= __FLASH_segment_start__) && (__data_load_end__ <= __FLASH_segment_end__))), error: .data is too large to fit in FLASH memory segment)

.data_run       0x0000000020002210       0x48 load address 0x0000000000029920
                0x0000000020002210                __data_run_start__ = .
                0x0000000020002258                . = MAX ((__data_run_start__ + SIZEOF (.data)), .)
 *fill*         0x0000000020002210       0x48 
                0x0000000020002258                __data_run_end__ = (__data_run_start__ + SIZEOF (.data_run))
                0x0000000000000048                __data_run_size__ = SIZEOF (.data_run)
                0x0000000020002258                __data_run_load_end__ = __data_run_end__
                0x0000000000000001                . = ASSERT (((__data_run_start__ == __data_run_end__) || ((__data_run_end__ >= __RAM_segment_start__) && (__data_run_end__ <= __RAM_segment_end__))), error: .data_run is too large to fit in RAM memory segment)
                0x0000000000029968                __tdata_load_start__ = ALIGN ((__data_load_start__ + SIZEOF (.data)), 0x4)

.tdata          0x0000000020002258        0x0 load address 0x0000000000029968
                0x0000000020002258                __tdata_start__ = .
 *(.tdata .tdata.*)
                0x0000000020002258                __tdata_end__ = (__tdata_start__ + SIZEOF (.tdata))
                0x0000000000000000                __tdata_size__ = SIZEOF (.tdata)
                0x0000000000029968                __tdata_load_end__ = (__tdata_load_start__ + SIZEOF (.tdata))
                0x0000000000029968                __FLASH_segment_used_end__ = (ALIGN ((__data_load_start__ + SIZEOF (.data)), 0x4) + SIZEOF (.tdata))
                0x0000000000029968                __FLASH_segment_used_size__ = (__FLASH_segment_used_end__ - __FLASH_segment_start__)
                0x0000000000000001                . = ASSERT (((__tdata_load_start__ == __tdata_load_end__) || ((__tdata_load_end__ >= __FLASH_segment_start__) && (__tdata_load_end__ <= __FLASH_segment_end__))), error: .tdata is too large to fit in FLASH memory segment)

.tdata_run      0x0000000020002258        0x0
                0x0000000020002258                __tdata_run_start__ = .
                0x0000000020002258                . = MAX ((__tdata_run_start__ + SIZEOF (.tdata)), .)
                0x0000000020002258                __tdata_run_end__ = (__tdata_run_start__ + SIZEOF (.tdata_run))
                0x0000000000000000                __tdata_run_size__ = SIZEOF (.tdata_run)
                0x0000000020002258                __tdata_run_load_end__ = __tdata_run_end__
                0x0000000000000001                . = ASSERT (((__tdata_run_start__ == __tdata_run_end__) || ((__tdata_run_end__ >= __RAM_segment_start__) && (__tdata_run_end__ <= __RAM_segment_end__))), error: .tdata_run is too large to fit in RAM memory segment)
                0x0000000020002258                __bss_load_start__ = ALIGN (__tdata_run_end__, 0x4)

.bss            0x0000000020002258      0x868
                0x0000000020002258                __bss_start__ = .
 *(.bss .bss.* .gnu.linkonce.b.*)
 .bss.g_long_press_timer_id_data
                0x0000000020002258       0x20 Output/Basic tutorial---adc Release/Obj/user_multi_click.o
 .bss.g_short_press_timer_id_data
                0x0000000020002278       0x20 Output/Basic tutorial---adc Release/Obj/user_multi_click.o
 .bss.m_async_mode
                0x0000000020002298        0x1 Output/Basic tutorial---adc Release/Obj/nrf_log_backend_uart.o
 .bss.m_string_buff
                0x0000000020002299       0x40 Output/Basic tutorial---adc Release/Obj/nrf_log_backend_uart.o
 .bss.m_xfer_done
                0x00000000200022d9        0x1 Output/Basic tutorial---adc Release/Obj/nrf_log_backend_uart.o
 *fill*         0x00000000200022da        0x2 
 .bss.log_mempool_nrf_balloc_cb
                0x00000000200022dc        0x8 Output/Basic tutorial---adc Release/Obj/nrf_log_frontend.o
 .bss.log_mempool_nrf_balloc_pool_mem
                0x00000000200022e4       0xc0 Output/Basic tutorial---adc Release/Obj/nrf_log_frontend.o
 .bss.log_mempool_nrf_balloc_pool_stack
                0x00000000200023a4        0x8 Output/Basic tutorial---adc Release/Obj/nrf_log_frontend.o
 .bss.m_log_data
                0x00000000200023ac      0x424 Output/Basic tutorial---adc Release/Obj/nrf_log_frontend.o
 .bss.m_log_push_ringbuf_buf
                0x00000000200027d0       0x80 Output/Basic tutorial---adc Release/Obj/nrf_log_frontend.o
 .bss.m_log_push_ringbuf_cb
                0x0000000020002850       0x18 Output/Basic tutorial---adc Release/Obj/nrf_log_frontend.o
 .bss.m_in_critical_region
                0x0000000020002868        0x4 Output/Basic tutorial---adc Release/Obj/app_util_platform.o
 .bss.m_op_queue
                0x000000002000286c      0x10c Output/Basic tutorial---adc Release/Obj/app_timer.o
 .bss.m_rtc1_reset
                0x0000000020002978        0x1 Output/Basic tutorial---adc Release/Obj/app_timer.o
 .bss.m_rtc1_running
                0x0000000020002979        0x1 Output/Basic tutorial---adc Release/Obj/app_timer.o
 *fill*         0x000000002000297a        0x2 
 .bss.m_ticks_elapsed
                0x000000002000297c        0x8 Output/Basic tutorial---adc Release/Obj/app_timer.o
 .bss.m_ticks_elapsed_q_read_ind
                0x0000000020002984        0x1 Output/Basic tutorial---adc Release/Obj/app_timer.o
 .bss.m_ticks_elapsed_q_write_ind
                0x0000000020002985        0x1 Output/Basic tutorial---adc Release/Obj/app_timer.o
 *fill*         0x0000000020002986        0x2 
 .bss.m_ticks_latest
                0x0000000020002988        0x4 Output/Basic tutorial---adc Release/Obj/app_timer.o
 .bss.mp_timer_id_head
                0x000000002000298c        0x4 Output/Basic tutorial---adc Release/Obj/app_timer.o
 .bss.m_button_count
                0x0000000020002990        0x1 Output/Basic tutorial---adc Release/Obj/app_button.o
 *fill*         0x0000000020002991        0x3 
 .bss.m_detection_delay
                0x0000000020002994        0x4 Output/Basic tutorial---adc Release/Obj/app_button.o
 .bss.m_detection_delay_timer_id_data
                0x0000000020002998       0x20 Output/Basic tutorial---adc Release/Obj/app_button.o
 .bss.m_pin_state
                0x00000000200029b8        0x8 Output/Basic tutorial---adc Release/Obj/app_button.o
 .bss.m_pin_transition
                0x00000000200029c0        0x8 Output/Basic tutorial---adc Release/Obj/app_button.o
 .bss.mp_buttons
                0x00000000200029c8        0x4 Output/Basic tutorial---adc Release/Obj/app_button.o
 .bss.m_contexts
                0x00000000200029cc        0x8 Output/Basic tutorial---adc Release/Obj/nrf_drv_uart.o
 .bss.m_handlers
                0x00000000200029d4        0x8 Output/Basic tutorial---adc Release/Obj/nrf_drv_uart.o
 .bss.nrf_drv_uart_use_easy_dma
                0x00000000200029dc        0x2 Output/Basic tutorial---adc Release/Obj/nrf_drv_uart.o
                0x00000000200029dc                nrf_drv_uart_use_easy_dma
 *fill*         0x00000000200029de        0x2 
 .bss.m_cb      0x00000000200029e0       0x24 Output/Basic tutorial---adc Release/Obj/nrfx_uarte.o
 .bss.m_cb      0x0000000020002a04       0x2c Output/Basic tutorial---adc Release/Obj/nrfx_uart.o
 .bss.m_prs_box_4
                0x0000000020002a30        0x8 Output/Basic tutorial---adc Release/Obj/nrfx_prs.o
 .bss.m_clock_cb
                0x0000000020002a38       0x14 Output/Basic tutorial---adc Release/Obj/nrf_drv_clock.o
 .bss.m_cb      0x0000000020002a4c       0x6c Output/Basic tutorial---adc Release/Obj/nrfx_gpiote.o
 .bss.m_clock_cb
                0x0000000020002ab8        0x8 Output/Basic tutorial---adc Release/Obj/nrfx_clock.o
 *(COMMON)
                0x0000000020002ac0                __bss_end__ = (__bss_start__ + SIZEOF (.bss))
                0x0000000000000868                __bss_size__ = SIZEOF (.bss)
                0x0000000020002ac0                __bss_load_end__ = __bss_end__
                0x0000000000000001                . = ASSERT (((__bss_start__ == __bss_end__) || ((__bss_end__ >= __RAM_segment_start__) && (__bss_end__ <= __RAM_segment_end__))), error: .bss is too large to fit in RAM memory segment)
                0x0000000020002ac0                __tbss_load_start__ = ALIGN (__bss_end__, 0x4)

.tbss           0x0000000020002ac0        0x0
                0x0000000020002ac0                __tbss_start__ = .
 *(.tbss .tbss.*)
                0x0000000020002ac0                __tbss_end__ = (__tbss_start__ + SIZEOF (.tbss))
                0x0000000000000000                __tbss_size__ = SIZEOF (.tbss)
                0x0000000020002ac0                __tbss_load_end__ = __tbss_end__
                0x0000000000000001                . = ASSERT (((__tbss_start__ == __tbss_end__) || ((__tbss_end__ >= __RAM_segment_start__) && (__tbss_end__ <= __RAM_segment_end__))), error: .tbss is too large to fit in RAM memory segment)
                0x0000000020002ac0                __non_init_load_start__ = ALIGN (__tbss_end__, 0x4)

.non_init       0x0000000020002ac0        0x0
                0x0000000020002ac0                __non_init_start__ = .
 *(.non_init .non_init.*)
                0x0000000020002ac0                __non_init_end__ = (__non_init_start__ + SIZEOF (.non_init))
                0x0000000000000000                __non_init_size__ = SIZEOF (.non_init)
                0x0000000020002ac0                __non_init_load_end__ = __non_init_end__
                0x0000000000000001                . = ASSERT (((__non_init_start__ == __non_init_end__) || ((__non_init_end__ >= __RAM_segment_start__) && (__non_init_end__ <= __RAM_segment_end__))), error: .non_init is too large to fit in RAM memory segment)
                0x0000000020002ac0                __heap_load_start__ = ALIGN (__non_init_end__, 0x4)

.heap           0x0000000020002ac0     0x2000
                0x0000000020002ac0                __heap_start__ = .
 *(.heap .heap.*)
                0x0000000020004ac0                . = ALIGN (MAX ((__heap_start__ + __HEAPSIZE__), .), 0x4)
 *fill*         0x0000000020002ac0     0x2000 
                0x0000000020004ac0                __heap_end__ = (__heap_start__ + SIZEOF (.heap))
                0x0000000000002000                __heap_size__ = SIZEOF (.heap)
                0x0000000020004ac0                __heap_load_end__ = __heap_end__
                0x0000000000000001                . = ASSERT (((__heap_start__ == __heap_end__) || ((__heap_end__ >= __RAM_segment_start__) && (__heap_end__ <= __RAM_segment_end__))), error: .heap is too large to fit in RAM memory segment)
                0x000000002003e000                __stack_load_start__ = (__RAM_segment_end__ - 0x2000)

.stack          0x000000002003e000     0x2000
                0x000000002003e000                __stack_start__ = .
                0x000000002003e000                __StackLimit = __stack_start__
 *(.stack .stack.*)
                0x0000000020040000                . = ALIGN (MAX ((__stack_start__ + __STACKSIZE__), .), 0x8)
 *fill*         0x000000002003e000     0x2000 
                0x0000000020040000                __stack_end__ = (__stack_start__ + SIZEOF (.stack))
                0x0000000000002000                __stack_size__ = SIZEOF (.stack)
                0x0000000020040000                __StackTop = __stack_end__
                0x0000000020040000                __stack_load_end__ = __stack_end__
                0x0000000000000001                . = ASSERT (((__stack_start__ == __stack_end__) || ((__stack_end__ >= __RAM_segment_start__) && (__stack_end__ <= __RAM_segment_end__))), error: .stack is too large to fit in RAM memory segment)
                0x0000000000000001                . = ASSERT ((__heap_end__ <= __stack_start__), error: section .heap overlaps absolute placed section .stack)
                0x0000000020040000                __stack_process_load_start__ = ALIGN (__stack_end__, 0x8)

.stack_process  0x0000000020040000        0x0
                0x0000000020040000                __stack_process_start__ = .
 *(.stack_process .stack_process.*)
                0x0000000020040000                . = ALIGN (MAX ((__stack_process_start__ + __STACKSIZE_PROCESS__), .), 0x8)
                0x0000000020040000                __stack_process_end__ = (__stack_process_start__ + SIZEOF (.stack_process))
                0x0000000000000000                __stack_process_size__ = SIZEOF (.stack_process)
                0x0000000020040000                __stack_process_load_end__ = __stack_process_end__
                0x0000000020040000                __RAM_segment_used_end__ = (ALIGN (__stack_end__, 0x8) + SIZEOF (.stack_process))
                0x0000000000040000                __RAM_segment_used_size__ = (__RAM_segment_used_end__ - __RAM_segment_start__)
                0x0000000000000001                . = ASSERT (((__stack_process_start__ == __stack_process_end__) || ((__stack_process_end__ >= __RAM_segment_start__) && (__stack_process_end__ <= __RAM_segment_end__))), error: .stack_process is too large to fit in RAM memory segment)
START GROUP
LOAD Output/Basic tutorial---adc Release/Obj/ses_startup_nrf_common.o
LOAD Output/Basic tutorial---adc Release/Obj/ses_startup_nrf52840.o
LOAD Output/Basic tutorial---adc Release/Obj/system_nrf52840.o
LOAD Output/Basic tutorial---adc Release/Obj/main.o
LOAD Output/Basic tutorial---adc Release/Obj/thumb_crt0.o
LOAD Output/Basic tutorial---adc Release/Obj/user_application.o
LOAD Output/Basic tutorial---adc Release/Obj/user_log.o
LOAD Output/Basic tutorial---adc Release/Obj/user_multi_click.o
LOAD Output/Basic tutorial---adc Release/Obj/user_adc.o
LOAD Output/Basic tutorial---adc Release/Obj/nrf_log_backend_rtt.o
LOAD Output/Basic tutorial---adc Release/Obj/nrf_log_backend_serial.o
LOAD Output/Basic tutorial---adc Release/Obj/nrf_log_backend_uart.o
LOAD Output/Basic tutorial---adc Release/Obj/nrf_log_default_backends.o
LOAD Output/Basic tutorial---adc Release/Obj/nrf_log_frontend.o
LOAD Output/Basic tutorial---adc Release/Obj/nrf_log_str_formatter.o
LOAD Output/Basic tutorial---adc Release/Obj/SEGGER_RTT.o
LOAD Output/Basic tutorial---adc Release/Obj/SEGGER_RTT_printf.o
LOAD Output/Basic tutorial---adc Release/Obj/SEGGER_RTT_Syscalls_SES.o
LOAD Output/Basic tutorial---adc Release/Obj/app_error.o
LOAD Output/Basic tutorial---adc Release/Obj/nrf_memobj.o
LOAD Output/Basic tutorial---adc Release/Obj/nrf_fprintf.o
LOAD Output/Basic tutorial---adc Release/Obj/nrf_fprintf_format.o
LOAD Output/Basic tutorial---adc Release/Obj/app_error_weak.o
LOAD Output/Basic tutorial---adc Release/Obj/app_util_platform.o
LOAD Output/Basic tutorial---adc Release/Obj/nrf_atomic.o
LOAD Output/Basic tutorial---adc Release/Obj/nrf_balloc.o
LOAD Output/Basic tutorial---adc Release/Obj/nrf_ringbuf.o
LOAD Output/Basic tutorial---adc Release/Obj/app_timer.o
LOAD Output/Basic tutorial---adc Release/Obj/app_button.o
LOAD Output/Basic tutorial---adc Release/Obj/nrf_drv_uart.o