Archive member included to satisfy reference by file (symbol)

F:/SEGGER Embedded Studio for ARM 3.40/lib/libc_v7em_fpv4_sp_d16_hard_t_le_eabi.a(libc2.o)
                              Output/Basic tutorial---hello world Release/Obj/nrf_log_str_formatter.o (isprint)
F:/SEGGER Embedded Studio for ARM 3.40/lib/libc_v7em_fpv4_sp_d16_hard_t_le_eabi.a(libc2_asm.o)
                              Output/Basic tutorial---hello world Release/Obj/nrf_log_frontend.o (memcpy)
F:/SEGGER Embedded Studio for ARM 3.40/lib/libc_v7em_fpv4_sp_d16_hard_t_le_eabi.a(libc.o)
                              F:/SEGGER Embedded Studio for ARM 3.40/lib/libc_v7em_fpv4_sp_d16_hard_t_le_eabi.a(libc2.o) (__heap_lock)
F:/SEGGER Embedded Studio for ARM 3.40/lib/libc_v7em_fpv4_sp_d16_hard_t_le_eabi.a(libc_asm.o)
                              F:/SEGGER Embedded Studio for ARM 3.40/lib/libc_v7em_fpv4_sp_d16_hard_t_le_eabi.a(libc2.o) (__aeabi_uldivmod)
F:/SEGGER Embedded Studio for ARM 3.40/lib/libdebugio_v7em_fpv4_sp_d16_hard_t_le_eabi.a(libdebugio.o)
                              Output/Basic tutorial---hello world Release/Obj/thumb_crt0.o (debug_fopen)
F:/SEGGER Embedded Studio for ARM 3.40/lib/libdebugio_mempoll_v7em_fpv4_sp_d16_hard_t_le_eabi.a(mempoll_debug_operations.o)
                              F:/SEGGER Embedded Studio for ARM 3.40/lib/libdebugio_v7em_fpv4_sp_d16_hard_t_le_eabi.a(libdebugio.o) (__do_debug_operation)
F:/SEGGER Embedded Studio for ARM 3.40/lib/libdebugio_mempoll_v7em_fpv4_sp_d16_hard_t_le_eabi.a(do_nv_debug_operation.o)
                              F:/SEGGER Embedded Studio for ARM 3.40/lib/libdebugio_v7em_fpv4_sp_d16_hard_t_le_eabi.a(libdebugio.o) (__do_nvdebug_operation)
F:/SEGGER Embedded Studio for ARM 3.40/lib/libm_v7em_fpv4_sp_d16_hard_t_le_eabi.a(libm_asm.o)
                              F:/SEGGER Embedded Studio for ARM 3.40/lib/libc_v7em_fpv4_sp_d16_hard_t_le_eabi.a(libc2.o) (__aeabi_i2d)
F:/SEGGER Embedded Studio for ARM 3.40/lib/libm_v7em_fpv4_sp_d16_hard_t_le_eabi.a(libm2.o)
                              F:/SEGGER Embedded Studio for ARM 3.40/lib/libvfprintf_v7em_fpv4_sp_d16_hard_t_le_eabi.o (frexp)
F:/SEGGER Embedded Studio for ARM 3.40/lib/libm_v7em_fpv4_sp_d16_hard_t_le_eabi.a(libm2_asm.o)
                              F:/SEGGER Embedded Studio for ARM 3.40/lib/libm_v7em_fpv4_sp_d16_hard_t_le_eabi.a(libm2.o) (fabs)

Discarded input sections

 .text          0x0000000000000000        0x0 Output/Basic tutorial---hello world Release/Obj/ses_startup_nrf_common.o
 .data          0x0000000000000000        0x0 Output/Basic tutorial---hello world Release/Obj/ses_startup_nrf_common.o
 .bss           0x0000000000000000        0x0 Output/Basic tutorial---hello world Release/Obj/ses_startup_nrf_common.o
 .text          0x0000000000000000        0x0 Output/Basic tutorial---hello world Release/Obj/ses_startup_nrf52840.o
 .data          0x0000000000000000        0x0 Output/Basic tutorial---hello world Release/Obj/ses_startup_nrf52840.o
 .bss           0x0000000000000000        0x0 Output/Basic tutorial---hello world Release/Obj/ses_startup_nrf52840.o
 .group         0x0000000000000000        0xc Output/Basic tutorial---hello world Release/Obj/system_nrf52840.o
 .group         0x0000000000000000        0xc Output/Basic tutorial---hello world Release/Obj/system_nrf52840.o
 .group         0x0000000000000000        0xc Output/Basic tutorial---hello world Release/Obj/system_nrf52840.o
 .group         0x0000000000000000        0xc Output/Basic tutorial---hello world Release/Obj/system_nrf52840.o
 .group         0x0000000000000000        0xc Output/Basic tutorial---hello world Release/Obj/system_nrf52840.o
 .group         0x0000000000000000        0xc Output/Basic tutorial---hello world Release/Obj/system_nrf52840.o
 .group         0x0000000000000000        0xc Output/Basic tutorial---hello world Release/Obj/system_nrf52840.o
 .group         0x0000000000000000        0xc Output/Basic tutorial---hello world Release/Obj/system_nrf52840.o
 .group         0x0000000000000000        0xc Output/Basic tutorial---hello world Release/Obj/system_nrf52840.o
 .group         0x0000000000000000        0xc Output/Basic tutorial---hello world Release/Obj/system_nrf52840.o
 .group         0x0000000000000000        0xc Output/Basic tutorial---hello world Release/Obj/system_nrf52840.o
 .group         0x0000000000000000        0xc Output/Basic tutorial---hello world Release/Obj/system_nrf52840.o
 .group         0x0000000000000000        0xc Output/Basic tutorial---hello world Release/Obj/system_nrf52840.o
 .text          0x0000000000000000        0x0 Output/Basic tutorial---hello world Release/Obj/system_nrf52840.o
 .data          0x0000000000000000        0x0 Output/Basic tutorial---hello world Release/Obj/system_nrf52840.o
 .bss           0x0000000000000000        0x0 Output/Basic tutorial---hello world Release/Obj/system_nrf52840.o
 .text.SystemCoreClockUpdate
[...]
Memory Configuration

Name             Origin             Length             Attributes
UNPLACED_SECTIONS 0x0000000100000000 0x0000000000000000 xw
RAM              0x0000000020000000 0x0000000000040000 xw
FLASH            0x0000000000000000 0x0000000000100000 xw
*default*        0x0000000000000000 0xffffffffffffffff

Linker script and memory map

                0x0000000000000000                __vfprintf = __vfprintf_long
                0x0000000000000000                __vfscanf = __vfscanf_int
                0x0000000020000000                __RAM_segment_start__ = 0x20000000
                0x0000000020040000                __RAM_segment_end__ = 0x20040000
                0x0000000000040000                __RAM_segment_size__ = 0x40000
                0x0000000000000000                __FLASH_segment_start__ = 0x0
                0x0000000000100000                __FLASH_segment_end__ = 0x100000
                0x0000000000100000                __FLASH_segment_size__ = 0x100000
                0x0000000000002000                __HEAPSIZE__ = 0x2000
                0x0000000000000000                __STACKSIZE_PROCESS__ = 0x0
                0x0000000000002000                __STACKSIZE__ = 0x2000
                0x0000000020000000                __reserved_ram_load_start__ = 0x20000000

.reserved_ram   0x0000000020000000     0x2210
                0x0000000020000000                __reserved_ram_start__ = .
 *(.reserved_ram .reserved_ram.*)
                0x0000000020002210                . = MAX (((__reserved_ram_start__ + 0x20002210) - 0x20000000), .)
 *fill*         0x0000000020000000     0x2210 
                0x0000000020002210                __reserved_ram_end__ = (__reserved_ram_start__ + SIZEOF (.reserved_ram))
                0x0000000000002210                __reserved_ram_size__ = SIZEOF (.reserved_ram)
                0x0000000020002210                __reserved_ram_load_end__ = __reserved_ram_end__
                0x0000000000000001                . = ASSERT (((__reserved_ram_start__ == __reserved_ram_end__) || ((__reserved_ram_end__ >= __RAM_segment_start__) && (__reserved_ram_end__ <= __RAM_segment_end__))), error: .reserved_ram is too large to fit in RAM memory segment)
                0x0000000020002210                __vectors_ram_load_start__ = 0x20002210

.vectors_ram    0x0000000020002210        0x0
                0x0000000020002210                __vectors_ram_start__ = .
                0x0000000020002210                __app_ram_start__ = __vectors_ram_start__
 *(.vectors_ram .vectors_ram.*)
                0x0000000020002210                __vectors_ram_end__ = (__vectors_ram_start__ + SIZEOF (.vectors_ram))
                0x0000000000000000                __vectors_ram_size__ = SIZEOF (.vectors_ram)
                0x0000000020002210                __vectors_ram_load_end__ = __vectors_ram_end__
                0x0000000000000001                . = ASSERT (((__vectors_ram_start__ == __vectors_ram_end__) || ((__vectors_ram_end__ >= __RAM_segment_start__) && (__vectors_ram_end__ <= __RAM_segment_end__))), error: .vectors_ram is too large to fit in RAM memory segment)
                0x0000000000000001                . = ASSERT ((__reserved_ram_end__ <= __vectors_ram_start__), error: section .reserved_ram overlaps absolute placed section .vectors_ram)
                0x0000000020002210                __nrf_sections_run_load_start__ = ALIGN (__vectors_ram_end__, 0x4)

.nrf_sections_run
                0x0000000020002210        0x0
                0x0000000020002210                __nrf_sections_run_start__ = .
                0x0000000020002210                __start_nrf_sections_run = __nrf_sections_run_start__
 *(.nrf_sections_run .nrf_sections_run.*)
                0x0000000020002210                __nrf_sections_run_end__ = (__nrf_sections_run_start__ + SIZEOF (.nrf_sections_run))
                0x0000000000000000                __nrf_sections_run_size__ = SIZEOF (.nrf_sections_run)
                0x0000000020002210                __nrf_sections_run_load_end__ = __nrf_sections_run_end__
                0x0000000000000001                . = ASSERT (((__nrf_sections_run_start__ == __nrf_sections_run_end__) || ((__nrf_sections_run_end__ >= __RAM_segment_start__) && (__nrf_sections_run_end__ <= __RAM_segment_end__))), error: .nrf_sections_run is too large to fit in RAM memory segment)
                0x0000000000000000                __reserved_flash_load_start__ = 0x0

.reserved_flash
                0x0000000000000000    0x26000
                0x0000000000000000                __reserved_flash_start__ = .
 *(.reserved_flash .reserved_flash.*)
                0x0000000000026000                . = MAX (((__reserved_flash_start__ + 0x26000) - 0x0), .)
 *fill*         0x0000000000000000    0x26000 
                0x0000000000026000                __reserved_flash_end__ = (__reserved_flash_start__ + SIZEOF (.reserved_flash))
                0x0000000000026000                __reserved_flash_size__ = SIZEOF (.reserved_flash)
                0x0000000000026000                __reserved_flash_load_end__ = __reserved_flash_end__
                0x0000000000000001                . = ASSERT (((__reserved_flash_start__ == __reserved_flash_end__) || ((__reserved_flash_end__ >= __FLASH_segment_start__) && (__reserved_flash_end__ <= __FLASH_segment_end__))), error: .reserved_flash is too large to fit in FLASH memory segment)
                0x0000000000026000                __vectors_load_start__ = 0x26000

.vectors        0x0000000000026000      0x200
                0x0000000000026000                __vectors_start__ = .
 *(.vectors .vectors.*)
 .vectors       0x0000000000026000      0x200 Output/Basic tutorial---hello world Release/Obj/ses_startup_nrf52840.o
                0x0000000000026000                _vectors
                0x0000000000026200                __vectors_end__ = (__vectors_start__ + SIZEOF (.vectors))
                0x0000000000000200                __vectors_size__ = SIZEOF (.vectors)
                0x0000000000026200                __vectors_load_end__ = __vectors_end__
                0x0000000000000001                . = ASSERT (((__vectors_start__ == __vectors_end__) || ((__vectors_end__ >= __FLASH_segment_start__) && (__vectors_end__ <= __FLASH_segment_end__))), error: .vectors is too large to fit in FLASH memory segment)
                0x0000000000000001                . = ASSERT ((__reserved_flash_end__ <= __vectors_start__), error: section .reserved_flash overlaps absolute placed section .vectors)
                0x0000000000026200                __init_load_start__ = ALIGN (__vectors_end__, 0x4)

.init           0x0000000000026200      0x1d8
                0x0000000000026200                __init_start__ = .
 *(.init .init.*)
 .init          0x0000000000026200       0x60 Output/Basic tutorial---hello world Release/Obj/ses_startup_nrf_common.o
                0x0000000000026200                Reset_Handler
                0x0000000000026228                InitializeUserMemorySections
 .init          0x0000000000026260       0x18 Output/Basic tutorial---hello world Release/Obj/ses_startup_nrf52840.o
                0x0000000000026260                NMI_Handler
                0x0000000000026262                HardFault_Handler
                0x0000000000026264                MemoryManagement_Handler
                0x0000000000026266                BusFault_Handler
                0x0000000000026268                UsageFault_Handler
                0x000000000002626a                SVC_Handler
                0x000000000002626c                DebugMon_Handler
                0x000000000002626e                PendSV_Handler
                0x0000000000026270                SysTick_Handler
                0x0000000000026272                PWM1_IRQHandler
                0x0000000000026272                GPIOTE_IRQHandler
                0x0000000000026272                RTC0_IRQHandler
                0x0000000000026272                POWER_CLOCK_IRQHandler
                0x0000000000026272                RADIO_IRQHandler
                0x0000000000026272                SWI2_EGU2_IRQHandler
                0x0000000000026272                TEMP_IRQHandler
                0x0000000000026272                QDEC_IRQHandler
                0x0000000000026272                TIMER3_IRQHandler
                0x0000000000026272                PWM3_IRQHandler
                0x0000000000026272                FPU_IRQHandler
                0x0000000000026272                USBD_IRQHandler
                0x0000000000026272                SPIM0_SPIS0_TWIM0_TWIS0_SPI0_TWI0_IRQHandler
                0x0000000000026272                QSPI_IRQHandler
                0x0000000000026272                TIMER4_IRQHandler
                0x0000000000026272                PDM_IRQHandler
                0x0000000000026272                I2S_IRQHandler
                0x0000000000026272                SWI4_EGU4_IRQHandler
                0x0000000000026272                TIMER0_IRQHandler
                0x0000000000026272                UARTE1_IRQHandler
                0x0000000000026272                Dummy_Handler
                0x0000000000026272                TIMER1_IRQHandler
                0x0000000000026272                SPIM3_IRQHandler
                0x0000000000026272                PWM2_IRQHandler
                0x0000000000026272                ECB_IRQHandler
                0x0000000000026272                SPIM1_SPIS1_TWIM1_TWIS1_SPI1_TWI1_IRQHandler
                0x0000000000026272                SAADC_IRQHandler
                0x0000000000026272                CCM_AAR_IRQHandler
                0x0000000000026272                WDT_IRQHandler
                0x0000000000026272                SWI0_EGU0_IRQHandler
                0x0000000000026272                SWI5_EGU5_IRQHandler
                0x0000000000026272                RNG_IRQHandler
                0x0000000000026272                RTC2_IRQHandler
                0x0000000000026272                PWM0_IRQHandler
                0x0000000000026272                SWI3_EGU3_IRQHandler
                0x0000000000026272                RTC1_IRQHandler
                0x0000000000026272                SWI1_EGU1_IRQHandler
                0x0000000000026272                SPIM2_SPIS2_SPI2_IRQHandler
                0x0000000000026272                NFCT_IRQHandler
                0x0000000000026272                CRYPTOCELL_IRQHandler
                0x0000000000026272                MWU_IRQHandler
                0x0000000000026272                TIMER2_IRQHandler
                0x0000000000026272                COMP_LPCOMP_IRQHandler
                0x0000000000026274                nRFInitialize
 .init          0x0000000000026278      0x160 Output/Basic tutorial---hello world Release/Obj/thumb_crt0.o
                0x0000000000026278                _start
                0x000000000002632e                exit
                0x00000000000263d8                __init_end__ = (__init_start__ + SIZEOF (.init))
                0x00000000000001d8                __init_size__ = SIZEOF (.init)
                0x00000000000263d8                __init_load_end__ = __init_end__
                0x0000000000000001                . = ASSERT (((__init_start__ == __init_end__) || ((__init_end__ >= __FLASH_segment_start__) && (__init_end__ <= __FLASH_segment_end__))), error: .init is too large to fit in FLASH memory segment)
                0x00000000000263d8                __init_rodata_load_start__ = ALIGN (__init_end__, 0x4)

.init_rodata    0x00000000000263d8        0x0
                0x00000000000263d8                __init_rodata_start__ = .
 *(.init_rodata .init_rodata.*)
                0x00000000000263d8                __init_rodata_end__ = (__init_rodata_start__ + SIZEOF (.init_rodata))
                0x0000000000000000                __init_rodata_size__ = SIZEOF (.init_rodata)
                0x00000000000263d8                __init_rodata_load_end__ = __init_rodata_end__
                0x0000000000000001                . = ASSERT (((__init_rodata_start__ == __init_rodata_end__) || ((__init_rodata_end__ >= __FLASH_segment_start__) && (__init_rodata_end__ <= __FLASH_segment_end__))), error: .init_rodata is too large to fit in FLASH memory segment)
                0x00000000000263d8                __text_load_start__ = ALIGN (__init_rodata_end__, 0x4)

.text           0x00000000000263d8     0x1e80
                0x00000000000263d8                __text_start__ = .
 *(.text .text.* .glue_7t .glue_7 .gnu.linkonce.t.* .gcc_except_table .ARM.extab* .gnu.linkonce.armextab.*)
 .glue_7        0x00000000000263d8        0x0 linker stubs
 .glue_7t       0x00000000000263d8        0x0 linker stubs
 .text.errata_98
                0x00000000000263d8       0x20 Output/Basic tutorial---hello world Release/Obj/system_nrf52840.o
 .text.SystemInit
                0x00000000000263f8      0x1b8 Output/Basic tutorial---hello world Release/Obj/system_nrf52840.o
                0x00000000000263f8                SystemInit
 .text.startup.main
                0x00000000000265b0       0x5c Output/Basic tutorial---hello world Release/Obj/main.o
                0x00000000000265b0                main
 .text.log_init
                0x000000000002660c       0x1a Output/Basic tutorial---hello world Release/Obj/user_log.o
                0x000000000002660c                log_init
 .text.nrf_log_backend_serial_put
                0x0000000000026626       0xcc Output/Basic tutorial---hello world Release/Obj/nrf_log_backend_serial.o
                0x0000000000026626                nrf_log_backend_serial_put
 .text.nrf_log_backend_uart_flush
                0x00000000000266f2        0x2 Output/Basic tutorial---hello world Release/Obj/nrf_log_backend_uart.o
 .text.nrf_log_backend_uart_put
                0x00000000000266f4       0x1c Output/Basic tutorial---hello world Release/Obj/nrf_log_backend_uart.o
 .text.uart_init.constprop.0
                0x0000000000026710       0x40 Output/Basic tutorial---hello world Release/Obj/nrf_log_backend_uart.o
 .text.serial_tx
                0x0000000000026750       0x48 Output/Basic tutorial---hello world Release/Obj/nrf_log_backend_uart.o
 .text.nrf_log_backend_uart_panic_set
                0x0000000000026798       0x2c Output/Basic tutorial---hello world Release/Obj/nrf_log_backend_uart.o
 .text.nrf_log_backend_uart_init
                0x00000000000267c4        0x4 Output/Basic tutorial---hello world Release/Obj/nrf_log_backend_uart.o
                0x00000000000267c4                nrf_log_backend_uart_init
 .text.nrf_log_default_backends_init
                0x00000000000267c8       0x20 Output/Basic tutorial---hello world Release/Obj/nrf_log_default_backends.o
                0x00000000000267c8                nrf_log_default_backends_init
 .text.invalid_packets_omit
                0x00000000000267e8       0x3a Output/Basic tutorial---hello world Release/Obj/nrf_log_frontend.o
 *fill*         0x0000000000026822        0x2 
 .text.buf_prealloc
                0x0000000000026824      0x134 Output/Basic tutorial---hello world Release/Obj/nrf_log_frontend.o
 .text.nrf_log_init
                0x0000000000026958       0x3c Output/Basic tutorial---hello world Release/Obj/nrf_log_frontend.o
                0x0000000000026958                nrf_log_init
 .text.nrf_log_module_name_get
                0x0000000000026994       0x38 Output/Basic tutorial---hello world Release/Obj/nrf_log_frontend.o
                0x0000000000026994                nrf_log_module_name_get
 .text.nrf_log_color_id_get
                0x00000000000269cc       0x2c Output/Basic tutorial---hello world Release/Obj/nrf_log_frontend.o
                0x00000000000269cc                nrf_log_color_id_get
 .text.buffer_is_empty
                0x00000000000269f8       0x14 Output/Basic tutorial---hello world Release/Obj/nrf_log_frontend.o
                0x00000000000269f8                buffer_is_empty
 .text.nrf_log_frontend_dequeue
                0x0000000000026a0c      0x228 Output/Basic tutorial---hello world Release/Obj/nrf_log_frontend.o
                0x0000000000026a0c                nrf_log_frontend_dequeue
 .text.std_n    0x0000000000026c34       0xb0 Output/Basic tutorial---hello world Release/Obj/nrf_log_frontend.o
 .text.nrf_log_frontend_std_0
                0x0000000000026ce4        0x8 Output/Basic tutorial---hello world Release/Obj/nrf_log_frontend.o
                0x0000000000026ce4                nrf_log_frontend_std_0
 .text.nrf_log_backend_add
                0x0000000000026cec       0x44 Output/Basic tutorial---hello world Release/Obj/nrf_log_frontend.o
                0x0000000000026cec                nrf_log_backend_add
 .text.nrf_log_panic
                0x0000000000026d30       0x2c Output/Basic tutorial---hello world Release/Obj/nrf_log_frontend.o
                0x0000000000026d30                nrf_log_panic
 .text.postfix_process
                0x0000000000026d5c       0x3c Output/Basic tutorial---hello world Release/Obj/nrf_log_str_formatter.o
 .text.prefix_process
                0x0000000000026d98       0x78 Output/Basic tutorial---hello world Release/Obj/nrf_log_str_formatter.o
 .text.nrf_log_std_entry_process
                0x0000000000026e10       0xc8 Output/Basic tutorial---hello world Release/Obj/nrf_log_str_formatter.o
                0x0000000000026e10                nrf_log_std_entry_process
 .text.nrf_log_hexdump_entry_process
                0x0000000000026ed8       0xac Output/Basic tutorial---hello world Release/Obj/nrf_log_str_formatter.o
                0x0000000000026ed8                nrf_log_hexdump_entry_process
 .text.app_error_handler_bare
                0x0000000000026f84       0x1a Output/Basic tutorial---hello world Release/Obj/app_error.o
                0x0000000000026f84                app_error_handler_bare
 .text.memobj_op
                0x0000000000026f9e       0x82 Output/Basic tutorial---hello world Release/Obj/nrf_memobj.o
 .text.nrf_memobj_pool_init
                0x0000000000027020        0x4 Output/Basic tutorial---hello world Release/Obj/nrf_memobj.o
                0x0000000000027020                nrf_memobj_pool_init
 .text.nrf_memobj_free
                0x0000000000027024       0x2c Output/Basic tutorial---hello world Release/Obj/nrf_memobj.o
                0x0000000000027024                nrf_memobj_free
 .text.nrf_memobj_alloc
                0x0000000000027050       0x5e Output/Basic tutorial---hello world Release/Obj/nrf_memobj.o
                0x0000000000027050                nrf_memobj_alloc
 .text.nrf_memobj_get
                0x00000000000270ae        0x8 Output/Basic tutorial---hello world Release/Obj/nrf_memobj.o
                0x00000000000270ae                nrf_memobj_get
 .text.nrf_memobj_put
                0x00000000000270b6       0x1e Output/Basic tutorial---hello world Release/Obj/nrf_memobj.o
                0x00000000000270b6                nrf_memobj_put
 .text.nrf_memobj_write
                0x00000000000270d4       0x16 Output/Basic tutorial---hello world Release/Obj/nrf_memobj.o
                0x00000000000270d4                nrf_memobj_write
 .text.nrf_memobj_read
                0x00000000000270ea       0x16 Output/Basic tutorial---hello world Release/Obj/nrf_memobj.o
                0x00000000000270ea                nrf_memobj_read
 .text.nrf_fprintf_buffer_flush
                0x0000000000027100       0x16 Output/Basic tutorial---hello world Release/Obj/nrf_fprintf.o
                0x0000000000027100                nrf_fprintf_buffer_flush
 .text.nrf_fprintf
                0x0000000000027116       0x1e Output/Basic tutorial---hello world Release/Obj/nrf_fprintf.o
                0x0000000000027116                nrf_fprintf
 .text.buffer_add
                0x0000000000027134       0x1e Output/Basic tutorial---hello world Release/Obj/nrf_fprintf_format.o
 *fill*         0x0000000000027152        0x2 
 .text.unsigned_print
                0x0000000000027154       0xac Output/Basic tutorial---hello world Release/Obj/nrf_fprintf_format.o
 .text.nrf_fprintf_fmt
                0x0000000000027200      0x28a Output/Basic tutorial---hello world Release/Obj/nrf_fprintf_format.o
                0x0000000000027200                nrf_fprintf_fmt
 *fill*         0x000000000002748a        0x2 
 .text.app_error_fault_handler
                0x000000000002748c       0x70 Output/Basic tutorial---hello world Release/Obj/app_error_weak.o
                0x000000000002748c                app_error_fault_handler
 .text.app_util_critical_region_enter
                0x00000000000274fc       0x48 Output/Basic tutorial---hello world Release/Obj/app_util_platform.o
                0x00000000000274fc                app_util_critical_region_enter
 .text.app_util_critical_region_exit
                0x0000000000027544       0x2c Output/Basic tutorial---hello world Release/Obj/app_util_platform.o
                0x0000000000027544                app_util_critical_region_exit
 .text.nrf_atomic_u32_fetch_store
                0x0000000000027570       0x14 Output/Basic tutorial---hello world Release/Obj/nrf_atomic.o
                0x0000000000027570                nrf_atomic_u32_fetch_store
 .text.nrf_atomic_u32_or
                0x0000000000027584       0x16 Output/Basic tutorial---hello world Release/Obj/nrf_atomic.o
                0x0000000000027584                nrf_atomic_u32_or
 .text.nrf_atomic_u32_fetch_and
                0x000000000002759a       0x16 Output/Basic tutorial---hello world Release/Obj/nrf_atomic.o
                0x000000000002759a                nrf_atomic_u32_fetch_and
 .text.nrf_atomic_u32_add
                0x00000000000275b0       0x16 Output/Basic tutorial---hello world Release/Obj/nrf_atomic.o
                0x00000000000275b0                nrf_atomic_u32_add
 .text.nrf_atomic_u32_sub
                0x00000000000275c6       0x16 Output/Basic tutorial---hello world Release/Obj/nrf_atomic.o
                0x00000000000275c6                nrf_atomic_u32_sub
 .text.nrf_atomic_flag_set
                0x00000000000275dc        0x6 Output/Basic tutorial---hello world Release/Obj/nrf_atomic.o
                0x00000000000275dc                nrf_atomic_flag_set
 .text.nrf_atomic_flag_clear_fetch
                0x00000000000275e2        0x6 Output/Basic tutorial---hello world Release/Obj/nrf_atomic.o
                0x00000000000275e2                nrf_atomic_flag_clear_fetch
 .text.nrf_balloc_init
                0x00000000000275e8       0x2e Output/Basic tutorial---hello world Release/Obj/nrf_balloc.o
                0x00000000000275e8                nrf_balloc_init
 .text.nrf_balloc_alloc
                0x0000000000027616       0x46 Output/Basic tutorial---hello world Release/Obj/nrf_balloc.o
                0x0000000000027616                nrf_balloc_alloc
 .text.nrf_balloc_free
                0x000000000002765c       0x32 Output/Basic tutorial---hello world Release/Obj/nrf_balloc.o
                0x000000000002765c                nrf_balloc_free
 .text.nrf_ringbuf_init
                0x000000000002768e       0x12 Output/Basic tutorial---hello world Release/Obj/nrf_ringbuf.o
                0x000000000002768e                nrf_ringbuf_init
 .text.uarte_evt_handler
                0x00000000000276a0       0x34 Output/Basic tutorial---hello world Release/Obj/nrf_drv_uart.o
 .text.uart_evt_handler
                0x00000000000276d4       0x34 Output/Basic tutorial---hello world Release/Obj/nrf_drv_uart.o
 .text.nrf_drv_uart_init
                0x0000000000027708       0x7c Output/Basic tutorial---hello world Release/Obj/nrf_drv_uart.o
                0x0000000000027708                nrf_drv_uart_init
 .text.nrf_uarte_event_clear
                0x0000000000027784       0x10 Output/Basic tutorial---hello world Release/Obj/nrfx_uarte.o
 .text.rx_done_event.constprop.6
                0x0000000000027794       0x24 Output/Basic tutorial---hello world Release/Obj/nrfx_uarte.o
 .text.nrfx_uarte_0_irq_handler
                0x00000000000277b8       0xec Output/Basic tutorial---hello world Release/Obj/nrfx_uarte.o
                0x00000000000277b8                nrfx_uarte_0_irq_handler
 .text.nrf_gpio_cfg_default
                0x00000000000278a4       0x20 Output/Basic tutorial---hello world Release/Obj/nrfx_uarte.o
 .text.nrfx_uarte_init
                0x00000000000278c4      0x1c4 Output/Basic tutorial---hello world Release/Obj/nrfx_uarte.o
                0x00000000000278c4                nrfx_uarte_init
 .text.nrfx_uarte_uninit
                0x0000000000027a88       0xac Output/Basic tutorial---hello world Release/Obj/nrfx_uarte.o
                0x0000000000027a88                nrfx_uarte_uninit
 .text.nrfx_uarte_tx
                0x0000000000027b34       0x88 Output/Basic tutorial---hello world Release/Obj/nrfx_uarte.o
                0x0000000000027b34                nrfx_uarte_tx
 .text.nrf_uart_event_clear
                0x0000000000027bbc       0x10 Output/Basic tutorial---hello world Release/Obj/nrfx_uart.o
 .text.tx_byte  0x0000000000027bcc       0x1e Output/Basic tutorial---hello world Release/Obj/nrfx_uart.o
 .text.rx_byte  0x0000000000027bea       0x2c Output/Basic tutorial---hello world Release/Obj/nrfx_uart.o
 *fill*         0x0000000000027c16        0x2 
 .text.rx_done_event.constprop.7
                0x0000000000027c18       0x20 Output/Basic tutorial---hello world Release/Obj/nrfx_uart.o
 .text.nrfx_uart_0_irq_handler
                0x0000000000027c38      0x13c Output/Basic tutorial---hello world Release/Obj/nrfx_uart.o
                0x0000000000027c38                nrfx_uart_0_irq_handler
 .text.nrf_gpio_cfg_default
                0x0000000000027d74       0x20 Output/Basic tutorial---hello world Release/Obj/nrfx_uart.o
 .text.nrfx_uart_init
                0x0000000000027d94      0x1b4 Output/Basic tutorial---hello world Release/Obj/nrfx_uart.o
                0x0000000000027d94                nrfx_uart_init
 .text.nrfx_uart_uninit
                0x0000000000027f48       0xac Output/Basic tutorial---hello world Release/Obj/nrfx_uart.o
                0x0000000000027f48                nrfx_uart_uninit
 .text.nrfx_uart_tx
                0x0000000000027ff4       0x94 Output/Basic tutorial---hello world Release/Obj/nrfx_uart.o
                0x0000000000027ff4                nrfx_uart_tx
 .text.UARTE0_UART0_IRQHandler
                0x0000000000028088        0xc Output/Basic tutorial---hello world Release/Obj/nrfx_prs.o
                0x0000000000028088                UARTE0_UART0_IRQHandler
 .text.nrfx_prs_acquire
                0x0000000000028094       0x40 Output/Basic tutorial---hello world Release/Obj/nrfx_prs.o
                0x0000000000028094                nrfx_prs_acquire
 .text.nrfx_prs_release
                0x00000000000280d4       0x18 Output/Basic tutorial---hello world Release/Obj/nrfx_prs.o
                0x00000000000280d4                nrfx_prs_release
 .text.libc.__RAL_ascii_isctype
                0x00000000000280ec       0x1c F:/SEGGER Embedded Studio for ARM 3.40/lib/libc_v7em_fpv4_sp_d16_hard_t_le_eabi.a(libc2.o)
 .text.libc.__RAL_ascii_toupper
                0x0000000000028108        0xc F:/SEGGER Embedded Studio for ARM 3.40/lib/libc_v7em_fpv4_sp_d16_hard_t_le_eabi.a(libc2.o)
 .text.libc.__RAL_ascii_tolower
                0x0000000000028114        0xc F:/SEGGER Embedded Studio for ARM 3.40/lib/libc_v7em_fpv4_sp_d16_hard_t_le_eabi.a(libc2.o)
 .text.libc.__RAL_ascii_iswctype
                0x0000000000028120       0x1c F:/SEGGER Embedded Studio for ARM 3.40/lib/libc_v7em_fpv4_sp_d16_hard_t_le_eabi.a(libc2.o)
 .text.libc.__RAL_ascii_towupper
                0x000000000002813c        0xc F:/SEGGER Embedded Studio for ARM 3.40/lib/libc_v7em_fpv4_sp_d16_hard_t_le_eabi.a(libc2.o)
 .text.libc.__RAL_ascii_towlower
                0x0000000000028148        0xc F:/SEGGER Embedded Studio for ARM 3.40/lib/libc_v7em_fpv4_sp_d16_hard_t_le_eabi.a(libc2.o)
 .text.libc.__RAL_ascii_wctomb
                0x0000000000028154        0xe F:/SEGGER Embedded Studio for ARM 3.40/lib/libc_v7em_fpv4_sp_d16_hard_t_le_eabi.a(libc2.o)
                0x0000000000028154                __RAL_ascii_wctomb
 .text.libc.__RAL_ascii_mbtowc
                0x0000000000028162       0x24 F:/SEGGER Embedded Studio for ARM 3.40/lib/libc_v7em_fpv4_sp_d16_hard_t_le_eabi.a(libc2.o)
                0x0000000000028162                __RAL_ascii_mbtowc
 *fill*         0x0000000000028186        0x2 
 .text.libc.__RAL_isctype
                0x0000000000028188       0x14 F:/SEGGER Embedded Studio for ARM 3.40/lib/libc_v7em_fpv4_sp_d16_hard_t_le_eabi.a(libc2.o)
                0x0000000000028188                __RAL_isctype
 .text.libc.isprint
                0x000000000002819c        0xa F:/SEGGER Embedded Studio for ARM 3.40/lib/libc_v7em_fpv4_sp_d16_hard_t_le_eabi.a(libc2.o)
                0x000000000002819c                isprint
 .text.libc.memcpy
                0x00000000000281a6       0x52 F:/SEGGER Embedded Studio for ARM 3.40/lib/libc_v7em_fpv4_sp_d16_hard_t_le_eabi.a(libc2_asm.o)
                0x00000000000281a6                __aeabi_memcpy
                0x00000000000281a6                memcpy
                0x00000000000281b2                __aeabi_memcpy8
                0x00000000000281b2                __aeabi_memcpy4
 .text.libc.strlen
                0x00000000000281f8       0x60 F:/SEGGER Embedded Studio for ARM 3.40/lib/libc_v7em_fpv4_sp_d16_hard_t_le_eabi.a(libc2_asm.o)
                0x00000000000281f8                strlen
                0x0000000000028258                __text_end__ = (__text_start__ + SIZEOF (.text))
                0x0000000000001e80                __text_size__ = SIZEOF (.text)
                0x0000000000028258                __text_load_end__ = __text_end__

.vfp11_veneer   0x0000000100000000        0x0
 .vfp11_veneer  0x0000000100000000        0x0 linker stubs

.v4_bx          0x0000000100000000        0x0
 .v4_bx         0x0000000100000000        0x0 linker stubs

.iplt           0x0000000100000000        0x0
 .iplt          0x0000000100000000        0x0 Output/Basic tutorial---hello world Release/Obj/ses_startup_nrf_common.o
                0x0000000000000001                . = ASSERT (((__text_start__ == __text_end__) || ((__text_end__ >= __FLASH_segment_start__) && (__text_end__ <= __FLASH_segment_end__))), error: .text is too large to fit in FLASH memory segment)
                0x0000000000028258                __sdh_soc_observers_load_start__ = ALIGN (__text_end__, 0x4)

.sdh_soc_observers
                0x0000000000028258        0x0
                0x0000000000028258                __sdh_soc_observers_start__ = .
                0x0000000000028258                __start_sdh_soc_observers = __sdh_soc_observers_start__
 *(SORT_BY_NAME(.sdh_soc_observers*))
                0x0000000000028258                __sdh_soc_observers_end__ = (__sdh_soc_observers_start__ + SIZEOF (.sdh_soc_observers))
                0x0000000000000000                __sdh_soc_observers_size__ = SIZEOF (.sdh_soc_observers)
                0x0000000000028258                __stop_sdh_soc_observers = __sdh_soc_observers_end__
                0x0000000000028258                __sdh_soc_observers_load_end__ = __sdh_soc_observers_end__
                0x0000000000000001                . = ASSERT (((__sdh_soc_observers_start__ == __sdh_soc_observers_end__) || ((__sdh_soc_observers_end__ >= __FLASH_segment_start__) && (__sdh_soc_observers_end__ <= __FLASH_segment_end__))), error: .sdh_soc_observers is too large to fit in FLASH memory segment)
                0x0000000000028258                __pwr_mgmt_data_load_start__ = ALIGN (__sdh_soc_observers_end__, 0x4)

.pwr_mgmt_data  0x0000000000028258        0x0
                0x0000000000028258                __pwr_mgmt_data_start__ = .
                0x0000000000028258                __start_pwr_mgmt_data = __pwr_mgmt_data_start__
 *(SORT_BY_NAME(.pwr_mgmt_data*))
                0x0000000000028258                __pwr_mgmt_data_end__ = (__pwr_mgmt_data_start__ + SIZEOF (.pwr_mgmt_data))
                0x0000000000000000                __pwr_mgmt_data_size__ = SIZEOF (.pwr_mgmt_data)
                0x0000000000028258                __stop_pwr_mgmt_data = __pwr_mgmt_data_end__
                0x0000000000028258                __pwr_mgmt_data_load_end__ = __pwr_mgmt_data_end__
                0x0000000000000001                . = ASSERT (((__pwr_mgmt_data_start__ == __pwr_mgmt_data_end__) || ((__pwr_mgmt_data_end__ >= __FLASH_segment_start__) && (__pwr_mgmt_data_end__ <= __FLASH_segment_end__))), error: .pwr_mgmt_data is too large to fit in FLASH memory segment)
                0x0000000000028258                __sdh_ble_observers_load_start__ = ALIGN (__pwr_mgmt_data_end__, 0x4)

.sdh_ble_observers
                0x0000000000028258        0x0
                0x0000000000028258                __sdh_ble_observers_start__ = .
                0x0000000000028258                __start_sdh_ble_observers = __sdh_ble_observers_start__
 *(SORT_BY_NAME(.sdh_ble_observers*))
                0x0000000000028258                __sdh_ble_observers_end__ = (__sdh_ble_observers_start__ + SIZEOF (.sdh_ble_observers))
                0x0000000000000000                __sdh_ble_observers_size__ = SIZEOF (.sdh_ble_observers)
                0x0000000000028258                __stop_sdh_ble_observers = __sdh_ble_observers_end__
                0x0000000000028258                __sdh_ble_observers_load_end__ = __sdh_ble_observers_end__
                0x0000000000000001                . = ASSERT (((__sdh_ble_observers_start__ == __sdh_ble_observers_end__) || ((__sdh_ble_observers_end__ >= __FLASH_segment_start__) && (__sdh_ble_observers_end__ <= __FLASH_segment_end__))), error: .sdh_ble_observers is too large to fit in FLASH memory segment)
                0x0000000000028258                __sdh_stack_observers_load_start__ = ALIGN (__sdh_ble_observers_end__, 0x4)

.sdh_stack_observers
                0x0000000000028258        0x0
                0x0000000000028258                __sdh_stack_observers_start__ = .
                0x0000000000028258                __start_sdh_stack_observers = __sdh_stack_observers_start__
 *(SORT_BY_NAME(.sdh_stack_observers*))
                0x0000000000028258                __sdh_stack_observers_end__ = (__sdh_stack_observers_start__ + SIZEOF (.sdh_stack_observers))
                0x0000000000000000                __sdh_stack_observers_size__ = SIZEOF (.sdh_stack_observers)
                0x0000000000028258                __stop_sdh_stack_observers = __sdh_stack_observers_end__
                0x0000000000028258                __sdh_stack_observers_load_end__ = __sdh_stack_observers_end__
                0x0000000000000001                . = ASSERT (((__sdh_stack_observers_start__ == __sdh_stack_observers_end__) || ((__sdh_stack_observers_end__ >= __FLASH_segment_start__) && (__sdh_stack_observers_end__ <= __FLASH_segment_end__))), error: .sdh_stack_observers is too large to fit in FLASH memory segment)
                0x0000000000028258                __sdh_req_observers_load_start__ = ALIGN (__sdh_stack_observers_end__, 0x4)

.sdh_req_observers
                0x0000000000028258        0x0
                0x0000000000028258                __sdh_req_observers_start__ = .
                0x0000000000028258                __start_sdh_req_observers = __sdh_req_observers_start__
 *(SORT_BY_NAME(.sdh_req_observers*))
                0x0000000000028258                __sdh_req_observers_end__ = (__sdh_req_observers_start__ + SIZEOF (.sdh_req_observers))
                0x0000000000000000                __sdh_req_observers_size__ = SIZEOF (.sdh_req_observers)
                0x0000000000028258                __stop_sdh_req_observers = __sdh_req_observers_end__
                0x0000000000028258                __sdh_req_observers_load_end__ = __sdh_req_observers_end__
                0x0000000000000001                . = ASSERT (((__sdh_req_observers_start__ == __sdh_req_observers_end__) || ((__sdh_req_observers_end__ >= __FLASH_segment_start__) && (__sdh_req_observers_end__ <= __FLASH_segment_end__))), error: .sdh_req_observers is too large to fit in FLASH memory segment)
                0x0000000000028258                __sdh_state_observers_load_start__ = ALIGN (__sdh_req_observers_end__, 0x4)

.sdh_state_observers
                0x0000000000028258        0x0
                0x0000000000028258                __sdh_state_observers_start__ = .
                0x0000000000028258                __start_sdh_state_observers = __sdh_state_observers_start__
 *(SORT_BY_NAME(.sdh_state_observers*))
                0x0000000000028258                __sdh_state_observers_end__ = (__sdh_state_observers_start__ + SIZEOF (.sdh_state_observers))
                0x0000000000000000                __sdh_state_observers_size__ = SIZEOF (.sdh_state_observers)
                0x0000000000028258                __stop_sdh_state_observers = __sdh_state_observers_end__
                0x0000000000028258                __sdh_state_observers_load_end__ = __sdh_state_observers_end__
                0x0000000000000001                . = ASSERT (((__sdh_state_observers_start__ == __sdh_state_observers_end__) || ((__sdh_state_observers_end__ >= __FLASH_segment_start__) && (__sdh_state_observers_end__ <= __FLASH_segment_end__))), error: .sdh_state_observers is too large to fit in FLASH memory segment)
                0x0000000000028258                __nrf_queue_load_start__ = ALIGN (__sdh_state_observers_end__, 0x4)

.nrf_queue      0x0000000000028258        0x0
                0x0000000000028258                __nrf_queue_start__ = .
                0x0000000000028258                __start_nrf_queue = __nrf_queue_start__
 *(.nrf_queue*)
                0x0000000000028258                __nrf_queue_end__ = (__nrf_queue_start__ + SIZEOF (.nrf_queue))
                0x0000000000000000                __nrf_queue_size__ = SIZEOF (.nrf_queue)
                0x0000000000028258                __stop_nrf_queue = __nrf_queue_end__
                0x0000000000028258                __nrf_queue_load_end__ = __nrf_queue_end__
                0x0000000000000001                . = ASSERT (((__nrf_queue_start__ == __nrf_queue_end__) || ((__nrf_queue_end__ >= __FLASH_segment_start__) && (__nrf_queue_end__ <= __FLASH_segment_end__))), error: .nrf_queue is too large to fit in FLASH memory segment)
                0x0000000000028258                __nrf_balloc_load_start__ = ALIGN (__nrf_queue_end__, 0x4)

.nrf_balloc     0x0000000000028258       0x14
                0x0000000000028258                __nrf_balloc_start__ = .
                0x0000000000028258                __start_nrf_balloc = __nrf_balloc_start__
 *(.nrf_balloc*)
 .nrf_balloc    0x0000000000028258       0x14 Output/Basic tutorial---hello world Release/Obj/nrf_log_frontend.o
                0x0000000000028258                log_mempool
                0x000000000002826c                __nrf_balloc_end__ = (__nrf_balloc_start__ + SIZEOF (.nrf_balloc))
                0x0000000000000014                __nrf_balloc_size__ = SIZEOF (.nrf_balloc)
                0x000000000002826c                __stop_nrf_balloc = __nrf_balloc_end__
                0x000000000002826c                __nrf_balloc_load_end__ = __nrf_balloc_end__
                0x0000000000000001                . = ASSERT (((__nrf_balloc_start__ == __nrf_balloc_end__) || ((__nrf_balloc_end__ >= __FLASH_segment_start__) && (__nrf_balloc_end__ <= __FLASH_segment_end__))), error: .nrf_balloc is too large to fit in FLASH memory segment)
                0x000000000002826c                __cli_command_load_start__ = ALIGN (__nrf_balloc_end__, 0x4)

.cli_command    0x000000000002826c        0x0
                0x000000000002826c                __cli_command_start__ = .
                0x000000000002826c                __start_cli_command = __cli_command_start__
 *(.cli_command*)
                0x000000000002826c                __cli_command_end__ = (__cli_command_start__ + SIZEOF (.cli_command))
                0x0000000000000000                __cli_command_size__ = SIZEOF (.cli_command)
                0x000000000002826c                __stop_cli_command = __cli_command_end__
                0x000000000002826c                __cli_command_load_end__ = __cli_command_end__
                0x0000000000000001                . = ASSERT (((__cli_command_start__ == __cli_command_end__) || ((__cli_command_end__ >= __FLASH_segment_start__) && (__cli_command_end__ <= __FLASH_segment_end__))), error: .cli_command is too large to fit in FLASH memory segment)
                0x000000000002826c                __crypto_data_load_start__ = ALIGN (__cli_command_end__, 0x4)

.crypto_data    0x000000000002826c        0x0
                0x000000000002826c                __crypto_data_start__ = .
                0x000000000002826c                __start_crypto_data = __crypto_data_start__
 *(SORT_BY_NAME(.crypto_data*))
                0x000000000002826c                __crypto_data_end__ = (__crypto_data_start__ + SIZEOF (.crypto_data))
                0x0000000000000000                __crypto_data_size__ = SIZEOF (.crypto_data)
                0x000000000002826c                __stop_crypto_data = __crypto_data_end__
                0x000000000002826c                __crypto_data_load_end__ = __crypto_data_end__
                0x0000000000000001                . = ASSERT (((__crypto_data_start__ == __crypto_data_end__) || ((__crypto_data_end__ >= __FLASH_segment_start__) && (__crypto_data_end__ <= __FLASH_segment_end__))), error: .crypto_data is too large to fit in FLASH memory segment)
                0x000000000002826c                __log_const_data_load_start__ = ALIGN (__crypto_data_end__, 0x4)

.log_const_data
                0x000000000002826c       0x20
                0x000000000002826c                __log_const_data_start__ = .
                0x000000000002826c                __start_log_const_data = __log_const_data_start__
 *(SORT_BY_NAME(.log_const_data*))
 .log_const_data_PRS
                0x000000000002826c        0x8 Output/Basic tutorial---hello world Release/Obj/nrfx_prs.o
                0x000000000002826c                m_nrf_log_PRS_logs_data_const
 .log_const_data_UART
                0x0000000000028274        0x8 Output/Basic tutorial---hello world Release/Obj/nrfx_uart.o
                0x0000000000028274                m_nrf_log_UART_logs_data_const
 .log_const_data_UARTE
                0x000000000002827c        0x8 Output/Basic tutorial---hello world Release/Obj/nrfx_uarte.o
                0x000000000002827c                m_nrf_log_UARTE_logs_data_const
 .log_const_data_app
                0x0000000000028284        0x8 Output/Basic tutorial---hello world Release/Obj/nrf_log_frontend.o
                0x0000000000028284                m_nrf_log_app_logs_data_const
                0x000000000002828c                __log_const_data_end__ = (__log_const_data_start__ + SIZEOF (.log_const_data))
                0x0000000000000020                __log_const_data_size__ = SIZEOF (.log_const_data)
                0x000000000002828c                __stop_log_const_data = __log_const_data_end__
                0x000000000002828c                __log_const_data_load_end__ = __log_const_data_end__
                0x0000000000000001                . = ASSERT (((__log_const_data_start__ == __log_const_data_end__) || ((__log_const_data_end__ >= __FLASH_segment_start__) && (__log_const_data_end__ <= __FLASH_segment_end__))), error: .log_const_data is too large to fit in FLASH memory segment)
                0x000000000002828c                __log_backends_load_start__ = ALIGN (__log_const_data_end__, 0x4)

.log_backends   0x000000000002828c       0x10
                0x000000000002828c                __log_backends_start__ = .
                0x000000000002828c                __start_log_backends = __log_backends_start__
 *(SORT_BY_NAME(.log_backends*))
 .log_backends  0x000000000002828c       0x10 Output/Basic tutorial---hello world Release/Obj/nrf_log_default_backends.o
                0x000000000002829c                __log_backends_end__ = (__log_backends_start__ + SIZEOF (.log_backends))
                0x0000000000000010                __log_backends_size__ = SIZEOF (.log_backends)
                0x000000000002829c                __stop_log_backends = __log_backends_end__
                0x000000000002829c                __log_backends_load_end__ = __log_backends_end__
                0x0000000000000001                . = ASSERT (((__log_backends_start__ == __log_backends_end__) || ((__log_backends_end__ >= __FLASH_segment_start__) && (__log_backends_end__ <= __FLASH_segment_end__))), error: .log_backends is too large to fit in FLASH memory segment)
                0x000000000002829c                __nrf_sections_load_start__ = ALIGN (__log_backends_end__, 0x4)

.nrf_sections   0x000000000002829c        0x0
                0x000000000002829c                __nrf_sections_start__ = .
                0x000000000002829c                __start_nrf_sections = __nrf_sections_start__
 *(.nrf_sections .nrf_sections.*)
                0x000000000002829c                __nrf_sections_end__ = (__nrf_sections_start__ + SIZEOF (.nrf_sections))
                0x0000000000000000                __nrf_sections_size__ = SIZEOF (.nrf_sections)
                0x000000000002829c                __nrf_sections_load_end__ = __nrf_sections_end__
                0x0000000000000001                . = ASSERT (((__nrf_sections_start__ == __nrf_sections_end__) || ((__nrf_sections_end__ >= __FLASH_segment_start__) && (__nrf_sections_end__ <= __FLASH_segment_end__))), error: .nrf_sections is too large to fit in FLASH memory segment)
                0x000000000002829c                __cli_sorted_cmd_ptrs_load_start__ = ALIGN (__nrf_sections_end__, 0x4)

.cli_sorted_cmd_ptrs
                0x0000000020002210        0x0 load address 0x000000000002829c
                0x0000000020002210                __cli_sorted_cmd_ptrs_start__ = .
 *(.cli_sorted_cmd_ptrs*)
                0x0000000020002210                __cli_sorted_cmd_ptrs_end__ = (__cli_sorted_cmd_ptrs_start__ + SIZEOF (.cli_sorted_cmd_ptrs))
                0x0000000000000000                __cli_sorted_cmd_ptrs_size__ = SIZEOF (.cli_sorted_cmd_ptrs)
                0x000000000002829c                __cli_sorted_cmd_ptrs_load_end__ = (__cli_sorted_cmd_ptrs_load_start__ + SIZEOF (.cli_sorted_cmd_ptrs))
                0x0000000000000001                . = ASSERT (((__cli_sorted_cmd_ptrs_load_start__ == __cli_sorted_cmd_ptrs_load_end__) || ((__cli_sorted_cmd_ptrs_load_end__ >= __FLASH_segment_start__) && (__cli_sorted_cmd_ptrs_load_end__ <= __FLASH_segment_end__))), error: .cli_sorted_cmd_ptrs is too large to fit in FLASH memory segment)

.cli_sorted_cmd_ptrs_run
                0x0000000020002210        0x0
                0x0000000020002210                __cli_sorted_cmd_ptrs_run_start__ = .
                0x0000000020002210                __start_cli_sorted_cmd_ptrs = __cli_sorted_cmd_ptrs_run_start__
                0x0000000020002210                . = MAX ((__cli_sorted_cmd_ptrs_run_start__ + SIZEOF (.cli_sorted_cmd_ptrs)), .)
                0x0000000020002210                __cli_sorted_cmd_ptrs_run_end__ = (__cli_sorted_cmd_ptrs_run_start__ + SIZEOF (.cli_sorted_cmd_ptrs_run))
                0x0000000000000000                __cli_sorted_cmd_ptrs_run_size__ = SIZEOF (.cli_sorted_cmd_ptrs_run)
                0x0000000020002210                __stop_cli_sorted_cmd_ptrs = __cli_sorted_cmd_ptrs_run_end__
                0x0000000020002210                __cli_sorted_cmd_ptrs_run_load_end__ = __cli_sorted_cmd_ptrs_run_end__
                0x0000000000000001                . = ASSERT (((__cli_sorted_cmd_ptrs_run_start__ == __cli_sorted_cmd_ptrs_run_end__) || ((__cli_sorted_cmd_ptrs_run_end__ >= __RAM_segment_start__) && (__cli_sorted_cmd_ptrs_run_end__ <= __RAM_segment_end__))), error: .cli_sorted_cmd_ptrs_run is too large to fit in RAM memory segment)
                0x000000000002829c                __fs_data_load_start__ = ALIGN ((__cli_sorted_cmd_ptrs_load_start__ + SIZEOF (.cli_sorted_cmd_ptrs)), 0x4)

.fs_data        0x0000000020002210        0x0 load address 0x000000000002829c
                0x0000000020002210                __fs_data_start__ = .
 *(.fs_data*)
                0x0000000020002210                __fs_data_end__ = (__fs_data_start__ + SIZEOF (.fs_data))
                0x0000000000000000                __fs_data_size__ = SIZEOF (.fs_data)
                0x000000000002829c                __fs_data_load_end__ = (__fs_data_load_start__ + SIZEOF (.fs_data))
                0x0000000000000001                . = ASSERT (((__fs_data_load_start__ == __fs_data_load_end__) || ((__fs_data_load_end__ >= __FLASH_segment_start__) && (__fs_data_load_end__ <= __FLASH_segment_end__))), error: .fs_data is too large to fit in FLASH memory segment)

.fs_data_run    0x0000000020002210        0x0
                0x0000000020002210                __fs_data_run_start__ = .
                0x0000000020002210                __start_fs_data = __fs_data_run_start__
                0x0000000020002210                . = MAX ((__fs_data_run_start__ + SIZEOF (.fs_data)), .)
                0x0000000020002210                __fs_data_run_end__ = (__fs_data_run_start__ + SIZEOF (.fs_data_run))
                0x0000000000000000                __fs_data_run_size__ = SIZEOF (.fs_data_run)
                0x0000000020002210                __stop_fs_data = __fs_data_run_end__
                0x0000000020002210                __fs_data_run_load_end__ = __fs_data_run_end__
                0x0000000000000001                . = ASSERT (((__fs_data_run_start__ == __fs_data_run_end__) || ((__fs_data_run_end__ >= __RAM_segment_start__) && (__fs_data_run_end__ <= __RAM_segment_end__))), error: .fs_data_run is too large to fit in RAM memory segment)
                0x000000000002829c                __log_dynamic_data_load_start__ = ALIGN ((__fs_data_load_start__ + SIZEOF (.fs_data)), 0x4)

.log_dynamic_data
                0x0000000020002210        0x0 load address 0x000000000002829c
                0x0000000020002210                __log_dynamic_data_start__ = .
 *(SORT_BY_NAME(.log_dynamic_data*))
                0x0000000020002210                __log_dynamic_data_end__ = (__log_dynamic_data_start__ + SIZEOF (.log_dynamic_data))
                0x0000000000000000                __log_dynamic_data_size__ = SIZEOF (.log_dynamic_data)
                0x000000000002829c                __log_dynamic_data_load_end__ = (__log_dynamic_data_load_start__ + SIZEOF (.log_dynamic_data))
                0x0000000000000001                . = ASSERT (((__log_dynamic_data_load_start__ == __log_dynamic_data_load_end__) || ((__log_dynamic_data_load_end__ >= __FLASH_segment_start__) && (__log_dynamic_data_load_end__ <= __FLASH_segment_end__))), error: .log_dynamic_data is too large to fit in FLASH memory segment)

.log_dynamic_data_run
                0x0000000020002210        0x0
                0x0000000020002210                __log_dynamic_data_run_start__ = .
                0x0000000020002210                __start_log_dynamic_data = __log_dynamic_data_run_start__
                0x0000000020002210                . = MAX ((__log_dynamic_data_run_start__ + SIZEOF (.log_dynamic_data)), .)
                0x0000000020002210                __log_dynamic_data_run_end__ = (__log_dynamic_data_run_start__ + SIZEOF (.log_dynamic_data_run))
                0x0000000000000000                __log_dynamic_data_run_size__ = SIZEOF (.log_dynamic_data_run)
                0x0000000020002210                __stop_log_dynamic_data = __log_dynamic_data_run_end__
                0x0000000020002210                __log_dynamic_data_run_load_end__ = __log_dynamic_data_run_end__
                0x0000000000000001                . = ASSERT (((__log_dynamic_data_run_start__ == __log_dynamic_data_run_end__) || ((__log_dynamic_data_run_end__ >= __RAM_segment_start__) && (__log_dynamic_data_run_end__ <= __RAM_segment_end__))), error: .log_dynamic_data_run is too large to fit in RAM memory segment)
                0x000000000002829c                __log_filter_data_load_start__ = ALIGN ((__log_dynamic_data_load_start__ + SIZEOF (.log_dynamic_data)), 0x4)

.log_filter_data
                0x0000000020002210        0x0 load address 0x000000000002829c
                0x0000000020002210                __log_filter_data_start__ = .
 *(SORT_BY_NAME(.log_filter_data*))
                0x0000000020002210                __log_filter_data_end__ = (__log_filter_data_start__ + SIZEOF (.log_filter_data))
                0x0000000000000000                __log_filter_data_size__ = SIZEOF (.log_filter_data)
                0x000000000002829c                __log_filter_data_load_end__ = (__log_filter_data_load_start__ + SIZEOF (.log_filter_data))
                0x0000000000000001                . = ASSERT (((__log_filter_data_load_start__ == __log_filter_data_load_end__) || ((__log_filter_data_load_end__ >= __FLASH_segment_start__) && (__log_filter_data_load_end__ <= __FLASH_segment_end__))), error: .log_filter_data is too large to fit in FLASH memory segment)

.log_filter_data_run
                0x0000000020002210        0x0
                0x0000000020002210                __log_filter_data_run_start__ = .
                0x0000000020002210                __start_log_filter_data = __log_filter_data_run_start__
                0x0000000020002210                . = MAX ((__log_filter_data_run_start__ + SIZEOF (.log_filter_data)), .)
                0x0000000020002210                __log_filter_data_run_end__ = (__log_filter_data_run_start__ + SIZEOF (.log_filter_data_run))
                0x0000000000000000                __log_filter_data_run_size__ = SIZEOF (.log_filter_data_run)
                0x0000000020002210                __stop_log_filter_data = __log_filter_data_run_end__
                0x0000000020002210                __log_filter_data_run_load_end__ = __log_filter_data_run_end__
                0x0000000000000001                . = ASSERT (((__log_filter_data_run_start__ == __log_filter_data_run_end__) || ((__log_filter_data_run_end__ >= __RAM_segment_start__) && (__log_filter_data_run_end__ <= __RAM_segment_end__))), error: .log_filter_data_run is too large to fit in RAM memory segment)
                0x0000000020002210                __nrf_sections_run_end_load_start__ = ALIGN (__log_filter_data_run_end__, 0x4)

.nrf_sections_run_end
                0x0000000020002210        0x0
                0x0000000020002210                __nrf_sections_run_end_start__ = .
                0x0000000020002210                __end_nrf_sections_run = __nrf_sections_run_end_start__
 *(.nrf_sections_run_end .nrf_sections_run_end.*)
                0x0000000020002210                __nrf_sections_run_end_end__ = (__nrf_sections_run_end_start__ + SIZEOF (.nrf_sections_run_end))
                0x0000000000000000                __nrf_sections_run_end_size__ = SIZEOF (.nrf_sections_run_end)
                0x0000000020002210                __nrf_sections_run_end_load_end__ = __nrf_sections_run_end_end__
                0x0000000000000001                . = ASSERT (((__nrf_sections_run_end_start__ == __nrf_sections_run_end_end__) || ((__nrf_sections_run_end_end__ >= __RAM_segment_start__) && (__nrf_sections_run_end_end__ <= __RAM_segment_end__))), error: .nrf_sections_run_end is too large to fit in RAM memory segment)
                0x000000000002829c                __dtors_load_start__ = ALIGN ((__log_filter_data_load_start__ + SIZEOF (.log_filter_data)), 0x4)

.dtors          0x000000000002829c        0x0
                0x000000000002829c                __dtors_start__ = .
 *(SORT_BY_NAME(.dtors.*))
 *(.dtors)
 *(.fini_array)
 *(SORT_BY_NAME(.fini_array.*))
                0x000000000002829c                __dtors_end__ = (__dtors_start__ + SIZEOF (.dtors))
                0x0000000000000000                __dtors_size__ = SIZEOF (.dtors)
                0x000000000002829c                __dtors_load_end__ = __dtors_end__
                0x0000000000000001                . = ASSERT (((__dtors_start__ == __dtors_end__) || ((__dtors_end__ >= __FLASH_segment_start__) && (__dtors_end__ <= __FLASH_segment_end__))), error: .dtors is too large to fit in FLASH memory segment)
                0x000000000002829c                __ctors_load_start__ = ALIGN (__dtors_end__, 0x4)

.ctors          0x000000000002829c        0x0
                0x000000000002829c                __ctors_start__ = .
 *(SORT_BY_NAME(.ctors.*))
 *(.ctors)
 *(.init_array)
 *(SORT_BY_NAME(.init_array.*))
                0x000000000002829c                __ctors_end__ = (__ctors_start__ + SIZEOF (.ctors))
                0x0000000000000000                __ctors_size__ = SIZEOF (.ctors)
                0x000000000002829c                __ctors_load_end__ = __ctors_end__
                0x0000000000000001                . = ASSERT (((__ctors_start__ == __ctors_end__) || ((__ctors_end__ >= __FLASH_segment_start__) && (__ctors_end__ <= __FLASH_segment_end__))), error: .ctors is too large to fit in FLASH memory segment)
                0x000000000002829c                __rodata_load_start__ = ALIGN (__ctors_end__, 0x4)

.rodata         0x000000000002829c      0x4ec
                0x000000000002829c                __rodata_start__ = .
 *(.rodata .rodata.* .gnu.linkonce.r.*)
 .rodata.main.str1.1
                0x000000000002829c      0x148 Output/Basic tutorial---hello world Release/Obj/main.o
 .rodata        0x00000000000283e4       0x20 Output/Basic tutorial---hello world Release/Obj/nrf_log_backend_uart.o
 .rodata.nrf_log_backend_uart_api
                0x0000000000028404        0xc Output/Basic tutorial---hello world Release/Obj/nrf_log_backend_uart.o
                0x0000000000028404                nrf_log_backend_uart_api
 .rodata.str1.1
                0x0000000000028410       0x11 Output/Basic tutorial---hello world Release/Obj/nrf_log_default_backends.o
 *fill*         0x0000000000028421        0x3 
 .rodata.m_log_push_ringbuf
                0x0000000000028424        0xc Output/Basic tutorial---hello world Release/Obj/nrf_log_frontend.o
 .rodata.nrf_log_frontend_dequeue.str1.1
                0x0000000000028430       0x11 Output/Basic tutorial---hello world Release/Obj/nrf_log_frontend.o
 .rodata.str1.1
                0x0000000000028441        0x4 Output/Basic tutorial---hello world Release/Obj/nrf_log_frontend.o
 *fill*         0x0000000000028445        0x3 
 .rodata.m_colors
                0x0000000000028448       0x24 Output/Basic tutorial---hello world Release/Obj/nrf_log_str_formatter.o
 .rodata.nrf_log_hexdump_entry_process.str1.1
                0x000000000002846c        0xf Output/Basic tutorial---hello world Release/Obj/nrf_log_str_formatter.o
                                         0x11 (size before relaxing)
 .rodata.postfix_process.str1.1
                0x000000000002847b        0x8 Output/Basic tutorial---hello world Release/Obj/nrf_log_str_formatter.o
                                          0xb (size before relaxing)
 .rodata.prefix_process.str1.1
                0x0000000000028483       0x2a Output/Basic tutorial---hello world Release/Obj/nrf_log_str_formatter.o
 *fill*         0x00000000000284ad        0x3 
 .rodata.severity_names
                0x00000000000284b0       0x14 Output/Basic tutorial---hello world Release/Obj/nrf_log_str_formatter.o
 .rodata.str1.1
                0x00000000000284c4       0x4b Output/Basic tutorial---hello world Release/Obj/nrf_log_str_formatter.o
                                         0x51 (size before relaxing)
 .rodata._aV2C.7683
                0x000000000002850f       0x10 Output/Basic tutorial---hello world Release/Obj/nrf_fprintf_format.o
 .rodata.app_error_fault_handler.str1.1
                0x000000000002851f       0x19 Output/Basic tutorial---hello world Release/Obj/app_error_weak.o
 .rodata.str1.1
                0x0000000000028538        0x6 Output/Basic tutorial---hello world Release/Obj/nrfx_uarte.o
 .rodata.str1.1
                0x000000000002853e        0x5 Output/Basic tutorial---hello world Release/Obj/nrfx_uart.o
 .rodata.str1.1
                0x0000000000028543        0x4 Output/Basic tutorial---hello world Release/Obj/nrfx_prs.o
 *fill*         0x0000000000028547        0x1 
 .rodata.libc.__RAL_ascii_ctype_map
                0x0000000000028548       0x80 F:/SEGGER Embedded Studio for ARM 3.40/lib/libc_v7em_fpv4_sp_d16_hard_t_le_eabi.a(libc2.o)
                0x0000000000028548                __RAL_ascii_ctype_map
 .rodata.libc.__RAL_ascii_ctype_mask
                0x00000000000285c8        0xd F:/SEGGER Embedded Studio for ARM 3.40/lib/libc_v7em_fpv4_sp_d16_hard_t_le_eabi.a(libc2.o)
 *fill*         0x00000000000285d5        0x3 
 .rodata.libc.__RAL_c_locale
                0x00000000000285d8        0xc F:/SEGGER Embedded Studio for ARM 3.40/lib/libc_v7em_fpv4_sp_d16_hard_t_le_eabi.a(libc2.o)
                0x00000000000285d8                __RAL_c_locale
 .rodata.libc.__RAL_c_locale_abbrev_day_names
                0x00000000000285e4       0x1d F:/SEGGER Embedded Studio for ARM 3.40/lib/libc_v7em_fpv4_sp_d16_hard_t_le_eabi.a(libc2.o)
                0x00000000000285e4                __RAL_c_locale_abbrev_day_names
 *fill*         0x0000000000028601        0x3 
 .rodata.libc.__RAL_c_locale_abbrev_month_names
                0x0000000000028604       0x31 F:/SEGGER Embedded Studio for ARM 3.40/lib/libc_v7em_fpv4_sp_d16_hard_t_le_eabi.a(libc2.o)
                0x0000000000028604                __RAL_c_locale_abbrev_month_names
 *fill*         0x0000000000028635        0x3 
 .rodata.libc.__RAL_c_locale_am_pm_indicator
                0x0000000000028638        0x7 F:/SEGGER Embedded Studio for ARM 3.40/lib/libc_v7em_fpv4_sp_d16_hard_t_le_eabi.a(libc2.o)
                0x0000000000028638                __RAL_c_locale_am_pm_indicator
 *fill*         0x000000000002863f        0x1 
 .rodata.libc.__RAL_c_locale_data
                0x0000000000028640       0x58 F:/SEGGER Embedded Studio for ARM 3.40/lib/libc_v7em_fpv4_sp_d16_hard_t_le_eabi.a(libc2.o)
                0x0000000000028640                __RAL_c_locale_data
 .rodata.libc.__RAL_c_locale_date_format
                0x0000000000028698        0x9 F:/SEGGER Embedded Studio for ARM 3.40/lib/libc_v7em_fpv4_sp_d16_hard_t_le_eabi.a(libc2.o)
                0x0000000000028698                __RAL_c_locale_date_format
 *fill*         0x00000000000286a1        0x3 
 .rodata.libc.__RAL_c_locale_date_time_format
                0x00000000000286a4        0xf F:/SEGGER Embedded Studio for ARM 3.40/lib/libc_v7em_fpv4_sp_d16_hard_t_le_eabi.a(libc2.o)
                0x00000000000286a4                __RAL_c_locale_date_time_format
 *fill*         0x00000000000286b3        0x1 
 .rodata.libc.__RAL_c_locale_day_names
                0x00000000000286b4       0x3a F:/SEGGER Embedded Studio for ARM 3.40/lib/libc_v7em_fpv4_sp_d16_hard_t_le_eabi.a(libc2.o)
                0x00000000000286b4                __RAL_c_locale_day_names
 *fill*         0x00000000000286ee        0x2 
 .rodata.libc.__RAL_c_locale_month_names
                0x00000000000286f0       0x57 F:/SEGGER Embedded Studio for ARM 3.40/lib/libc_v7em_fpv4_sp_d16_hard_t_le_eabi.a(libc2.o)
                0x00000000000286f0                __RAL_c_locale_month_names
 *fill*         0x0000000000028747        0x1 
 .rodata.libc.__RAL_c_locale_time_format
                0x0000000000028748        0x9 F:/SEGGER Embedded Studio for ARM 3.40/lib/libc_v7em_fpv4_sp_d16_hard_t_le_eabi.a(libc2.o)
                0x0000000000028748                __RAL_c_locale_time_format
 *fill*         0x0000000000028751        0x3 
 .rodata.libc.__RAL_codeset_ascii
                0x0000000000028754       0x20 F:/SEGGER Embedded Studio for ARM 3.40/lib/libc_v7em_fpv4_sp_d16_hard_t_le_eabi.a(libc2.o)
                0x0000000000028754                __RAL_codeset_ascii
 .rodata.libc.__RAL_data_empty_string
                0x0000000000028774        0x1 F:/SEGGER Embedded Studio for ARM 3.40/lib/libc_v7em_fpv4_sp_d16_hard_t_le_eabi.a(libc2.o)
                0x0000000000028774                __RAL_data_empty_string
 *fill*         0x0000000000028775        0x3 
 .rodata.libc.__RAL_data_utf8_period
                0x0000000000028778        0x2 F:/SEGGER Embedded Studio for ARM 3.40/lib/libc_v7em_fpv4_sp_d16_hard_t_le_eabi.a(libc2.o)
                0x0000000000028778                __RAL_data_utf8_period
 *fill*         0x000000000002877a        0x2 
 .rodata.libc.__RAL_find_locale.str1.4
                0x000000000002877c        0xc F:/SEGGER Embedded Studio for ARM 3.40/lib/libc_v7em_fpv4_sp_d16_hard_t_le_eabi.a(libc2.o)
                                          0xa (size before relaxing)
                0x0000000000028788                __rodata_end__ = (__rodata_start__ + SIZEOF (.rodata))
                0x00000000000004ec                __rodata_size__ = SIZEOF (.rodata)
                0x0000000000028788                __rodata_load_end__ = __rodata_end__

.rel.dyn        0x0000000000028788        0x0
 .rel.iplt      0x0000000000028788        0x0 Output/Basic tutorial---hello world Release/Obj/ses_startup_nrf_common.o
                0x0000000000000001                . = ASSERT (((__rodata_start__ == __rodata_end__) || ((__rodata_end__ >= __FLASH_segment_start__) && (__rodata_end__ <= __FLASH_segment_end__))), error: .rodata is too large to fit in FLASH memory segment)
                0x0000000000028788                __ARM.exidx_load_start__ = ALIGN (__rodata_end__, 0x4)

.ARM.exidx      0x0000000000028788        0x0
                0x0000000000028788                __ARM.exidx_start__ = .
                0x0000000000028788                __exidx_start = __ARM.exidx_start__
 *(.ARM.exidx .ARM.exidx.*)
                0x0000000000028788                __ARM.exidx_end__ = (__ARM.exidx_start__ + SIZEOF (.ARM.exidx))
                0x0000000000000000                __ARM.exidx_size__ = SIZEOF (.ARM.exidx)
                0x0000000000028788                __exidx_end = __ARM.exidx_end__
                0x0000000000028788                __ARM.exidx_load_end__ = __ARM.exidx_end__
                0x0000000000000001                . = ASSERT (((__ARM.exidx_start__ == __ARM.exidx_end__) || ((__ARM.exidx_end__ >= __FLASH_segment_start__) && (__ARM.exidx_end__ <= __FLASH_segment_end__))), error: .ARM.exidx is too large to fit in FLASH memory segment)
                0x0000000000028788                __fast_load_start__ = ALIGN (__ARM.exidx_end__, 0x4)

.fast           0x0000000020002210        0x0 load address 0x0000000000028788
                0x0000000020002210                __fast_start__ = .
 *(.fast .fast.*)
                0x0000000020002210                __fast_end__ = (__fast_start__ + SIZEOF (.fast))
                0x0000000000000000                __fast_size__ = SIZEOF (.fast)
                0x0000000000028788                __fast_load_end__ = (__fast_load_start__ + SIZEOF (.fast))
                0x0000000000000001                . = ASSERT (((__fast_load_start__ == __fast_load_end__) || ((__fast_load_end__ >= __FLASH_segment_start__) && (__fast_load_end__ <= __FLASH_segment_end__))), error: .fast is too large to fit in FLASH memory segment)

.fast_run       0x0000000020002210        0x0
                0x0000000020002210                __fast_run_start__ = .
                0x0000000020002210                . = MAX ((__fast_run_start__ + SIZEOF (.fast)), .)
                0x0000000020002210                __fast_run_end__ = (__fast_run_start__ + SIZEOF (.fast_run))
                0x0000000000000000                __fast_run_size__ = SIZEOF (.fast_run)
                0x0000000020002210                __fast_run_load_end__ = __fast_run_end__
                0x0000000000000001                . = ASSERT (((__fast_run_start__ == __fast_run_end__) || ((__fast_run_end__ >= __RAM_segment_start__) && (__fast_run_end__ <= __RAM_segment_end__))), error: .fast_run is too large to fit in RAM memory segment)
                0x0000000000028788                __data_load_start__ = ALIGN ((__fast_load_start__ + SIZEOF (.fast)), 0x4)

.data           0x0000000020002210       0x34 load address 0x0000000000028788
                0x0000000020002210                __data_start__ = .
 *(.data .data.* .gnu.linkonce.d.*)
 .data.SystemCoreClock
                0x0000000020002210        0x4 Output/Basic tutorial---hello world Release/Obj/system_nrf52840.o
                0x0000000020002210                SystemCoreClock
 .data.m_uart   0x0000000020002214       0x14 Output/Basic tutorial---hello world Release/Obj/nrf_log_backend_uart.o
                0x0000000020002214                m_uart
 .data.log_backend_cb_uart_log_backend
                0x0000000020002228        0x8 Output/Basic tutorial---hello world Release/Obj/nrf_log_default_backends.o
 .data.libc.__RAL_global_locale
                0x0000000020002230       0x14 F:/SEGGER Embedded Studio for ARM 3.40/lib/libc_v7em_fpv4_sp_d16_hard_t_le_eabi.a(libc2.o)
                0x0000000020002230                __RAL_global_locale
                0x0000000020002244                __data_end__ = (__data_start__ + SIZEOF (.data))
                0x0000000000000034                __data_size__ = SIZEOF (.data)
                0x00000000000287bc                __data_load_end__ = (__data_load_start__ + SIZEOF (.data))

.igot.plt       0x0000000100000000        0x0
 .igot.plt      0x0000000100000000        0x0 Output/Basic tutorial---hello world Release/Obj/ses_startup_nrf_common.o
                0x0000000000000001                . = ASSERT (((__data_load_start__ == __data_load_end__) || ((__data_load_end__ >= __FLASH_segment_start__) && (__data_load_end__ <= __FLASH_segment_end__))), error: .data is too large to fit in FLASH memory segment)

.data_run       0x0000000020002210       0x34 load address 0x0000000000028788
                0x0000000020002210                __data_run_start__ = .
                0x0000000020002244                . = MAX ((__data_run_start__ + SIZEOF (.data)), .)
 *fill*         0x0000000020002210       0x34 
                0x0000000020002244                __data_run_end__ = (__data_run_start__ + SIZEOF (.data_run))
                0x0000000000000034                __data_run_size__ = SIZEOF (.data_run)
                0x0000000020002244                __data_run_load_end__ = __data_run_end__
                0x0000000000000001                . = ASSERT (((__data_run_start__ == __data_run_end__) || ((__data_run_end__ >= __RAM_segment_start__) && (__data_run_end__ <= __RAM_segment_end__))), error: .data_run is too large to fit in RAM memory segment)
                0x00000000000287bc                __tdata_load_start__ = ALIGN ((__data_load_start__ + SIZEOF (.data)), 0x4)

.tdata          0x0000000020002244        0x0 load address 0x00000000000287bc
                0x0000000020002244                __tdata_start__ = .
 *(.tdata .tdata.*)
                0x0000000020002244                __tdata_end__ = (__tdata_start__ + SIZEOF (.tdata))
                0x0000000000000000                __tdata_size__ = SIZEOF (.tdata)
                0x00000000000287bc                __tdata_load_end__ = (__tdata_load_start__ + SIZEOF (.tdata))
                0x00000000000287bc                __FLASH_segment_used_end__ = (ALIGN ((__data_load_start__ + SIZEOF (.data)), 0x4) + SIZEOF (.tdata))
                0x00000000000287bc                __FLASH_segment_used_size__ = (__FLASH_segment_used_end__ - __FLASH_segment_start__)
                0x0000000000000001                . = ASSERT (((__tdata_load_start__ == __tdata_load_end__) || ((__tdata_load_end__ >= __FLASH_segment_start__) && (__tdata_load_end__ <= __FLASH_segment_end__))), error: .tdata is too large to fit in FLASH memory segment)

.tdata_run      0x0000000020002244        0x0
                0x0000000020002244                __tdata_run_start__ = .
                0x0000000020002244                . = MAX ((__tdata_run_start__ + SIZEOF (.tdata)), .)
                0x0000000020002244                __tdata_run_end__ = (__tdata_run_start__ + SIZEOF (.tdata_run))
                0x0000000000000000                __tdata_run_size__ = SIZEOF (.tdata_run)
                0x0000000020002244                __tdata_run_load_end__ = __tdata_run_end__
                0x0000000000000001                . = ASSERT (((__tdata_run_start__ == __tdata_run_end__) || ((__tdata_run_end__ >= __RAM_segment_start__) && (__tdata_run_end__ <= __RAM_segment_end__))), error: .tdata_run is too large to fit in RAM memory segment)
                0x0000000020002244                __bss_load_start__ = ALIGN (__tdata_run_end__, 0x4)

.bss            0x0000000020002244      0x648
                0x0000000020002244                __bss_start__ = .
 *(.bss .bss.* .gnu.linkonce.b.*)
 .bss.m_async_mode
                0x0000000020002244        0x1 Output/Basic tutorial---hello world Release/Obj/nrf_log_backend_uart.o
 .bss.m_string_buff
                0x0000000020002245       0x40 Output/Basic tutorial---hello world Release/Obj/nrf_log_backend_uart.o
 .bss.m_xfer_done
                0x0000000020002285        0x1 Output/Basic tutorial---hello world Release/Obj/nrf_log_backend_uart.o
 *fill*         0x0000000020002286        0x2 
 .bss.log_mempool_nrf_balloc_cb
                0x0000000020002288        0x8 Output/Basic tutorial---hello world Release/Obj/nrf_log_frontend.o
 .bss.log_mempool_nrf_balloc_pool_mem
                0x0000000020002290       0xc0 Output/Basic tutorial---hello world Release/Obj/nrf_log_frontend.o
 .bss.log_mempool_nrf_balloc_pool_stack
                0x0000000020002350        0x8 Output/Basic tutorial---hello world Release/Obj/nrf_log_frontend.o
 .bss.m_log_data
                0x0000000020002358      0x424 Output/Basic tutorial---hello world Release/Obj/nrf_log_frontend.o
 .bss.m_log_push_ringbuf_buf
                0x000000002000277c       0x80 Output/Basic tutorial---hello world Release/Obj/nrf_log_frontend.o
 .bss.m_log_push_ringbuf_cb
                0x00000000200027fc       0x18 Output/Basic tutorial---hello world Release/Obj/nrf_log_frontend.o
 .bss.nrf_nvic_state
                0x0000000020002814        0xc Output/Basic tutorial---hello world Release/Obj/app_util_platform.o
                0x0000000020002814                nrf_nvic_state
 .bss.m_contexts
                0x0000000020002820        0x8 Output/Basic tutorial---hello world Release/Obj/nrf_drv_uart.o
 .bss.m_handlers
                0x0000000020002828        0x8 Output/Basic tutorial---hello world Release/Obj/nrf_drv_uart.o
 .bss.nrf_drv_uart_use_easy_dma
                0x0000000020002830        0x2 Output/Basic tutorial---hello world Release/Obj/nrf_drv_uart.o
                0x0000000020002830                nrf_drv_uart_use_easy_dma
 *fill*         0x0000000020002832        0x2 
 .bss.m_cb      0x0000000020002834       0x24 Output/Basic tutorial---hello world Release/Obj/nrfx_uarte.o
 .bss.m_cb      0x0000000020002858       0x2c Output/Basic tutorial---hello world Release/Obj/nrfx_uart.o
 .bss.m_prs_box_4
                0x0000000020002884        0x8 Output/Basic tutorial---hello world Release/Obj/nrfx_prs.o
 *(COMMON)
                0x000000002000288c                __bss_end__ = (__bss_start__ + SIZEOF (.bss))
                0x0000000000000648                __bss_size__ = SIZEOF (.bss)
                0x000000002000288c                __bss_load_end__ = __bss_end__
                0x0000000000000001                . = ASSERT (((__bss_start__ == __bss_end__) || ((__bss_end__ >= __RAM_segment_start__) && (__bss_end__ <= __RAM_segment_end__))), error: .bss is too large to fit in RAM memory segment)
                0x000000002000288c                __tbss_load_start__ = ALIGN (__bss_end__, 0x4)

.tbss           0x000000002000288c        0x0
                0x000000002000288c                __tbss_start__ = .
 *(.tbss .tbss.*)
                0x000000002000288c                __tbss_end__ = (__tbss_start__ + SIZEOF (.tbss))
                0x0000000000000000                __tbss_size__ = SIZEOF (.tbss)
                0x000000002000288c                __tbss_load_end__ = __tbss_end__
                0x0000000000000001                . = ASSERT (((__tbss_start__ == __tbss_end__) || ((__tbss_end__ >= __RAM_segment_start__) && (__tbss_end__ <= __RAM_segment_end__))), error: .tbss is too large to fit in RAM memory segment)
                0x000000002000288c                __non_init_load_start__ = ALIGN (__tbss_end__, 0x4)

.non_init       0x000000002000288c        0x0
                0x000000002000288c                __non_init_start__ = .
 *(.non_init .non_init.*)
                0x000000002000288c                __non_init_end__ = (__non_init_start__ + SIZEOF (.non_init))
                0x0000000000000000                __non_init_size__ = SIZEOF (.non_init)
                0x000000002000288c                __non_init_load_end__ = __non_init_end__
                0x0000000000000001                . = ASSERT (((__non_init_start__ == __non_init_end__) || ((__non_init_end__ >= __RAM_segment_start__) && (__non_init_end__ <= __RAM_segment_end__))), error: .non_init is too large to fit in RAM memory segment)
                0x000000002000288c                __heap_load_start__ = ALIGN (__non_init_end__, 0x4)

.heap           0x000000002000288c     0x2000
                0x000000002000288c                __heap_start__ = .
 *(.heap .heap.*)
                0x000000002000488c                . = ALIGN (MAX ((__heap_start__ + __HEAPSIZE__), .), 0x4)
 *fill*         0x000000002000288c     0x2000 
                0x000000002000488c                __heap_end__ = (__heap_start__ + SIZEOF (.heap))
                0x0000000000002000                __heap_size__ = SIZEOF (.heap)
                0x000000002000488c                __heap_load_end__ = __heap_end__
                0x0000000000000001                . = ASSERT (((__heap_start__ == __heap_end__) || ((__heap_end__ >= __RAM_segment_start__) && (__heap_end__ <= __RAM_segment_end__))), error: .heap is too large to fit in RAM memory segment)
                0x000000002003e000                __stack_load_start__ = (__RAM_segment_end__ - 0x2000)

.stack          0x000000002003e000     0x2000
                0x000000002003e000                __stack_start__ = .
                0x000000002003e000                __StackLimit = __stack_start__
 *(.stack .stack.*)
                0x0000000020040000                . = ALIGN (MAX ((__stack_start__ + __STACKSIZE__), .), 0x8)
 *fill*         0x000000002003e000     0x2000 
                0x0000000020040000                __stack_end__ = (__stack_start__ + SIZEOF (.stack))
                0x0000000000002000                __stack_size__ = SIZEOF (.stack)
                0x0000000020040000                __StackTop = __stack_end__
                0x0000000020040000                __stack_load_end__ = __stack_end__
                0x0000000000000001                . = ASSERT (((__stack_start__ == __stack_end__) || ((__stack_end__ >= __RAM_segment_start__) && (__stack_end__ <= __RAM_segment_end__))), error: .stack is too large to fit in RAM memory segment)
                0x0000000000000001                . = ASSERT ((__heap_end__ <= __stack_start__), error: section .heap overlaps absolute placed section .stack)
                0x0000000020040000                __stack_process_load_start__ = ALIGN (__stack_end__, 0x8)

.stack_process  0x0000000020040000        0x0
                0x0000000020040000                __stack_process_start__ = .
 *(.stack_process .stack_process.*)
                0x0000000020040000                . = ALIGN (MAX ((__stack_process_start__ + __STACKSIZE_PROCESS__), .), 0x8)
                0x0000000020040000                __stack_process_end__ = (__stack_process_start__ + SIZEOF (.stack_process))
                0x0000000000000000                __stack_process_size__ = SIZEOF (.stack_process)
                0x0000000020040000                __stack_process_load_end__ = __stack_process_end__
                0x0000000020040000                __RAM_segment_used_end__ = (ALIGN (__stack_end__, 0x8) + SIZEOF (.stack_process))
                0x0000000000040000                __RAM_segment_used_size__ = (__RAM_segment_used_end__ - __RAM_segment_start__)
                0x0000000000000001                . = ASSERT (((__stack_process_start__ == __stack_process_end__) || ((__stack_process_end__ >= __RAM_segment_start__) && (__stack_process_end__ <= __RAM_segment_end__))), error: .stack_process is too large to fit in RAM memory segment)
START GROUP
LOAD Output/Basic tutorial---hello world Release/Obj/ses_startup_nrf_common.o
LOAD Output/Basic tutorial---hello world Release/Obj/ses_startup_nrf52840.o
LOAD Output/Basic tutorial---hello world Release/Obj/system_nrf52840.o
LOAD Output/Basic tutorial---hello world Release/Obj/main.o
LOAD Output/Basic tutorial---hello world Release/Obj/thumb_crt0.o
LOAD Output/Basic tutorial---hello world Release/Obj/user_log.o
LOAD Output/Basic tutorial---hello world Release/Obj/nrf_log_backend_rtt.o
LOAD Output/Basic tutorial---hello world Release/Obj/nrf_log_backend_serial.o
LOAD Output/Basic tutorial---hello world Release/Obj/nrf_log_backend_uart.o
LOAD Output/Basic tutorial---hello world Release/Obj/nrf_log_default_backends.o
LOAD Output/Basic tutorial---hello world Release/Obj/nrf_log_frontend.o
LOAD Output/Basic tutorial---hello world Release/Obj/nrf_log_str_formatter.o
LOAD Output/Basic tutorial---hello world Release/Obj/SEGGER_RTT.o
LOAD Output/Basic tutorial---hello world Release/Obj/SEGGER_RTT_printf.o
LOAD Output/Basic tutorial---hello world Release/Obj/SEGGER_RTT_Syscalls_SES.o
LOAD Output/Basic tutorial---hello world Release/Obj/app_error.o
LOAD Output/Basic tutorial---hello world Release/Obj/nrf_memobj.o
LOAD Output/Basic tutorial---hello world Release/Obj/nrf_fprintf.o
LOAD Output/Basic tutorial---hello world Release/Obj/nrf_fprintf_format.o
LOAD Output/Basic tutorial---hello world Release/Obj/app_error_weak.o
LOAD Output/Basic tutorial---hello world Release/Obj/app_util_platform.o
LOAD Output/Basic tutorial---hello world Release/Obj/nrf_atomic.o
LOAD Output/Basic tutorial---hello world Release/Obj/nrf_balloc.o
LOAD Output/Basic tutorial---hello world Release/Obj/nrf_ringbuf.o
LOAD Output/Basic tutorial---hello world Release/Obj/nrf_drv_uart.o
LOAD Output/Basic tutorial---hello world Release/Obj/nrfx_uarte.o
LOAD Output/Basic tutorial---hello world Release/Obj/nrfx_uart.o
LOAD Output/Basic tutorial---hello world Release/Obj/nrfx_prs.o
LOAD F:/SEGGER Embedded Studio for ARM 3.40/lib/libdebugio_mempoll_v7em_fpv4_sp_d16_hard_t_le_eabi.a
LOAD F:/SEGGER Embedded Studio for ARM 3.40/lib/libm_v7em_fpv4_sp_d16_hard_t_le_eabi.a
LOAD F:/SEGGER Embedded Studio for ARM 3.40/lib/libc_v7em_fpv4_sp_d16_hard_t_le_eabi.a
LOAD F:/SEGGER Embedded Studio for ARM 3.40/lib/libcpp_v7em_fpv4_sp_d16_hard_t_le_eabi.a
LOAD F:/SEGGER Embedded Studio for ARM 3.40/lib/libdebugio_v7em_fpv4_sp_d16_hard_t_le_eabi.a
LOAD F:/SEGGER Embedded Studio for ARM 3.40/lib/libvfprintf_v7em_fpv4_sp_d16_hard_t_le_eabi.o
LOAD F:/SEGGER Embedded Studio for ARM 3.40/lib/libvfscanf_v7em_fpv4_sp_d16_hard_t_le_eabi.o
END GROUP
OUTPUT(Output/Release/Exe/Basic tutorial---hello world.elf elf32-littlearm)

.ARM.attributes
                0x0000000000000000       0x35
 .ARM.attributes
                0x0000000000000000       0x25 Output/Basic tutorial---hello world Release/Obj/ses_startup_nrf_common.o
 .ARM.attributes
                0x0000000000000025       0x25 Output/Basic tutorial---hello world Release/Obj/ses_startup_nrf52840.o
 .ARM.attributes
                0x000000000000004a       0x39 Output/Basic tutorial---hello world Release/Obj/system_nrf52840.o
 .ARM.attributes
                0x0000000000000083       0x39 Output/Basic tutorial---hello world Release/Obj/main.o
 .ARM.attributes
                0x00000000000000bc       0x25 Output/Basic tutorial---hello world Release/Obj/thumb_crt0.o
 .ARM.attributes
                0x00000000000000e1       0x39 Output/Basic tutorial---hello world Release/Obj/user_log.o
 .ARM.attributes
                0x000000000000011a       0x39 Output/Basic tutorial---hello world Release/Obj/nrf_log_backend_serial.o
 .ARM.attributes
                0x0000000000000153       0x39 Output/Basic tutorial---hello world Release/Obj/nrf_log_backend_uart.o
 .ARM.attributes
                0x000000000000018c       0x39 Output/Basic tutorial---hello world Release/Obj/nrf_log_default_backends.o
 .ARM.attributes
                0x00000000000001c5       0x39 Output/Basic tutorial---hello world Release/Obj/nrf_log_frontend.o
 .ARM.attributes
                0x00000000000001fe       0x39 Output/Basic tutorial---hello world Release/Obj/nrf_log_str_formatter.o
 .ARM.attributes
                0x0000000000000237       0x39 Output/Basic tutorial---hello world Release/Obj/app_error.o
 .ARM.attributes
                0x0000000000000270       0x39 Output/Basic tutorial---hello world Release/Obj/nrf_memobj.o
 .ARM.attributes
                0x00000000000002a9       0x39 Output/Basic tutorial---hello world Release/Obj/nrf_fprintf.o
 .ARM.attributes
                0x00000000000002e2       0x39 Output/Basic tutorial---hello world Release/Obj/nrf_fprintf_format.o
 .ARM.attributes
                0x000000000000031b       0x39 Output/Basic tutorial---hello world Release/Obj/app_error_weak.o
 .ARM.attributes
                0x0000000000000354       0x39 Output/Basic tutorial---hello world Release/Obj/app_util_platform.o
 .ARM.attributes
                0x000000000000038d       0x39 Output/Basic tutorial---hello world Release/Obj/nrf_atomic.o
 .ARM.attributes
                0x00000000000003c6       0x39 Output/Basic tutorial---hello world Release/Obj/nrf_balloc.o
 .ARM.attributes
                0x00000000000003ff       0x39 Output/Basic tutorial---hello world Release/Obj/nrf_ringbuf.o
 .ARM.attributes
                0x0000000000000438       0x39 Output/Basic tutorial---hello world Release/Obj/nrf_drv_uart.o
 .ARM.attributes
                0x0000000000000471       0x39 Output/Basic tutorial---hello world Release/Obj/nrfx_uarte.o
 .ARM.attributes
                0x00000000000004aa       0x39 Output/Basic tutorial---hello world Release/Obj/nrfx_uart.o
 .ARM.attributes
                0x00000000000004e3       0x39 Output/Basic tutorial---hello world Release/Obj/nrfx_prs.o
 .ARM.attributes
                0x000000000000051c       0x34 F:/SEGGER Embedded Studio for ARM 3.40/lib/libc_v7em_fpv4_sp_d16_hard_t_le_eabi.a(libc2.o)
 .ARM.attributes
                0x0000000000000550       0x20 F:/SEGGER Embedded Studio for ARM 3.40/lib/libc_v7em_fpv4_sp_d16_hard_t_le_eabi.a(libc2_asm.o)

.comment        0x0000000000000000       0x4c
 .comment       0x0000000000000000       0x4c Output/Basic tutorial---hello world Release/Obj/system_nrf52840.o
                                         0x4d (size before relaxing)
 .comment       0x000000000000004c       0x4d Output/Basic tutorial---hello world Release/Obj/main.o
 .comment       0x000000000000004c       0x4d Output/Basic tutorial---hello world Release/Obj/user_log.o
 .comment       0x000000000000004c       0x4d Output/Basic tutorial---hello world Release/Obj/nrf_log_backend_serial.o
 .comment       0x000000000000004c       0x4d Output/Basic tutorial---hello world Release/Obj/nrf_log_backend_uart.o
 .comment       0x000000000000004c       0x4d Output/Basic tutorial---hello world Release/Obj/nrf_log_default_backends.o
 .comment       0x000000000000004c       0x4d Output/Basic tutorial---hello world Release/Obj/nrf_log_frontend.o
 .comment       0x000000000000004c       0x4d Output/Basic tutorial---hello world Release/Obj/nrf_log_str_formatter.o
 .comment       0x000000000000004c       0x4d Output/Basic tutorial---hello world Release/Obj/app_error.o
 .comment       0x000000000000004c       0x4d Output/Basic tutorial---hello world Release/Obj/nrf_memobj.o
 .comment       0x000000000000004c       0x4d Output/Basic tutorial---hello world Release/Obj/nrf_fprintf.o
 .comment       0x000000000000004c       0x4d Output/Basic tutorial---hello world Release/Obj/nrf_fprintf_format.o
 .comment       0x000000000000004c       0x4d Output/Basic tutorial---hello world Release/Obj/app_error_weak.o
 .comment       0x000000000000004c       0x4d Output/Basic tutorial---hello world Release/Obj/app_util_platform.o
 .comment       0x000000000000004c       0x4d Output/Basic tutorial---hello world Release/Obj/nrf_atomic.o
 .comment       0x000000000000004c       0x4d Output/Basic tutorial---hello world Release/Obj/nrf_balloc.o
 .comment       0x000000000000004c       0x4d Output/Basic tutorial---hello world Release/Obj/nrf_ringbuf.o
 .comment       0x000000000000004c       0x4d Output/Basic tutorial---hello world Release/Obj/nrf_drv_uart.o
 .comment       0x000000000000004c       0x4d Output/Basic tutorial---hello world Release/Obj/nrfx_uarte.o
 .comment       0x000000000000004c       0x4d Output/Basic tutorial---hello world Release/Obj/nrfx_uart.o
 .comment       0x000000000000004c       0x4d Output/Basic tutorial---hello world Release/Obj/nrfx_prs.o
 .comment       0x000000000000004c       0x4d F:/SEGGER Embedded Studio for ARM 3.40/lib/libc_v7em_fpv4_sp_d16_hard_t_le_eabi.a(libc2.o)

.debug_line     0x0000000000000000     0xa243
 .debug_line    0x0000000000000000       0xba Output/Basic tutorial---hello world Release/Obj/ses_startup_nrf_common.o
 .debug_line    0x00000000000000ba       0x99 Output/Basic tutorial---hello world Release/Obj/ses_startup_nrf52840.o
 .debug_line    0x0000000000000153      0x29c Output/Basic tutorial---hello world Release/Obj/system_nrf52840.o
 .debug_line    0x00000000000003ef      0x7ee Output/Basic tutorial---hello world Release/Obj/main.o
 .debug_line    0x0000000000000bdd      0x1d7 Output/Basic tutorial---hello world Release/Obj/thumb_crt0.o
 .debug_line    0x0000000000000db4      0x795 Output/Basic tutorial---hello world Release/Obj/user_log.o
 .debug_line    0x0000000000001549      0x781 Output/Basic tutorial---hello world Release/Obj/nrf_log_backend_serial.o
 .debug_line    0x0000000000001cca      0xae8 Output/Basic tutorial---hello world Release/Obj/nrf_log_backend_uart.o
 .debug_line    0x00000000000027b2      0x6ef Output/Basic tutorial---hello world Release/Obj/nrf_log_default_backends.o
 .debug_line    0x0000000000002ea1      0xbf3 Output/Basic tutorial---hello world Release/Obj/nrf_log_frontend.o
 .debug_line    0x0000000000003a94      0x7cb Output/Basic tutorial---hello world Release/Obj/nrf_log_str_formatter.o
 .debug_line    0x000000000000425f      0x357 Output/Basic tutorial---hello world Release/Obj/app_error.o
 .debug_line    0x00000000000045b6      0x75c Output/Basic tutorial---hello world Release/Obj/nrf_memobj.o
 .debug_line    0x0000000000004d12      0x455 Output/Basic tutorial---hello world Release/Obj/nrf_fprintf.o
 .debug_line    0x0000000000005167      0x599 Output/Basic tutorial---hello world Release/Obj/nrf_fprintf_format.o
 .debug_line    0x0000000000005700      0x7c5 Output/Basic tutorial---hello world Release/Obj/app_error_weak.o
 .debug_line    0x0000000000005ec5      0x46c Output/Basic tutorial---hello world Release/Obj/app_util_platform.o
 .debug_line    0x0000000000006331      0x59e Output/Basic tutorial---hello world Release/Obj/nrf_atomic.o
 .debug_line    0x00000000000068cf      0x6b1 Output/Basic tutorial---hello world Release/Obj/nrf_balloc.o
 .debug_line    0x0000000000006f80      0x5ee Output/Basic tutorial---hello world Release/Obj/nrf_ringbuf.o
 .debug_line    0x000000000000756e      0x779 Output/Basic tutorial---hello world Release/Obj/nrf_drv_uart.o
 .debug_line    0x0000000000007ce7      0xdb6 Output/Basic tutorial---hello world Release/Obj/nrfx_uarte.o
 .debug_line    0x0000000000008a9d      0xeb8 Output/Basic tutorial---hello world Release/Obj/nrfx_uart.o
 .debug_line    0x0000000000009955      0x8ee Output/Basic tutorial---hello world Release/Obj/nrfx_prs.o

.debug_info     0x0000000000000000    0x178ca
 .debug_info    0x0000000000000000       0x26 Output/Basic tutorial---hello world Release/Obj/ses_startup_nrf_common.o
 .debug_info    0x0000000000000026       0x26 Output/Basic tutorial---hello world Release/Obj/ses_startup_nrf52840.o
 .debug_info    0x000000000000004c     0x13a0 Output/Basic tutorial---hello world Release/Obj/system_nrf52840.o
 .debug_info    0x00000000000013ec      0x9cc Output/Basic tutorial---hello world Release/Obj/main.o
 .debug_info    0x0000000000001db8       0x22 Output/Basic tutorial---hello world Release/Obj/thumb_crt0.o
 .debug_info    0x0000000000001dda      0x9aa Output/Basic tutorial---hello world Release/Obj/user_log.o
 .debug_info    0x0000000000002784      0xdfe Output/Basic tutorial---hello world Release/Obj/nrf_log_backend_serial.o
 .debug_info    0x0000000000003582     0x1787 Output/Basic tutorial---hello world Release/Obj/nrf_log_backend_uart.o
 .debug_info    0x0000000000004d09      0x9d1 Output/Basic tutorial---hello world Release/Obj/nrf_log_default_backends.o
 .debug_info    0x00000000000056da     0x2583 Output/Basic tutorial---hello world Release/Obj/nrf_log_frontend.o
 .debug_info    0x0000000000007c5d      0xf68 Output/Basic tutorial---hello world Release/Obj/nrf_log_str_formatter.o
 .debug_info    0x0000000000008bc5      0x7e8 Output/Basic tutorial---hello world Release/Obj/app_error.o
 .debug_info    0x00000000000093ad      0xeb3 Output/Basic tutorial---hello world Release/Obj/nrf_memobj.o
 .debug_info    0x000000000000a260      0x772 Output/Basic tutorial---hello world Release/Obj/nrf_fprintf.o
 .debug_info    0x000000000000a9d2      0xb91 Output/Basic tutorial---hello world Release/Obj/nrf_fprintf_format.o
 .debug_info    0x000000000000b563      0xc1e Output/Basic tutorial---hello world Release/Obj/app_error_weak.o
 .debug_info    0x000000000000c181      0xeba Output/Basic tutorial---hello world Release/Obj/app_util_platform.o
 .debug_info    0x000000000000d03b      0xd9e Output/Basic tutorial---hello world Release/Obj/nrf_atomic.o
 .debug_info    0x000000000000ddd9      0xa84 Output/Basic tutorial---hello world Release/Obj/nrf_balloc.o
 .debug_info    0x000000000000e85d      0xb41 Output/Basic tutorial---hello world Release/Obj/nrf_ringbuf.o